Archive member included to satisfy reference by file (symbol)

C:/ST/STM32CubeIDE_2.1.1/STM32CubeIDE/plugins/com.st.stm32cube.ide.mcu.externaltools.gnu-tools-for-stm32.14.3.rel1.win32_1.0.100.202602081740/tools/bin/../lib/gcc/arm-none-eabi/14.3.1/../../../../arm-none-eabi/lib/thumb/v8-m.main+fp/hard\libc_nano.a(libc_a-exit.o)
                              C:/ST/STM32CubeIDE_2.1.1/STM32CubeIDE/plugins/com.st.stm32cube.ide.mcu.externaltools.gnu-tools-for-stm32.14.3.rel1.win32_1.0.100.202602081740/tools/bin/../lib/gcc/arm-none-eabi/14.3.1/../../../../arm-none-eabi/lib/thumb/v8-m.main+fp/hard/crt0.o (exit)
C:/ST/STM32CubeIDE_2.1.1/STM32CubeIDE/plugins/com.st.stm32cube.ide.mcu.externaltools.gnu-tools-for-stm32.14.3.rel1.win32_1.0.100.202602081740/tools/bin/../lib/gcc/arm-none-eabi/14.3.1/../../../../arm-none-eabi/lib/thumb/v8-m.main+fp/hard\libc_nano.a(libc_a-findfp.o)
                              C:/ST/STM32CubeIDE_2.1.1/STM32CubeIDE/plugins/com.st.stm32cube.ide.mcu.externaltools.gnu-tools-for-stm32.14.3.rel1.win32_1.0.100.202602081740/tools/bin/../lib/gcc/arm-none-eabi/14.3.1/../../../../arm-none-eabi/lib/thumb/v8-m.main+fp/hard\libc_nano.a(libc_a-exit.o) (__stdio_exit_handler)
C:/ST/STM32CubeIDE_2.1.1/STM32CubeIDE/plugins/com.st.stm32cube.ide.mcu.externaltools.gnu-tools-for-stm32.14.3.rel1.win32_1.0.100.202602081740/tools/bin/../lib/gcc/arm-none-eabi/14.3.1/../../../../arm-none-eabi/lib/thumb/v8-m.main+fp/hard\libc_nano.a(libc_a-fwalk.o)
                              C:/ST/STM32CubeIDE_2.1.1/STM32CubeIDE/plugins/com.st.stm32cube.ide.mcu.externaltools.gnu-tools-for-stm32.14.3.rel1.win32_1.0.100.202602081740/tools/bin/../lib/gcc/arm-none-eabi/14.3.1/../../../../arm-none-eabi/lib/thumb/v8-m.main+fp/hard\libc_nano.a(libc_a-findfp.o) (_fwalk_sglue)
C:/ST/STM32CubeIDE_2.1.1/STM32CubeIDE/plugins/com.st.stm32cube.ide.mcu.externaltools.gnu-tools-for-stm32.14.3.rel1.win32_1.0.100.202602081740/tools/bin/../lib/gcc/arm-none-eabi/14.3.1/../../../../arm-none-eabi/lib/thumb/v8-m.main+fp/hard\libc_nano.a(libc_a-printf.o)
                              ./Core/Src/main.o (printf)
C:/ST/STM32CubeIDE_2.1.1/STM32CubeIDE/plugins/com.st.stm32cube.ide.mcu.externaltools.gnu-tools-for-stm32.14.3.rel1.win32_1.0.100.202602081740/tools/bin/../lib/gcc/arm-none-eabi/14.3.1/../../../../arm-none-eabi/lib/thumb/v8-m.main+fp/hard\libc_nano.a(libc_a-puts.o)
                              ./Core/Src/main.o (puts)
C:/ST/STM32CubeIDE_2.1.1/STM32CubeIDE/plugins/com.st.stm32cube.ide.mcu.externaltools.gnu-tools-for-stm32.14.3.rel1.win32_1.0.100.202602081740/tools/bin/../lib/gcc/arm-none-eabi/14.3.1/../../../../arm-none-eabi/lib/thumb/v8-m.main+fp/hard\libc_nano.a(libc_a-stdio.o)
                              C:/ST/STM32CubeIDE_2.1.1/STM32CubeIDE/plugins/com.st.stm32cube.ide.mcu.externaltools.gnu-tools-for-stm32.14.3.rel1.win32_1.0.100.202602081740/tools/bin/../lib/gcc/arm-none-eabi/14.3.1/../../../../arm-none-eabi/lib/thumb/v8-m.main+fp/hard\libc_nano.a(libc_a-findfp.o) (__sread)
C:/ST/STM32CubeIDE_2.1.1/STM32CubeIDE/plugins/com.st.stm32cube.ide.mcu.externaltools.gnu-tools-for-stm32.14.3.rel1.win32_1.0.100.202602081740/tools/bin/../lib/gcc/arm-none-eabi/14.3.1/../../../../arm-none-eabi/lib/thumb/v8-m.main+fp/hard\libc_nano.a(libc_a-wbuf.o)
                              C:/ST/STM32CubeIDE_2.1.1/STM32CubeIDE/plugins/com.st.stm32cube.ide.mcu.externaltools.gnu-tools-for-stm32.14.3.rel1.win32_1.0.100.202602081740/tools/bin/../lib/gcc/arm-none-eabi/14.3.1/../../../../arm-none-eabi/lib/thumb/v8-m.main+fp/hard\libc_nano.a(libc_a-puts.o) (__swbuf_r)
C:/ST/STM32CubeIDE_2.1.1/STM32CubeIDE/plugins/com.st.stm32cube.ide.mcu.externaltools.gnu-tools-for-stm32.14.3.rel1.win32_1.0.100.202602081740/tools/bin/../lib/gcc/arm-none-eabi/14.3.1/../../../../arm-none-eabi/lib/thumb/v8-m.main+fp/hard\libc_nano.a(libc_a-wsetup.o)
                              C:/ST/STM32CubeIDE_2.1.1/STM32CubeIDE/plugins/com.st.stm32cube.ide.mcu.externaltools.gnu-tools-for-stm32.14.3.rel1.win32_1.0.100.202602081740/tools/bin/../lib/gcc/arm-none-eabi/14.3.1/../../../../arm-none-eabi/lib/thumb/v8-m.main+fp/hard\libc_nano.a(libc_a-puts.o) (__swsetup_r)
C:/ST/STM32CubeIDE_2.1.1/STM32CubeIDE/plugins/com.st.stm32cube.ide.mcu.externaltools.gnu-tools-for-stm32.14.3.rel1.win32_1.0.100.202602081740/tools/bin/../lib/gcc/arm-none-eabi/14.3.1/../../../../arm-none-eabi/lib/thumb/v8-m.main+fp/hard\libc_nano.a(libc_a-memset.o)
                              C:/ST/STM32CubeIDE_2.1.1/STM32CubeIDE/plugins/com.st.stm32cube.ide.mcu.externaltools.gnu-tools-for-stm32.14.3.rel1.win32_1.0.100.202602081740/tools/bin/../lib/gcc/arm-none-eabi/14.3.1/../../../../arm-none-eabi/lib/thumb/v8-m.main+fp/hard/crt0.o (memset)
C:/ST/STM32CubeIDE_2.1.1/STM32CubeIDE/plugins/com.st.stm32cube.ide.mcu.externaltools.gnu-tools-for-stm32.14.3.rel1.win32_1.0.100.202602081740/tools/bin/../lib/gcc/arm-none-eabi/14.3.1/../../../../arm-none-eabi/lib/thumb/v8-m.main+fp/hard\libc_nano.a(libc_a-closer.o)
[...]
Memory Configuration

Name             Origin             Length             Attributes
RAM              0x30000000         0x00018000         xrw
RAM2             0x30030000         0x00010000         xrw
FLASH            0x0c000000         0x0003e000         xr
FLASH_NSC        0x0c03e000         0x00002000         xr
*default*        0x00000000         0xffffffff

Linker script and memory map

LOAD C:/ST/STM32CubeIDE_2.1.1/STM32CubeIDE/plugins/com.st.stm32cube.ide.mcu.externaltools.gnu-tools-for-stm32.14.3.rel1.win32_1.0.100.202602081740/tools/bin/../lib/gcc/arm-none-eabi/14.3.1/thumb/v8-m.main+fp/hard/crti.o
LOAD C:/ST/STM32CubeIDE_2.1.1/STM32CubeIDE/plugins/com.st.stm32cube.ide.mcu.externaltools.gnu-tools-for-stm32.14.3.rel1.win32_1.0.100.202602081740/tools/bin/../lib/gcc/arm-none-eabi/14.3.1/thumb/v8-m.main+fp/hard/crtbegin.o
LOAD C:/ST/STM32CubeIDE_2.1.1/STM32CubeIDE/plugins/com.st.stm32cube.ide.mcu.externaltools.gnu-tools-for-stm32.14.3.rel1.win32_1.0.100.202602081740/tools/bin/../lib/gcc/arm-none-eabi/14.3.1/../../../../arm-none-eabi/lib/thumb/v8-m.main+fp/hard/crt0.o
LOAD ./Core/Src/main.o
LOAD ./Core/Src/secure_nsc.o
LOAD ./Core/Src/stm32l5xx_hal_msp.o
LOAD ./Core/Src/stm32l5xx_it.o
LOAD ./Core/Src/syscalls.o
LOAD ./Core/Src/sysmem.o
LOAD ./Core/Src/system_stm32l5xx_s.o
LOAD ./Core/Startup/startup_stm32l562qeixq.o
LOAD ./Drivers/STM32L5xx_HAL_Driver/stm32l5xx_hal.o
LOAD ./Drivers/STM32L5xx_HAL_Driver/stm32l5xx_hal_cortex.o
LOAD ./Drivers/STM32L5xx_HAL_Driver/stm32l5xx_hal_dma.o
LOAD ./Drivers/STM32L5xx_HAL_Driver/stm32l5xx_hal_dma_ex.o
LOAD ./Drivers/STM32L5xx_HAL_Driver/stm32l5xx_hal_exti.o
LOAD ./Drivers/STM32L5xx_HAL_Driver/stm32l5xx_hal_flash.o
LOAD ./Drivers/STM32L5xx_HAL_Driver/stm32l5xx_hal_flash_ex.o
LOAD ./Drivers/STM32L5xx_HAL_Driver/stm32l5xx_hal_flash_ramfunc.o
LOAD ./Drivers/STM32L5xx_HAL_Driver/stm32l5xx_hal_gpio.o
LOAD ./Drivers/STM32L5xx_HAL_Driver/stm32l5xx_hal_gtzc.o
LOAD ./Drivers/STM32L5xx_HAL_Driver/stm32l5xx_hal_hash.o
LOAD ./Drivers/STM32L5xx_HAL_Driver/stm32l5xx_hal_hash_ex.o
LOAD ./Drivers/STM32L5xx_HAL_Driver/stm32l5xx_hal_i2c.o
LOAD ./Drivers/STM32L5xx_HAL_Driver/stm32l5xx_hal_i2c_ex.o
LOAD ./Drivers/STM32L5xx_HAL_Driver/stm32l5xx_hal_icache.o
LOAD ./Drivers/STM32L5xx_HAL_Driver/stm32l5xx_hal_iwdg.o
LOAD ./Drivers/STM32L5xx_HAL_Driver/stm32l5xx_hal_ospi.o
LOAD ./Drivers/STM32L5xx_HAL_Driver/stm32l5xx_hal_pwr.o
LOAD ./Drivers/STM32L5xx_HAL_Driver/stm32l5xx_hal_pwr_ex.o
LOAD ./Drivers/STM32L5xx_HAL_Driver/stm32l5xx_hal_rcc.o
LOAD ./Drivers/STM32L5xx_HAL_Driver/stm32l5xx_hal_rcc_ex.o
LOAD ./Drivers/STM32L5xx_HAL_Driver/stm32l5xx_hal_tim.o
LOAD ./Drivers/STM32L5xx_HAL_Driver/stm32l5xx_hal_tim_ex.o
LOAD ./Drivers/STM32L5xx_HAL_Driver/stm32l5xx_hal_uart.o
LOAD ./Drivers/STM32L5xx_HAL_Driver/stm32l5xx_hal_uart_ex.o
LOAD ./Drivers/STM32L5xx_HAL_Driver/stm32l5xx_hal_wwdg.o
START GROUP
LOAD C:/ST/STM32CubeIDE_2.1.1/STM32CubeIDE/plugins/com.st.stm32cube.ide.mcu.externaltools.gnu-tools-for-stm32.14.3.rel1.win32_1.0.100.202602081740/tools/bin/../lib/gcc/arm-none-eabi/14.3.1/../../../../arm-none-eabi/lib/thumb/v8-m.main+fp/hard\libc_nano.a
LOAD C:/ST/STM32CubeIDE_2.1.1/STM32CubeIDE/plugins/com.st.stm32cube.ide.mcu.externaltools.gnu-tools-for-stm32.14.3.rel1.win32_1.0.100.202602081740/tools/bin/../lib/gcc/arm-none-eabi/14.3.1/../../../../arm-none-eabi/lib/thumb/v8-m.main+fp/hard\libm.a
END GROUP
START GROUP
LOAD C:/ST/STM32CubeIDE_2.1.1/STM32CubeIDE/plugins/com.st.stm32cube.ide.mcu.externaltools.gnu-tools-for-stm32.14.3.rel1.win32_1.0.100.202602081740/tools/bin/../lib/gcc/arm-none-eabi/14.3.1/thumb/v8-m.main+fp/hard\libgcc.a
LOAD C:/ST/STM32CubeIDE_2.1.1/STM32CubeIDE/plugins/com.st.stm32cube.ide.mcu.externaltools.gnu-tools-for-stm32.14.3.rel1.win32_1.0.100.202602081740/tools/bin/../lib/gcc/arm-none-eabi/14.3.1/../../../../arm-none-eabi/lib/thumb/v8-m.main+fp/hard\libc_nano.a
END GROUP
START GROUP
LOAD C:/ST/STM32CubeIDE_2.1.1/STM32CubeIDE/plugins/com.st.stm32cube.ide.mcu.externaltools.gnu-tools-for-stm32.14.3.rel1.win32_1.0.100.202602081740/tools/bin/../lib/gcc/arm-none-eabi/14.3.1/thumb/v8-m.main+fp/hard\libgcc.a
LOAD C:/ST/STM32CubeIDE_2.1.1/STM32CubeIDE/plugins/com.st.stm32cube.ide.mcu.externaltools.gnu-tools-for-stm32.14.3.rel1.win32_1.0.100.202602081740/tools/bin/../lib/gcc/arm-none-eabi/14.3.1/../../../../arm-none-eabi/lib/thumb/v8-m.main+fp/hard\libc_nano.a
LOAD C:/ST/STM32CubeIDE_2.1.1/STM32CubeIDE/plugins/com.st.stm32cube.ide.mcu.externaltools.gnu-tools-for-stm32.14.3.rel1.win32_1.0.100.202602081740/tools/bin/../lib/gcc/arm-none-eabi/14.3.1/../../../../arm-none-eabi/lib/thumb/v8-m.main+fp/hard\libnosys.a
END GROUP
START GROUP
LOAD C:/ST/STM32CubeIDE_2.1.1/STM32CubeIDE/plugins/com.st.stm32cube.ide.mcu.externaltools.gnu-tools-for-stm32.14.3.rel1.win32_1.0.100.202602081740/tools/bin/../lib/gcc/arm-none-eabi/14.3.1/thumb/v8-m.main+fp/hard\libgcc.a
LOAD C:/ST/STM32CubeIDE_2.1.1/STM32CubeIDE/plugins/com.st.stm32cube.ide.mcu.externaltools.gnu-tools-for-stm32.14.3.rel1.win32_1.0.100.202602081740/tools/bin/../lib/gcc/arm-none-eabi/14.3.1/../../../../arm-none-eabi/lib/thumb/v8-m.main+fp/hard\libc_nano.a
LOAD C:/ST/STM32CubeIDE_2.1.1/STM32CubeIDE/plugins/com.st.stm32cube.ide.mcu.externaltools.gnu-tools-for-stm32.14.3.rel1.win32_1.0.100.202602081740/tools/bin/../lib/gcc/arm-none-eabi/14.3.1/../../../../arm-none-eabi/lib/thumb/v8-m.main+fp/hard\libnosys.a
END GROUP
LOAD C:/ST/STM32CubeIDE_2.1.1/STM32CubeIDE/plugins/com.st.stm32cube.ide.mcu.externaltools.gnu-tools-for-stm32.14.3.rel1.win32_1.0.100.202602081740/tools/bin/../lib/gcc/arm-none-eabi/14.3.1/thumb/v8-m.main+fp/hard/crtend.o
LOAD C:/ST/STM32CubeIDE_2.1.1/STM32CubeIDE/plugins/com.st.stm32cube.ide.mcu.externaltools.gnu-tools-for-stm32.14.3.rel1.win32_1.0.100.202602081740/tools/bin/../lib/gcc/arm-none-eabi/14.3.1/thumb/v8-m.main+fp/hard/crtn.o
                0x30018000                        _estack = (ORIGIN (RAM) + LENGTH (RAM))
                0x00000200                        _Min_Heap_Size = 0x200
                0x00000400                        _Min_Stack_Size = 0x400

.isr_vector     0x0c000000      0x1f4
                0x0c000000                        . = ALIGN (0x4)
 *(.isr_vector)
 .isr_vector    0x0c000000      0x1f4 ./Core/Startup/startup_stm32l562qeixq.o
                0x0c000000                g_pfnVectors
                0x0c0001f4                        . = ALIGN (0x4)

.text           0x0c0001f4     0x7464
                0x0c0001f4                        . = ALIGN (0x4)
 *(.text)
 .text          0x0c0001f4       0x40 C:/ST/STM32CubeIDE_2.1.1/STM32CubeIDE/plugins/com.st.stm32cube.ide.mcu.externaltools.gnu-tools-for-stm32.14.3.rel1.win32_1.0.100.202602081740/tools/bin/../lib/gcc/arm-none-eabi/14.3.1/thumb/v8-m.main+fp/hard/crtbegin.o
 .text          0x0c000234       0xd8 C:/ST/STM32CubeIDE_2.1.1/STM32CubeIDE/plugins/com.st.stm32cube.ide.mcu.externaltools.gnu-tools-for-stm32.14.3.rel1.win32_1.0.100.202602081740/tools/bin/../lib/gcc/arm-none-eabi/14.3.1/thumb/v8-m.main+fp/hard\libgcc.a(cmse.o)
                0x0c000234                cmse_check_address_range
 .text          0x0c00030c       0x5c C:/ST/STM32CubeIDE_2.1.1/STM32CubeIDE/plugins/com.st.stm32cube.ide.mcu.externaltools.gnu-tools-for-stm32.14.3.rel1.win32_1.0.100.202602081740/tools/bin/../lib/gcc/arm-none-eabi/14.3.1/thumb/v8-m.main+fp/hard\libgcc.a(cmse_nonsecure_call.o)
                0x0c00030c                __gnu_cmse_nonsecure_call
 .text          0x0c000368       0x30 C:/ST/STM32CubeIDE_2.1.1/STM32CubeIDE/plugins/com.st.stm32cube.ide.mcu.externaltools.gnu-tools-for-stm32.14.3.rel1.win32_1.0.100.202602081740/tools/bin/../lib/gcc/arm-none-eabi/14.3.1/thumb/v8-m.main+fp/hard\libgcc.a(_aeabi_uldivmod.o)
                0x0c000368                __aeabi_uldivmod
 .text          0x0c000398      0x34c C:/ST/STM32CubeIDE_2.1.1/STM32CubeIDE/plugins/com.st.stm32cube.ide.mcu.externaltools.gnu-tools-for-stm32.14.3.rel1.win32_1.0.100.202602081740/tools/bin/../lib/gcc/arm-none-eabi/14.3.1/thumb/v8-m.main+fp/hard\libgcc.a(_udivmoddi4.o)
                0x0c000398                __udivmoddi4
 .text          0x0c0006e4        0x4 C:/ST/STM32CubeIDE_2.1.1/STM32CubeIDE/plugins/com.st.stm32cube.ide.mcu.externaltools.gnu-tools-for-stm32.14.3.rel1.win32_1.0.100.202602081740/tools/bin/../lib/gcc/arm-none-eabi/14.3.1/thumb/v8-m.main+fp/hard\libgcc.a(_dvmd_tls.o)
                0x0c0006e4                __aeabi_idiv0
                0x0c0006e4                __aeabi_ldiv0
 *(.text*)
 .text.main     0x0c0006e8       0x98 ./Core/Src/main.o
                0x0c0006e8                main
 .text.NonSecure_Init
                0x0c000780       0x88 ./Core/Src/main.o
 .text.SystemClock_Config
                0x0c000808       0xa2 ./Core/Src/main.o
                0x0c000808                SystemClock_Config
 *fill*         0x0c0008aa        0x2 
 .text.MX_GTZC_S_Init
                0x0c0008ac      0x140 ./Core/Src/main.o
 .text.MX_ICACHE_Init
                0x0c0009ec       0x26 ./Core/Src/main.o
 *fill*         0x0c000a12        0x2 
 .text.MX_USART1_UART_Init
                0x0c000a14       0x9c ./Core/Src/main.o
 .text.MX_DMA_Init
                0x0c000ab0      0x1a0 ./Core/Src/main.o
 .text.MX_GPIO_Init
                0x0c000c50       0x6c ./Core/Src/main.o
 .text.HAL_OSPI_MspInit
                0x0c000cbc      0x160 ./Core/Src/main.o
                0x0c000cbc                HAL_OSPI_MspInit
 .text.MX_OCTOSPI1_Init
                0x0c000e1c       0x7c ./Core/Src/main.o
 .text.OSPI_WriteEnable
                0x0c000e98       0xd2 ./Core/Src/main.o
 .text.OSPI_AutoPollingMemReady
                0x0c000f6a       0xa6 ./Core/Src/main.o
 .text.OSPI_OctalModeCfg
                0x0c001010      0x206 ./Core/Src/main.o
 .text.OSPI_SendCommandNoData
                0x0c001216       0x6e ./Core/Src/main.o
 .text.OSPI_ResetFlash
                0x0c001284       0x7e ./Core/Src/main.o
 *fill*         0x0c001302        0x2 
 .text.OSPI_Init
                0x0c001304       0x1c ./Core/Src/main.o
 .text.OSPI_EnableMemoryMapped
                0x0c001320       0xe0 ./Core/Src/main.o
 .text.OSPI_XIP_SelfTest
                0x0c001400      0x150 ./Core/Src/main.o
 .text.__io_putchar
                0x0c001550       0x24 ./Core/Src/main.o
                0x0c001550                __io_putchar
 .text.Error_Handler
                0x0c001574        0xc ./Core/Src/main.o
                0x0c001574                Error_Handler
 .text.SECURE_DMA_Fetch_NonSecure_Mem
                0x0c001580       0xcc ./Core/Src/secure_nsc.o
                0x0c001580                __acle_se_SECURE_DMA_Fetch_NonSecure_Mem
 .text.SECURE_DMA_NonSecure_Mem_Transfer
                0x0c00164c       0xec ./Core/Src/secure_nsc.o
                0x0c00164c                __acle_se_SECURE_DMA_NonSecure_Mem_Transfer
 .text.SECURE_DATA_Last_Buffer_Compare
                0x0c001738       0xf8 ./Core/Src/secure_nsc.o
                0x0c001738                __acle_se_SECURE_DATA_Last_Buffer_Compare
 .text.SECURE_print_Buffer
                0x0c001830       0xd8 ./Core/Src/secure_nsc.o
                0x0c001830                __acle_se_SECURE_print_Buffer
 .text.SECURE_print_Log
                0x0c001908       0x80 ./Core/Src/secure_nsc.o
                0x0c001908                __acle_se_SECURE_print_Log
 .text.SECURE_RegisterCallback
                0x0c001988       0xac ./Core/Src/secure_nsc.o
                0x0c001988                __acle_se_SECURE_RegisterCallback
 .text.NonSecureToSecureTransferComplete
                0x0c001a34       0x80 ./Core/Src/secure_nsc.o
                0x0c001a34                NonSecureToSecureTransferComplete
 .text.NonSecureToSecureTransferError
                0x0c001ab4       0x14 ./Core/Src/secure_nsc.o
                0x0c001ab4                NonSecureToSecureTransferError
 .text.NonSecureToNonSecureTransferComplete
                0x0c001ac8       0x80 ./Core/Src/secure_nsc.o
                0x0c001ac8                NonSecureToNonSecureTransferComplete
 .text.NonSecureToNonSecureTransferError
                0x0c001b48       0x14 ./Core/Src/secure_nsc.o
                0x0c001b48                NonSecureToNonSecureTransferError
 .text.HAL_MspInit
                0x0c001b5c       0x70 ./Core/Src/stm32l5xx_hal_msp.o
                0x0c001b5c                HAL_MspInit
 .text.HAL_UART_MspInit
                0x0c001bcc       0xbc ./Core/Src/stm32l5xx_hal_msp.o
                0x0c001bcc                HAL_UART_MspInit
 .text.NMI_Handler
                0x0c001c88        0x8 ./Core/Src/stm32l5xx_it.o
                0x0c001c88                NMI_Handler
 .text.HardFault_Handler
                0x0c001c90        0x8 ./Core/Src/stm32l5xx_it.o
                0x0c001c90                HardFault_Handler
 .text.MemManage_Handler
                0x0c001c98        0x8 ./Core/Src/stm32l5xx_it.o
                0x0c001c98                MemManage_Handler
 .text.BusFault_Handler
                0x0c001ca0        0x8 ./Core/Src/stm32l5xx_it.o
                0x0c001ca0                BusFault_Handler
 .text.UsageFault_Handler
                0x0c001ca8        0x8 ./Core/Src/stm32l5xx_it.o
                0x0c001ca8                UsageFault_Handler
 .text.SecureFault_Handler
                0x0c001cb0        0x8 ./Core/Src/stm32l5xx_it.o
                0x0c001cb0                SecureFault_Handler
 .text.SVC_Handler
                0x0c001cb8        0xe ./Core/Src/stm32l5xx_it.o
                0x0c001cb8                SVC_Handler
 .text.DebugMon_Handler
                0x0c001cc6        0xe ./Core/Src/stm32l5xx_it.o
                0x0c001cc6                DebugMon_Handler
 .text.PendSV_Handler
                0x0c001cd4        0xe ./Core/Src/stm32l5xx_it.o
                0x0c001cd4                PendSV_Handler
 .text.SysTick_Handler
                0x0c001ce2        0xc ./Core/Src/stm32l5xx_it.o
                0x0c001ce2                SysTick_Handler
 .text.GTZC_IRQHandler
                0x0c001cee        0xc ./Core/Src/stm32l5xx_it.o
                0x0c001cee                GTZC_IRQHandler
 *fill*         0x0c001cfa        0x2 
 .text.DMA1_Channel3_IRQHandler
                0x0c001cfc       0x14 ./Core/Src/stm32l5xx_it.o
                0x0c001cfc                DMA1_Channel3_IRQHandler
 .text.DMA1_Channel2_IRQHandler
                0x0c001d10       0x14 ./Core/Src/stm32l5xx_it.o
                0x0c001d10                DMA1_Channel2_IRQHandler
 .text._read    0x0c001d24       0x3a ./Core/Src/syscalls.o
                0x0c001d24                _read
 .text._write   0x0c001d5e       0x38 ./Core/Src/syscalls.o
                0x0c001d5e                _write
 .text._close   0x0c001d96       0x18 ./Core/Src/syscalls.o
                0x0c001d96                _close
 .text._fstat   0x0c001dae       0x20 ./Core/Src/syscalls.o
                0x0c001dae                _fstat
 .text._isatty  0x0c001dce       0x16 ./Core/Src/syscalls.o
                0x0c001dce                _isatty
 .text._lseek   0x0c001de4       0x1a ./Core/Src/syscalls.o
                0x0c001de4                _lseek
 *fill*         0x0c001dfe        0x2 
 .text._sbrk    0x0c001e00       0x6c ./Core/Src/sysmem.o
                0x0c001e00                _sbrk
 .text.TZ_SAU_Setup
                0x0c001e6c       0xfc ./Core/Src/system_stm32l5xx_s.o
 .text.SystemInit
                0x0c001f68       0x34 ./Core/Src/system_stm32l5xx_s.o
                0x0c001f68                SystemInit
 .text.SystemCoreClockUpdate
                0x0c001f9c      0x15c ./Core/Src/system_stm32l5xx_s.o
                0x0c001f9c                SystemCoreClockUpdate
 .text.SECURE_SystemCoreClockUpdate
                0x0c0020f8       0x80 ./Core/Src/system_stm32l5xx_s.o
                0x0c0020f8                __acle_se_SECURE_SystemCoreClockUpdate
 .text.Reset_Handler
                0x0c002178       0x50 ./Core/Startup/startup_stm32l562qeixq.o
                0x0c002178                Reset_Handler
 .text.Default_Handler
                0x0c0021c8        0x2 ./Core/Startup/startup_stm32l562qeixq.o
                0x0c0021c8                EXTI2_IRQHandler
                0x0c0021c8                TIM8_TRG_COM_IRQHandler
                0x0c0021c8                TIM8_CC_IRQHandler
                0x0c0021c8                EXTI5_IRQHandler
                0x0c0021c8                FLASH_S_IRQHandler
                0x0c0021c8                EXTI13_IRQHandler
                0x0c0021c8                TIM1_CC_IRQHandler
                0x0c0021c8                TSC_IRQHandler
                0x0c0021c8                TAMP_IRQHandler
                0x0c0021c8                TIM6_IRQHandler
                0x0c0021c8                EXTI12_IRQHandler
                0x0c0021c8                DMA2_Channel8_IRQHandler
                0x0c0021c8                EXTI3_IRQHandler
                0x0c0021c8                EXTI8_IRQHandler
                0x0c0021c8                LPTIM2_IRQHandler
                0x0c0021c8                DFSDM1_FLT1_IRQHandler
                0x0c0021c8                USB_FS_IRQHandler
                0x0c0021c8                I2C3_ER_IRQHandler
                0x0c0021c8                DFSDM1_FLT2_IRQHandler
                0x0c0021c8                DMAMUX1_IRQHandler
                0x0c0021c8                LPTIM3_IRQHandler
                0x0c0021c8                EXTI0_IRQHandler
                0x0c0021c8                I2C2_EV_IRQHandler
                0x0c0021c8                FPU_IRQHandler
                0x0c0021c8                FDCAN1_IT1_IRQHandler
                0x0c0021c8                ADC1_2_IRQHandler
                0x0c0021c8                SPI1_IRQHandler
                0x0c0021c8                OCTOSPI1_IRQHandler
                0x0c0021c8                TIM8_UP_IRQHandler
                0x0c0021c8                RCC_S_IRQHandler
                0x0c0021c8                DMA2_Channel2_IRQHandler
                0x0c0021c8                DMA1_Channel4_IRQHandler
                0x0c0021c8                SAI2_IRQHandler
                0x0c0021c8                DFSDM1_FLT3_IRQHandler
                0x0c0021c8                PKA_IRQHandler
                0x0c0021c8                EXTI15_IRQHandler
                0x0c0021c8                TIM17_IRQHandler
                0x0c0021c8                USART3_IRQHandler
                0x0c0021c8                RTC_IRQHandler
                0x0c0021c8                EXTI9_IRQHandler
                0x0c0021c8                DMA1_Channel7_IRQHandler
                0x0c0021c8                UART5_IRQHandler
                0x0c0021c8                TIM4_IRQHandler
                0x0c0021c8                DMA2_Channel1_IRQHandler
                0x0c0021c8                I2C1_EV_IRQHandler
                0x0c0021c8                DMA1_Channel6_IRQHandler
                0x0c0021c8                TIM16_IRQHandler
                0x0c0021c8                UART4_IRQHandler
                0x0c0021c8                DMA2_Channel4_IRQHandler
                0x0c0021c8                TIM3_IRQHandler
                0x0c0021c8                RCC_IRQHandler
                0x0c0021c8                TIM1_TRG_COM_IRQHandler
                0x0c0021c8                DMA1_Channel1_IRQHandler
                0x0c0021c8                Default_Handler
                0x0c0021c8                DMA2_Channel7_IRQHandler
                0x0c0021c8                OTFDEC1_IRQHandler
                0x0c0021c8                DMA1_Channel8_IRQHandler
                0x0c0021c8                TIM7_IRQHandler
                0x0c0021c8                SDMMC1_IRQHandler
                0x0c0021c8                TIM5_IRQHandler
                0x0c0021c8                UCPD1_IRQHandler
                0x0c0021c8                TIM15_IRQHandler
                0x0c0021c8                I2C3_EV_IRQHandler
                0x0c0021c8                PVD_PVM_IRQHandler
                0x0c0021c8                SPI2_IRQHandler
                0x0c0021c8                EXTI14_IRQHandler
                0x0c0021c8                EXTI11_IRQHandler
                0x0c0021c8                DMA2_Channel5_IRQHandler
                0x0c0021c8                CRS_IRQHandler
                0x0c0021c8                DMA1_Channel5_IRQHandler
                0x0c0021c8                EXTI4_IRQHandler
                0x0c0021c8                RTC_S_IRQHandler
                0x0c0021c8                RNG_IRQHandler
                0x0c0021c8                DMAMUX1_S_IRQHandler
                0x0c0021c8                COMP_IRQHandler
                0x0c0021c8                TIM1_UP_IRQHandler
                0x0c0021c8                WWDG_IRQHandler
                0x0c0021c8                I2C4_EV_IRQHandler
                0x0c0021c8                LPUART1_IRQHandler
                0x0c0021c8                DMA2_Channel6_IRQHandler
                0x0c0021c8                FDCAN1_IT0_IRQHandler
                0x0c0021c8                TIM2_IRQHandler
                0x0c0021c8                TAMP_S_IRQHandler
                0x0c0021c8                EXTI7_IRQHandler
                0x0c0021c8                TIM1_BRK_IRQHandler
                0x0c0021c8                DAC_IRQHandler
                0x0c0021c8                EXTI1_IRQHandler
                0x0c0021c8                AES_IRQHandler
                0x0c0021c8                USART2_IRQHandler
                0x0c0021c8                DFSDM1_FLT0_IRQHandler
                0x0c0021c8                I2C2_ER_IRQHandler
                0x0c0021c8                TIM8_BRK_IRQHandler
                0x0c0021c8                FLASH_IRQHandler
                0x0c0021c8                USART1_IRQHandler
                0x0c0021c8                EXTI10_IRQHandler
                0x0c0021c8                SPI3_IRQHandler
                0x0c0021c8                I2C1_ER_IRQHandler
                0x0c0021c8                FMC_IRQHandler
                0x0c0021c8                EXTI6_IRQHandler
                0x0c0021c8                LPTIM1_IRQHandler
                0x0c0021c8                I2C4_ER_IRQHandler
                0x0c0021c8                ICACHE_IRQHandler
                0x0c0021c8                SAI1_IRQHandler
                0x0c0021c8                HASH_IRQHandler
                0x0c0021c8                DMA2_Channel3_IRQHandler
 .text.HAL_Init
                0x0c0021ca       0x34 ./Drivers/STM32L5xx_HAL_Driver/stm32l5xx_hal.o
                0x0c0021ca                HAL_Init
 *fill*         0x0c0021fe        0x2 
 .text.HAL_InitTick
                0x0c002200       0x78 ./Drivers/STM32L5xx_HAL_Driver/stm32l5xx_hal.o
                0x0c002200                HAL_InitTick
 .text.HAL_IncTick
                0x0c002278       0x28 ./Drivers/STM32L5xx_HAL_Driver/stm32l5xx_hal.o
                0x0c002278                HAL_IncTick
 .text.HAL_GetTick
                0x0c0022a0       0x18 ./Drivers/STM32L5xx_HAL_Driver/stm32l5xx_hal.o
                0x0c0022a0                HAL_GetTick
 .text.HAL_Delay
                0x0c0022b8       0x48 ./Drivers/STM32L5xx_HAL_Driver/stm32l5xx_hal.o
                0x0c0022b8                HAL_Delay
 .text.HAL_SuspendTick
                0x0c002300       0x20 ./Drivers/STM32L5xx_HAL_Driver/stm32l5xx_hal.o
                0x0c002300                HAL_SuspendTick
 .text.__NVIC_SetPriorityGrouping
                0x0c002320       0x48 ./Drivers/STM32L5xx_HAL_Driver/stm32l5xx_hal_cortex.o
 .text.__NVIC_GetPriorityGrouping
                0x0c002368       0x1c ./Drivers/STM32L5xx_HAL_Driver/stm32l5xx_hal_cortex.o
 .text.__NVIC_EnableIRQ
                0x0c002384       0x3c ./Drivers/STM32L5xx_HAL_Driver/stm32l5xx_hal_cortex.o
 .text.__NVIC_SetPriority
                0x0c0023c0       0x54 ./Drivers/STM32L5xx_HAL_Driver/stm32l5xx_hal_cortex.o
 .text.NVIC_EncodePriority
                0x0c002414       0x66 ./Drivers/STM32L5xx_HAL_Driver/stm32l5xx_hal_cortex.o
 *fill*         0x0c00247a        0x2 
 .text.SysTick_Config
                0x0c00247c       0x44 ./Drivers/STM32L5xx_HAL_Driver/stm32l5xx_hal_cortex.o
 .text.HAL_NVIC_SetPriorityGrouping
                0x0c0024c0       0x16 ./Drivers/STM32L5xx_HAL_Driver/stm32l5xx_hal_cortex.o
                0x0c0024c0                HAL_NVIC_SetPriorityGrouping
 .text.HAL_NVIC_SetPriority
                0x0c0024d6       0x34 ./Drivers/STM32L5xx_HAL_Driver/stm32l5xx_hal_cortex.o
                0x0c0024d6                HAL_NVIC_SetPriority
 .text.HAL_NVIC_EnableIRQ
                0x0c00250a       0x1c ./Drivers/STM32L5xx_HAL_Driver/stm32l5xx_hal_cortex.o
                0x0c00250a                HAL_NVIC_EnableIRQ
 .text.HAL_SYSTICK_Config
                0x0c002526       0x18 ./Drivers/STM32L5xx_HAL_Driver/stm32l5xx_hal_cortex.o
                0x0c002526                HAL_SYSTICK_Config
 *fill*         0x0c00253e        0x2 
 .text.HAL_DMA_Init
                0x0c002540      0x150 ./Drivers/STM32L5xx_HAL_Driver/stm32l5xx_hal_dma.o
                0x0c002540                HAL_DMA_Init
 .text.HAL_DMA_Start_IT
                0x0c002690       0xf6 ./Drivers/STM32L5xx_HAL_Driver/stm32l5xx_hal_dma.o
                0x0c002690                HAL_DMA_Start_IT
 .text.HAL_DMA_IRQHandler
                0x0c002786      0x200 ./Drivers/STM32L5xx_HAL_Driver/stm32l5xx_hal_dma.o
                0x0c002786                HAL_DMA_IRQHandler
 *fill*         0x0c002986        0x2 
 .text.HAL_DMA_RegisterCallback
                0x0c002988       0xa8 ./Drivers/STM32L5xx_HAL_Driver/stm32l5xx_hal_dma.o
                0x0c002988                HAL_DMA_RegisterCallback
 .text.HAL_DMA_ConfigChannelAttributes
                0x0c002a30      0x110 ./Drivers/STM32L5xx_HAL_Driver/stm32l5xx_hal_dma.o
                0x0c002a30                HAL_DMA_ConfigChannelAttributes
 .text.DMA_SetConfig
                0x0c002b40       0x7c ./Drivers/STM32L5xx_HAL_Driver/stm32l5xx_hal_dma.o
 .text.DMA_CalcDMAMUXChannelBaseAndMask
                0x0c002bbc       0x7c ./Drivers/STM32L5xx_HAL_Driver/stm32l5xx_hal_dma.o
 .text.DMA_CalcDMAMUXRequestGenBaseAndMask
                0x0c002c38       0x48 ./Drivers/STM32L5xx_HAL_Driver/stm32l5xx_hal_dma.o
 .text.HAL_GPIO_Init
                0x0c002c80      0x300 ./Drivers/STM32L5xx_HAL_Driver/stm32l5xx_hal_gpio.o
                0x0c002c80                HAL_GPIO_Init
 .text.HAL_GPIO_ConfigPinAttributes
                0x0c002f80       0x70 ./Drivers/STM32L5xx_HAL_Driver/stm32l5xx_hal_gpio.o
                0x0c002f80                HAL_GPIO_ConfigPinAttributes
 .text.HAL_GTZC_TZSC_ConfigPeriphAttributes
                0x0c002ff0      0x1b0 ./Drivers/STM32L5xx_HAL_Driver/stm32l5xx_hal_gtzc.o
                0x0c002ff0                HAL_GTZC_TZSC_ConfigPeriphAttributes
 .text.HAL_GTZC_TZSC_MPCWM_ConfigMemAttributes
                0x0c0031a0      0x180 ./Drivers/STM32L5xx_HAL_Driver/stm32l5xx_hal_gtzc.o
                0x0c0031a0                HAL_GTZC_TZSC_MPCWM_ConfigMemAttributes
 .text.HAL_GTZC_MPCBB_ConfigMem
                0x0c003320      0x108 ./Drivers/STM32L5xx_HAL_Driver/stm32l5xx_hal_gtzc.o
                0x0c003320                HAL_GTZC_MPCBB_ConfigMem
 .text.HAL_GTZC_IRQHandler
                0x0c003428      0x108 ./Drivers/STM32L5xx_HAL_Driver/stm32l5xx_hal_gtzc.o
                0x0c003428                HAL_GTZC_IRQHandler
 .text.HAL_GTZC_TZIC_Callback
                0x0c003530       0x14 ./Drivers/STM32L5xx_HAL_Driver/stm32l5xx_hal_gtzc.o
                0x0c003530                HAL_GTZC_TZIC_Callback
 .text.HAL_ICACHE_ConfigAssociativityMode
                0x0c003544       0x40 ./Drivers/STM32L5xx_HAL_Driver/stm32l5xx_hal_icache.o
                0x0c003544                HAL_ICACHE_ConfigAssociativityMode
 .text.HAL_ICACHE_Enable
                0x0c003584       0x20 ./Drivers/STM32L5xx_HAL_Driver/stm32l5xx_hal_icache.o
                0x0c003584                HAL_ICACHE_Enable
 .text.HAL_OSPI_Init
                0x0c0035a4      0x174 ./Drivers/STM32L5xx_HAL_Driver/stm32l5xx_hal_ospi.o
                0x0c0035a4                HAL_OSPI_Init
 .text.HAL_OSPI_Command
                0x0c003718      0x11a ./Drivers/STM32L5xx_HAL_Driver/stm32l5xx_hal_ospi.o
                0x0c003718                HAL_OSPI_Command
 .text.HAL_OSPI_Transmit
                0x0c003832       0xe6 ./Drivers/STM32L5xx_HAL_Driver/stm32l5xx_hal_ospi.o
                0x0c003832                HAL_OSPI_Transmit
 .text.HAL_OSPI_AutoPolling
                0x0c003918      0x10e ./Drivers/STM32L5xx_HAL_Driver/stm32l5xx_hal_ospi.o
                0x0c003918                HAL_OSPI_AutoPolling
 .text.HAL_OSPI_MemoryMapped
                0x0c003a26       0x9a ./Drivers/STM32L5xx_HAL_Driver/stm32l5xx_hal_ospi.o
                0x0c003a26                HAL_OSPI_MemoryMapped
 .text.HAL_OSPI_SetTimeout
                0x0c003ac0       0x1e ./Drivers/STM32L5xx_HAL_Driver/stm32l5xx_hal_ospi.o
                0x0c003ac0                HAL_OSPI_SetTimeout
 .text.OSPI_WaitFlagStateUntilTimeout
                0x0c003ade       0x6e ./Drivers/STM32L5xx_HAL_Driver/stm32l5xx_hal_ospi.o
 .text.OSPI_ConfigCmd
                0x0c003b4c      0x2f4 ./Drivers/STM32L5xx_HAL_Driver/stm32l5xx_hal_ospi.o
 .text.HAL_PWREx_GetVoltageRange
                0x0c003e40       0x1c ./Drivers/STM32L5xx_HAL_Driver/stm32l5xx_hal_pwr_ex.o
                0x0c003e40                HAL_PWREx_GetVoltageRange
 .text.HAL_PWREx_ControlVoltageScaling
                0x0c003e5c       0xb8 ./Drivers/STM32L5xx_HAL_Driver/stm32l5xx_hal_pwr_ex.o
                0x0c003e5c                HAL_PWREx_ControlVoltageScaling
 .text.HAL_PWREx_DisableUCPDDeadBattery
                0x0c003f14       0x20 ./Drivers/STM32L5xx_HAL_Driver/stm32l5xx_hal_pwr_ex.o
                0x0c003f14                HAL_PWREx_DisableUCPDDeadBattery
 .text.HAL_PWREx_SMPS_GetEffectiveMode
                0x0c003f34       0x48 ./Drivers/STM32L5xx_HAL_Driver/stm32l5xx_hal_pwr_ex.o
                0x0c003f34                HAL_PWREx_SMPS_GetEffectiveMode
 .text.HAL_RCC_OscConfig
                0x0c003f7c      0x9ac ./Drivers/STM32L5xx_HAL_Driver/stm32l5xx_hal_rcc.o
                0x0c003f7c                HAL_RCC_OscConfig
 .text.HAL_RCC_ClockConfig
                0x0c004928      0x270 ./Drivers/STM32L5xx_HAL_Driver/stm32l5xx_hal_rcc.o
                0x0c004928                HAL_RCC_ClockConfig
 .text.HAL_RCC_GetSysClockFreq
                0x0c004b98      0x13c ./Drivers/STM32L5xx_HAL_Driver/stm32l5xx_hal_rcc.o
                0x0c004b98                HAL_RCC_GetSysClockFreq
 .text.HAL_RCC_GetHCLKFreq
                0x0c004cd4       0x28 ./Drivers/STM32L5xx_HAL_Driver/stm32l5xx_hal_rcc.o
                0x0c004cd4                HAL_RCC_GetHCLKFreq
 .text.HAL_RCC_GetPCLK1Freq
                0x0c004cfc       0x28 ./Drivers/STM32L5xx_HAL_Driver/stm32l5xx_hal_rcc.o
                0x0c004cfc                HAL_RCC_GetPCLK1Freq
 .text.HAL_RCC_GetPCLK2Freq
                0x0c004d24       0x28 ./Drivers/STM32L5xx_HAL_Driver/stm32l5xx_hal_rcc.o
                0x0c004d24                HAL_RCC_GetPCLK2Freq
 .text.RCC_SetFlashLatencyFromMSIRange
                0x0c004d4c       0xc8 ./Drivers/STM32L5xx_HAL_Driver/stm32l5xx_hal_rcc.o
 .text.RCC_GetSysClockFreqFromPLLSource
                0x0c004e14       0xdc ./Drivers/STM32L5xx_HAL_Driver/stm32l5xx_hal_rcc.o
 .text.HAL_RCCEx_PeriphCLKConfig
                0x0c004ef0      0x708 ./Drivers/STM32L5xx_HAL_Driver/stm32l5xx_hal_rcc_ex.o
                0x0c004ef0                HAL_RCCEx_PeriphCLKConfig
 .text.RCCEx_PLLSAI1_Config
                0x0c0055f8      0x1cc ./Drivers/STM32L5xx_HAL_Driver/stm32l5xx_hal_rcc_ex.o
 .text.RCCEx_PLLSAI2_Config
                0x0c0057c4      0x158 ./Drivers/STM32L5xx_HAL_Driver/stm32l5xx_hal_rcc_ex.o
 .text.HAL_UART_Init
                0x0c00591c       0xa0 ./Drivers/STM32L5xx_HAL_Driver/stm32l5xx_hal_uart.o
                0x0c00591c                HAL_UART_Init
 .text.HAL_UART_Transmit
                0x0c0059bc      0x11c ./Drivers/STM32L5xx_HAL_Driver/stm32l5xx_hal_uart.o
                0x0c0059bc                HAL_UART_Transmit
 .text.UART_SetConfig
                0x0c005ad8      0x5fc ./Drivers/STM32L5xx_HAL_Driver/stm32l5xx_hal_uart.o
                0x0c005ad8                UART_SetConfig
 .text.UART_AdvFeatureConfig
                0x0c0060d4      0x144 ./Drivers/STM32L5xx_HAL_Driver/stm32l5xx_hal_uart.o
                0x0c0060d4                UART_AdvFeatureConfig
 .text.UART_CheckIdleState
                0x0c006218      0x154 ./Drivers/STM32L5xx_HAL_Driver/stm32l5xx_hal_uart.o
                0x0c006218                UART_CheckIdleState
 .text.UART_WaitOnFlagUntilTimeout
                0x0c00636c       0xce ./Drivers/STM32L5xx_HAL_Driver/stm32l5xx_hal_uart.o
                0x0c00636c                UART_WaitOnFlagUntilTimeout
 .text.UART_EndRxTransfer
                0x0c00643a       0xcc ./Drivers/STM32L5xx_HAL_Driver/stm32l5xx_hal_uart.o
 .text.HAL_UARTEx_DisableFifoMode
                0x0c006506       0x72 ./Drivers/STM32L5xx_HAL_Driver/stm32l5xx_hal_uart_ex.o
                0x0c006506                HAL_UARTEx_DisableFifoMode
 .text.HAL_UARTEx_SetTxFifoThreshold
                0x0c006578       0x7c ./Drivers/STM32L5xx_HAL_Driver/stm32l5xx_hal_uart_ex.o
                0x0c006578                HAL_UARTEx_SetTxFifoThreshold
 .text.HAL_UARTEx_SetRxFifoThreshold
                0x0c0065f4       0x7c ./Drivers/STM32L5xx_HAL_Driver/stm32l5xx_hal_uart_ex.o
                0x0c0065f4                HAL_UARTEx_SetRxFifoThreshold
 .text.UARTEx_SetNbDataToProcess
                0x0c006670       0x9c ./Drivers/STM32L5xx_HAL_Driver/stm32l5xx_hal_uart_ex.o
 .text.std      0x0c00670c       0x6c C:/ST/STM32CubeIDE_2.1.1/STM32CubeIDE/plugins/com.st.stm32cube.ide.mcu.externaltools.gnu-tools-for-stm32.14.3.rel1.win32_1.0.100.202602081740/tools/bin/../lib/gcc/arm-none-eabi/14.3.1/../../../../arm-none-eabi/lib/thumb/v8-m.main+fp/hard\libc_nano.a(libc_a-findfp.o)
 .text.stdio_exit_handler
                0x0c006778       0x18 C:/ST/STM32CubeIDE_2.1.1/STM32CubeIDE/plugins/com.st.stm32cube.ide.mcu.externaltools.gnu-tools-for-stm32.14.3.rel1.win32_1.0.100.202602081740/tools/bin/../lib/gcc/arm-none-eabi/14.3.1/../../../../arm-none-eabi/lib/thumb/v8-m.main+fp/hard\libc_nano.a(libc_a-findfp.o)
 .text.cleanup_stdio
                0x0c006790       0x40 C:/ST/STM32CubeIDE_2.1.1/STM32CubeIDE/plugins/com.st.stm32cube.ide.mcu.externaltools.gnu-tools-for-stm32.14.3.rel1.win32_1.0.100.202602081740/tools/bin/../lib/gcc/arm-none-eabi/14.3.1/../../../../arm-none-eabi/lib/thumb/v8-m.main+fp/hard\libc_nano.a(libc_a-findfp.o)
 .text.global_stdio_init.part.0
                0x0c0067d0       0x40 C:/ST/STM32CubeIDE_2.1.1/STM32CubeIDE/plugins/com.st.stm32cube.ide.mcu.externaltools.gnu-tools-for-stm32.14.3.rel1.win32_1.0.100.202602081740/tools/bin/../lib/gcc/arm-none-eabi/14.3.1/../../../../arm-none-eabi/lib/thumb/v8-m.main+fp/hard\libc_nano.a(libc_a-findfp.o)
 .text.__sfp_lock_acquire
                0x0c006810        0xc C:/ST/STM32CubeIDE_2.1.1/STM32CubeIDE/plugins/com.st.stm32cube.ide.mcu.externaltools.gnu-tools-for-stm32.14.3.rel1.win32_1.0.100.202602081740/tools/bin/../lib/gcc/arm-none-eabi/14.3.1/../../../../arm-none-eabi/lib/thumb/v8-m.main+fp/hard\libc_nano.a(libc_a-findfp.o)
                0x0c006810                __sfp_lock_acquire
 .text.__sfp_lock_release
                0x0c00681c        0xc C:/ST/STM32CubeIDE_2.1.1/STM32CubeIDE/plugins/com.st.stm32cube.ide.mcu.externaltools.gnu-tools-for-stm32.14.3.rel1.win32_1.0.100.202602081740/tools/bin/../lib/gcc/arm-none-eabi/14.3.1/../../../../arm-none-eabi/lib/thumb/v8-m.main+fp/hard\libc_nano.a(libc_a-findfp.o)
                0x0c00681c                __sfp_lock_release
 .text.__sinit  0x0c006828       0x30 C:/ST/STM32CubeIDE_2.1.1/STM32CubeIDE/plugins/com.st.stm32cube.ide.mcu.externaltools.gnu-tools-for-stm32.14.3.rel1.win32_1.0.100.202602081740/tools/bin/../lib/gcc/arm-none-eabi/14.3.1/../../../../arm-none-eabi/lib/thumb/v8-m.main+fp/hard\libc_nano.a(libc_a-findfp.o)
                0x0c006828                __sinit
 .text._fwalk_sglue
                0x0c006858       0x3c C:/ST/STM32CubeIDE_2.1.1/STM32CubeIDE/plugins/com.st.stm32cube.ide.mcu.externaltools.gnu-tools-for-stm32.14.3.rel1.win32_1.0.100.202602081740/tools/bin/../lib/gcc/arm-none-eabi/14.3.1/../../../../arm-none-eabi/lib/thumb/v8-m.main+fp/hard\libc_nano.a(libc_a-fwalk.o)
                0x0c006858                _fwalk_sglue
 .text.printf   0x0c006894       0x24 C:/ST/STM32CubeIDE_2.1.1/STM32CubeIDE/plugins/com.st.stm32cube.ide.mcu.externaltools.gnu-tools-for-stm32.14.3.rel1.win32_1.0.100.202602081740/tools/bin/../lib/gcc/arm-none-eabi/14.3.1/../../../../arm-none-eabi/lib/thumb/v8-m.main+fp/hard\libc_nano.a(libc_a-printf.o)
                0x0c006894                iprintf
                0x0c006894                printf
 .text._puts_r  0x0c0068b8       0xaa C:/ST/STM32CubeIDE_2.1.1/STM32CubeIDE/plugins/com.st.stm32cube.ide.mcu.externaltools.gnu-tools-for-stm32.14.3.rel1.win32_1.0.100.202602081740/tools/bin/../lib/gcc/arm-none-eabi/14.3.1/../../../../arm-none-eabi/lib/thumb/v8-m.main+fp/hard\libc_nano.a(libc_a-puts.o)
                0x0c0068b8                _puts_r
 *fill*         0x0c006962        0x2 
 .text.puts     0x0c006964       0x10 C:/ST/STM32CubeIDE_2.1.1/STM32CubeIDE/plugins/com.st.stm32cube.ide.mcu.externaltools.gnu-tools-for-stm32.14.3.rel1.win32_1.0.100.202602081740/tools/bin/../lib/gcc/arm-none-eabi/14.3.1/../../../../arm-none-eabi/lib/thumb/v8-m.main+fp/hard\libc_nano.a(libc_a-puts.o)
                0x0c006964                puts
 .text.__sread  0x0c006974       0x22 C:/ST/STM32CubeIDE_2.1.1/STM32CubeIDE/plugins/com.st.stm32cube.ide.mcu.externaltools.gnu-tools-for-stm32.14.3.rel1.win32_1.0.100.202602081740/tools/bin/../lib/gcc/arm-none-eabi/14.3.1/../../../../arm-none-eabi/lib/thumb/v8-m.main+fp/hard\libc_nano.a(libc_a-stdio.o)
                0x0c006974                __sread
 .text.__swrite
                0x0c006996       0x38 C:/ST/STM32CubeIDE_2.1.1/STM32CubeIDE/plugins/com.st.stm32cube.ide.mcu.externaltools.gnu-tools-for-stm32.14.3.rel1.win32_1.0.100.202602081740/tools/bin/../lib/gcc/arm-none-eabi/14.3.1/../../../../arm-none-eabi/lib/thumb/v8-m.main+fp/hard\libc_nano.a(libc_a-stdio.o)
                0x0c006996                __swrite
 .text.__sseek  0x0c0069ce       0x26 C:/ST/STM32CubeIDE_2.1.1/STM32CubeIDE/plugins/com.st.stm32cube.ide.mcu.externaltools.gnu-tools-for-stm32.14.3.rel1.win32_1.0.100.202602081740/tools/bin/../lib/gcc/arm-none-eabi/14.3.1/../../../../arm-none-eabi/lib/thumb/v8-m.main+fp/hard\libc_nano.a(libc_a-stdio.o)
                0x0c0069ce                __sseek
 .text.__sclose
                0x0c0069f4        0x8 C:/ST/STM32CubeIDE_2.1.1/STM32CubeIDE/plugins/com.st.stm32cube.ide.mcu.externaltools.gnu-tools-for-stm32.14.3.rel1.win32_1.0.100.202602081740/tools/bin/../lib/gcc/arm-none-eabi/14.3.1/../../../../arm-none-eabi/lib/thumb/v8-m.main+fp/hard\libc_nano.a(libc_a-stdio.o)
                0x0c0069f4                __sclose
 .text.__swbuf_r
                0x0c0069fc       0x7c C:/ST/STM32CubeIDE_2.1.1/STM32CubeIDE/plugins/com.st.stm32cube.ide.mcu.externaltools.gnu-tools-for-stm32.14.3.rel1.win32_1.0.100.202602081740/tools/bin/../lib/gcc/arm-none-eabi/14.3.1/../../../../arm-none-eabi/lib/thumb/v8-m.main+fp/hard\libc_nano.a(libc_a-wbuf.o)
                0x0c0069fc                __swbuf_r
 .text.__swsetup_r
                0x0c006a78       0xa8 C:/ST/STM32CubeIDE_2.1.1/STM32CubeIDE/plugins/com.st.stm32cube.ide.mcu.externaltools.gnu-tools-for-stm32.14.3.rel1.win32_1.0.100.202602081740/tools/bin/../lib/gcc/arm-none-eabi/14.3.1/../../../../arm-none-eabi/lib/thumb/v8-m.main+fp/hard\libc_nano.a(libc_a-wsetup.o)
                0x0c006a78                __swsetup_r
 .text.memset   0x0c006b20       0x10 C:/ST/STM32CubeIDE_2.1.1/STM32CubeIDE/plugins/com.st.stm32cube.ide.mcu.externaltools.gnu-tools-for-stm32.14.3.rel1.win32_1.0.100.202602081740/tools/bin/../lib/gcc/arm-none-eabi/14.3.1/../../../../arm-none-eabi/lib/thumb/v8-m.main+fp/hard\libc_nano.a(libc_a-memset.o)
                0x0c006b20                memset
 .text._close_r
                0x0c006b30       0x20 C:/ST/STM32CubeIDE_2.1.1/STM32CubeIDE/plugins/com.st.stm32cube.ide.mcu.externaltools.gnu-tools-for-stm32.14.3.rel1.win32_1.0.100.202602081740/tools/bin/../lib/gcc/arm-none-eabi/14.3.1/../../../../arm-none-eabi/lib/thumb/v8-m.main+fp/hard\libc_nano.a(libc_a-closer.o)
                0x0c006b30                _close_r
 .text._lseek_r
                0x0c006b50       0x24 C:/ST/STM32CubeIDE_2.1.1/STM32CubeIDE/plugins/com.st.stm32cube.ide.mcu.externaltools.gnu-tools-for-stm32.14.3.rel1.win32_1.0.100.202602081740/tools/bin/../lib/gcc/arm-none-eabi/14.3.1/../../../../arm-none-eabi/lib/thumb/v8-m.main+fp/hard\libc_nano.a(libc_a-lseekr.o)
                0x0c006b50                _lseek_r
 .text._read_r  0x0c006b74       0x24 C:/ST/STM32CubeIDE_2.1.1/STM32CubeIDE/plugins/com.st.stm32cube.ide.mcu.externaltools.gnu-tools-for-stm32.14.3.rel1.win32_1.0.100.202602081740/tools/bin/../lib/gcc/arm-none-eabi/14.3.1/../../../../arm-none-eabi/lib/thumb/v8-m.main+fp/hard\libc_nano.a(libc_a-readr.o)
                0x0c006b74                _read_r
 .text._write_r
                0x0c006b98       0x24 C:/ST/STM32CubeIDE_2.1.1/STM32CubeIDE/plugins/com.st.stm32cube.ide.mcu.externaltools.gnu-tools-for-stm32.14.3.rel1.win32_1.0.100.202602081740/tools/bin/../lib/gcc/arm-none-eabi/14.3.1/../../../../arm-none-eabi/lib/thumb/v8-m.main+fp/hard\libc_nano.a(libc_a-writer.o)
                0x0c006b98                _write_r
 .text.__errno  0x0c006bbc        0xc C:/ST/STM32CubeIDE_2.1.1/STM32CubeIDE/plugins/com.st.stm32cube.ide.mcu.externaltools.gnu-tools-for-stm32.14.3.rel1.win32_1.0.100.202602081740/tools/bin/../lib/gcc/arm-none-eabi/14.3.1/../../../../arm-none-eabi/lib/thumb/v8-m.main+fp/hard\libc_nano.a(libc_a-errno.o)
                0x0c006bbc                __errno
 .text.__libc_init_array
                0x0c006bc8       0x48 C:/ST/STM32CubeIDE_2.1.1/STM32CubeIDE/plugins/com.st.stm32cube.ide.mcu.externaltools.gnu-tools-for-stm32.14.3.rel1.win32_1.0.100.202602081740/tools/bin/../lib/gcc/arm-none-eabi/14.3.1/../../../../arm-none-eabi/lib/thumb/v8-m.main+fp/hard\libc_nano.a(libc_a-init.o)
                0x0c006bc8                __libc_init_array
 .text.__retarget_lock_init_recursive
                0x0c006c10        0x2 C:/ST/STM32CubeIDE_2.1.1/STM32CubeIDE/plugins/com.st.stm32cube.ide.mcu.externaltools.gnu-tools-for-stm32.14.3.rel1.win32_1.0.100.202602081740/tools/bin/../lib/gcc/arm-none-eabi/14.3.1/../../../../arm-none-eabi/lib/thumb/v8-m.main+fp/hard\libc_nano.a(libc_a-lock.o)
                0x0c006c10                __retarget_lock_init_recursive
 .text.__retarget_lock_acquire_recursive
                0x0c006c12        0x2 C:/ST/STM32CubeIDE_2.1.1/STM32CubeIDE/plugins/com.st.stm32cube.ide.mcu.externaltools.gnu-tools-for-stm32.14.3.rel1.win32_1.0.100.202602081740/tools/bin/../lib/gcc/arm-none-eabi/14.3.1/../../../../arm-none-eabi/lib/thumb/v8-m.main+fp/hard\libc_nano.a(libc_a-lock.o)
                0x0c006c12                __retarget_lock_acquire_recursive
 .text.__retarget_lock_release_recursive
                0x0c006c14        0x2 C:/ST/STM32CubeIDE_2.1.1/STM32CubeIDE/plugins/com.st.stm32cube.ide.mcu.externaltools.gnu-tools-for-stm32.14.3.rel1.win32_1.0.100.202602081740/tools/bin/../lib/gcc/arm-none-eabi/14.3.1/../../../../arm-none-eabi/lib/thumb/v8-m.main+fp/hard\libc_nano.a(libc_a-lock.o)
                0x0c006c14                __retarget_lock_release_recursive
 *fill*         0x0c006c16        0x2 
 .text._free_r  0x0c006c18       0x94 C:/ST/STM32CubeIDE_2.1.1/STM32CubeIDE/plugins/com.st.stm32cube.ide.mcu.externaltools.gnu-tools-for-stm32.14.3.rel1.win32_1.0.100.202602081740/tools/bin/../lib/gcc/arm-none-eabi/14.3.1/../../../../arm-none-eabi/lib/thumb/v8-m.main+fp/hard\libc_nano.a(libc_a-freer.o)
                0x0c006c18                _free_r
 .text.sbrk_aligned
                0x0c006cac       0x44 C:/ST/STM32CubeIDE_2.1.1/STM32CubeIDE/plugins/com.st.stm32cube.ide.mcu.externaltools.gnu-tools-for-stm32.14.3.rel1.win32_1.0.100.202602081740/tools/bin/../lib/gcc/arm-none-eabi/14.3.1/../../../../arm-none-eabi/lib/thumb/v8-m.main+fp/hard\libc_nano.a(libc_a-mallocr.o)
 .text._malloc_r
                0x0c006cf0      0x100 C:/ST/STM32CubeIDE_2.1.1/STM32CubeIDE/plugins/com.st.stm32cube.ide.mcu.externaltools.gnu-tools-for-stm32.14.3.rel1.win32_1.0.100.202602081740/tools/bin/../lib/gcc/arm-none-eabi/14.3.1/../../../../arm-none-eabi/lib/thumb/v8-m.main+fp/hard\libc_nano.a(libc_a-mallocr.o)
                0x0c006cf0                _malloc_r
 .text.__malloc_lock
                0x0c006df0        0xc C:/ST/STM32CubeIDE_2.1.1/STM32CubeIDE/plugins/com.st.stm32cube.ide.mcu.externaltools.gnu-tools-for-stm32.14.3.rel1.win32_1.0.100.202602081740/tools/bin/../lib/gcc/arm-none-eabi/14.3.1/../../../../arm-none-eabi/lib/thumb/v8-m.main+fp/hard\libc_nano.a(libc_a-mlock.o)
                0x0c006df0                __malloc_lock
 .text.__malloc_unlock
                0x0c006dfc        0xc C:/ST/STM32CubeIDE_2.1.1/STM32CubeIDE/plugins/com.st.stm32cube.ide.mcu.externaltools.gnu-tools-for-stm32.14.3.rel1.win32_1.0.100.202602081740/tools/bin/../lib/gcc/arm-none-eabi/14.3.1/../../../../arm-none-eabi/lib/thumb/v8-m.main+fp/hard\libc_nano.a(libc_a-mlock.o)
                0x0c006dfc                __malloc_unlock
 .text.__sfputc_r
                0x0c006e08       0x2e C:/ST/STM32CubeIDE_2.1.1/STM32CubeIDE/plugins/com.st.stm32cube.ide.mcu.externaltools.gnu-tools-for-stm32.14.3.rel1.win32_1.0.100.202602081740/tools/bin/../lib/gcc/arm-none-eabi/14.3.1/../../../../arm-none-eabi/lib/thumb/v8-m.main+fp/hard\libc_nano.a(libc_a-nano-vfprintf.o)
 .text.__sfputs_r
                0x0c006e36       0x24 C:/ST/STM32CubeIDE_2.1.1/STM32CubeIDE/plugins/com.st.stm32cube.ide.mcu.externaltools.gnu-tools-for-stm32.14.3.rel1.win32_1.0.100.202602081740/tools/bin/../lib/gcc/arm-none-eabi/14.3.1/../../../../arm-none-eabi/lib/thumb/v8-m.main+fp/hard\libc_nano.a(libc_a-nano-vfprintf.o)
                0x0c006e36                __sfputs_r
 *fill*         0x0c006e5a        0x2 
 .text._vfprintf_r
                0x0c006e5c      0x228 C:/ST/STM32CubeIDE_2.1.1/STM32CubeIDE/plugins/com.st.stm32cube.ide.mcu.externaltools.gnu-tools-for-stm32.14.3.rel1.win32_1.0.100.202602081740/tools/bin/../lib/gcc/arm-none-eabi/14.3.1/../../../../arm-none-eabi/lib/thumb/v8-m.main+fp/hard\libc_nano.a(libc_a-nano-vfprintf.o)
                0x0c006e5c                _vfprintf_r
                0x0c006e5c                _vfiprintf_r
 .text._printf_common
                0x0c007084       0xe4 C:/ST/STM32CubeIDE_2.1.1/STM32CubeIDE/plugins/com.st.stm32cube.ide.mcu.externaltools.gnu-tools-for-stm32.14.3.rel1.win32_1.0.100.202602081740/tools/bin/../lib/gcc/arm-none-eabi/14.3.1/../../../../arm-none-eabi/lib/thumb/v8-m.main+fp/hard\libc_nano.a(libc_a-nano-vfprintf_i.o)
                0x0c007084                _printf_common
 .text._printf_i
                0x0c007168      0x24c C:/ST/STM32CubeIDE_2.1.1/STM32CubeIDE/plugins/com.st.stm32cube.ide.mcu.externaltools.gnu-tools-for-stm32.14.3.rel1.win32_1.0.100.202602081740/tools/bin/../lib/gcc/arm-none-eabi/14.3.1/../../../../arm-none-eabi/lib/thumb/v8-m.main+fp/hard\libc_nano.a(libc_a-nano-vfprintf_i.o)
                0x0c007168                _printf_i
 .text.__sflush_r
                0x0c0073b4      0x100 C:/ST/STM32CubeIDE_2.1.1/STM32CubeIDE/plugins/com.st.stm32cube.ide.mcu.externaltools.gnu-tools-for-stm32.14.3.rel1.win32_1.0.100.202602081740/tools/bin/../lib/gcc/arm-none-eabi/14.3.1/../../../../arm-none-eabi/lib/thumb/v8-m.main+fp/hard\libc_nano.a(libc_a-fflush.o)
                0x0c0073b4                __sflush_r
 .text._fflush_r
                0x0c0074b4       0x50 C:/ST/STM32CubeIDE_2.1.1/STM32CubeIDE/plugins/com.st.stm32cube.ide.mcu.externaltools.gnu-tools-for-stm32.14.3.rel1.win32_1.0.100.202602081740/tools/bin/../lib/gcc/arm-none-eabi/14.3.1/../../../../arm-none-eabi/lib/thumb/v8-m.main+fp/hard\libc_nano.a(libc_a-fflush.o)
                0x0c0074b4                _fflush_r
 .text.__swhatbuf_r
                0x0c007504       0x48 C:/ST/STM32CubeIDE_2.1.1/STM32CubeIDE/plugins/com.st.stm32cube.ide.mcu.externaltools.gnu-tools-for-stm32.14.3.rel1.win32_1.0.100.202602081740/tools/bin/../lib/gcc/arm-none-eabi/14.3.1/../../../../arm-none-eabi/lib/thumb/v8-m.main+fp/hard\libc_nano.a(libc_a-makebuf.o)
                0x0c007504                __swhatbuf_r
 .text.__smakebuf_r
                0x0c00754c       0x72 C:/ST/STM32CubeIDE_2.1.1/STM32CubeIDE/plugins/com.st.stm32cube.ide.mcu.externaltools.gnu-tools-for-stm32.14.3.rel1.win32_1.0.100.202602081740/tools/bin/../lib/gcc/arm-none-eabi/14.3.1/../../../../arm-none-eabi/lib/thumb/v8-m.main+fp/hard\libc_nano.a(libc_a-makebuf.o)
                0x0c00754c                __smakebuf_r
 *fill*         0x0c0075be        0x2 
 .text._fstat_r
                0x0c0075c0       0x24 C:/ST/STM32CubeIDE_2.1.1/STM32CubeIDE/plugins/com.st.stm32cube.ide.mcu.externaltools.gnu-tools-for-stm32.14.3.rel1.win32_1.0.100.202602081740/tools/bin/../lib/gcc/arm-none-eabi/14.3.1/../../../../arm-none-eabi/lib/thumb/v8-m.main+fp/hard\libc_nano.a(libc_a-fstatr.o)
                0x0c0075c0                _fstat_r
 .text._isatty_r
                0x0c0075e4       0x20 C:/ST/STM32CubeIDE_2.1.1/STM32CubeIDE/plugins/com.st.stm32cube.ide.mcu.externaltools.gnu-tools-for-stm32.14.3.rel1.win32_1.0.100.202602081740/tools/bin/../lib/gcc/arm-none-eabi/14.3.1/../../../../arm-none-eabi/lib/thumb/v8-m.main+fp/hard\libc_nano.a(libc_a-isattyr.o)
                0x0c0075e4                _isatty_r
 .text._sbrk_r  0x0c007604       0x20 C:/ST/STM32CubeIDE_2.1.1/STM32CubeIDE/plugins/com.st.stm32cube.ide.mcu.externaltools.gnu-tools-for-stm32.14.3.rel1.win32_1.0.100.202602081740/tools/bin/../lib/gcc/arm-none-eabi/14.3.1/../../../../arm-none-eabi/lib/thumb/v8-m.main+fp/hard\libc_nano.a(libc_a-sbrkr.o)
                0x0c007604                _sbrk_r
 .text.memchr   0x0c007624       0x1c C:/ST/STM32CubeIDE_2.1.1/STM32CubeIDE/plugins/com.st.stm32cube.ide.mcu.externaltools.gnu-tools-for-stm32.14.3.rel1.win32_1.0.100.202602081740/tools/bin/../lib/gcc/arm-none-eabi/14.3.1/../../../../arm-none-eabi/lib/thumb/v8-m.main+fp/hard\libc_nano.a(libc_a-memchr-stub.o)
                0x0c007624                memchr
 *(.glue_7)
 .glue_7        0x0c007640        0x0 linker stubs
 *(.glue_7t)
 .glue_7t       0x0c007640        0x0 linker stubs
 *(.eh_frame)
 .eh_frame      0x0c007640        0x0 C:/ST/STM32CubeIDE_2.1.1/STM32CubeIDE/plugins/com.st.stm32cube.ide.mcu.externaltools.gnu-tools-for-stm32.14.3.rel1.win32_1.0.100.202602081740/tools/bin/../lib/gcc/arm-none-eabi/14.3.1/thumb/v8-m.main+fp/hard/crtbegin.o
 *(.init)
 .init          0x0c007640        0x4 C:/ST/STM32CubeIDE_2.1.1/STM32CubeIDE/plugins/com.st.stm32cube.ide.mcu.externaltools.gnu-tools-for-stm32.14.3.rel1.win32_1.0.100.202602081740/tools/bin/../lib/gcc/arm-none-eabi/14.3.1/thumb/v8-m.main+fp/hard/crti.o
                0x0c007640                _init
 .init          0x0c007644        0x8 C:/ST/STM32CubeIDE_2.1.1/STM32CubeIDE/plugins/com.st.stm32cube.ide.mcu.externaltools.gnu-tools-for-stm32.14.3.rel1.win32_1.0.100.202602081740/tools/bin/../lib/gcc/arm-none-eabi/14.3.1/thumb/v8-m.main+fp/hard/crtn.o
 *(.fini)
 .fini          0x0c00764c        0x4 C:/ST/STM32CubeIDE_2.1.1/STM32CubeIDE/plugins/com.st.stm32cube.ide.mcu.externaltools.gnu-tools-for-stm32.14.3.rel1.win32_1.0.100.202602081740/tools/bin/../lib/gcc/arm-none-eabi/14.3.1/thumb/v8-m.main+fp/hard/crti.o
                0x0c00764c                _fini
 .fini          0x0c007650        0x8 C:/ST/STM32CubeIDE_2.1.1/STM32CubeIDE/plugins/com.st.stm32cube.ide.mcu.externaltools.gnu-tools-for-stm32.14.3.rel1.win32_1.0.100.202602081740/tools/bin/../lib/gcc/arm-none-eabi/14.3.1/thumb/v8-m.main+fp/hard/crtn.o
                0x0c007658                        . = ALIGN (0x4)
                0x0c007658                        _etext = .

.vfp11_veneer   0x0c007658        0x0
 .vfp11_veneer  0x0c007658        0x0 linker stubs

.v4_bx          0x0c007658        0x0
 .v4_bx         0x0c007658        0x0 linker stubs

.iplt           0x0c007658        0x0
 .iplt          0x0c007658        0x0 C:/ST/STM32CubeIDE_2.1.1/STM32CubeIDE/plugins/com.st.stm32cube.ide.mcu.externaltools.gnu-tools-for-stm32.14.3.rel1.win32_1.0.100.202602081740/tools/bin/../lib/gcc/arm-none-eabi/14.3.1/thumb/v8-m.main+fp/hard/crtbegin.o

.rodata         0x0c007658      0x348
                0x0c007658                        . = ALIGN (0x4)
 *(.rodata)
 .rodata        0x0c007658       0xef ./Core/Src/main.o
 *fill*         0x0c007747        0x1 
 .rodata        0x0c007748      0x192 ./Core/Src/secure_nsc.o
 *(.rodata*)
 *fill*         0x0c0078da        0x2 
 .rodata.OSPI_Test_Pattern
                0x0c0078dc       0x10 ./Core/Src/main.o
 .rodata.AHBPrescTable
                0x0c0078ec       0x10 ./Core/Src/system_stm32l5xx_s.o
                0x0c0078ec                AHBPrescTable
 .rodata.APBPrescTable
                0x0c0078fc        0x8 ./Core/Src/system_stm32l5xx_s.o
                0x0c0078fc                APBPrescTable
 .rodata.MSIRangeTable
                0x0c007904       0x40 ./Core/Src/system_stm32l5xx_s.o
                0x0c007904                MSIRangeTable
 .rodata.UARTPrescTable
                0x0c007944       0x18 ./Drivers/STM32L5xx_HAL_Driver/stm32l5xx_hal_uart.o
                0x0c007944                UARTPrescTable
 .rodata.numerator.1
                0x0c00795c        0x8 ./Drivers/STM32L5xx_HAL_Driver/stm32l5xx_hal_uart_ex.o
 .rodata.denominator.0
                0x0c007964        0x8 ./Drivers/STM32L5xx_HAL_Driver/stm32l5xx_hal_uart_ex.o
 .rodata._vfprintf_r.str1.1
                0x0c00796c       0x33 C:/ST/STM32CubeIDE_2.1.1/STM32CubeIDE/plugins/com.st.stm32cube.ide.mcu.externaltools.gnu-tools-for-stm32.14.3.rel1.win32_1.0.100.202602081740/tools/bin/../lib/gcc/arm-none-eabi/14.3.1/../../../../arm-none-eabi/lib/thumb/v8-m.main+fp/hard\libc_nano.a(libc_a-nano-vfprintf.o)
                                 0x11 (size before relaxing)
 .rodata._printf_i.str1.1
                0x0c00799f       0x22 C:/ST/STM32CubeIDE_2.1.1/STM32CubeIDE/plugins/com.st.stm32cube.ide.mcu.externaltools.gnu-tools-for-stm32.14.3.rel1.win32_1.0.100.202602081740/tools/bin/../lib/gcc/arm-none-eabi/14.3.1/../../../../arm-none-eabi/lib/thumb/v8-m.main+fp/hard\libc_nano.a(libc_a-nano-vfprintf_i.o)
                0x0c0079c4                        . = ALIGN (0x4)
 *fill*         0x0c00799f        0x1 

.ARM.extab      0x0c0079a0        0x0
                0x0c0079a0                        . = ALIGN (0x4)
 *(.ARM.extab* .gnu.linkonce.armextab.*)
                0x0c0079a0                        . = ALIGN (0x4)

.ARM            0x0c0079a0        0x8
                0x0c0079a0                        . = ALIGN (0x4)
                0x0c0079a0                        __exidx_start = .
 *(.ARM.exidx*)
 .ARM.exidx     0x0c0079a0        0x8 C:/ST/STM32CubeIDE_2.1.1/STM32CubeIDE/plugins/com.st.stm32cube.ide.mcu.externaltools.gnu-tools-for-stm32.14.3.rel1.win32_1.0.100.202602081740/tools/bin/../lib/gcc/arm-none-eabi/14.3.1/thumb/v8-m.main+fp/hard\libgcc.a(_udivmoddi4.o)
                0x0c0079a8                        __exidx_end = .
                0x0c0079a8                        . = ALIGN (0x4)

.rel.dyn        0x0c0079a8        0x0
 .rel.iplt      0x0c0079a8        0x0 C:/ST/STM32CubeIDE_2.1.1/STM32CubeIDE/plugins/com.st.stm32cube.ide.mcu.externaltools.gnu-tools-for-stm32.14.3.rel1.win32_1.0.100.202602081740/tools/bin/../lib/gcc/arm-none-eabi/14.3.1/thumb/v8-m.main+fp/hard/crtbegin.o

.preinit_array  0x0c0079a8        0x0
                0x0c0079a8                        . = ALIGN (0x4)
                0x0c0079a8                        PROVIDE (__preinit_array_start = .)
 *(.preinit_array*)
                0x0c0079a8                        PROVIDE (__preinit_array_end = .)
                0x0c0079a8                        . = ALIGN (0x4)

.init_array     0x0c0079a8        0x4
                0x0c0079a8                        . = ALIGN (0x4)
                0x0c0079a8                        PROVIDE (__init_array_start = .)
 *(SORT_BY_NAME(.init_array.*))
 *(.init_array*)
 .init_array    0x0c0079a8        0x4 C:/ST/STM32CubeIDE_2.1.1/STM32CubeIDE/plugins/com.st.stm32cube.ide.mcu.externaltools.gnu-tools-for-stm32.14.3.rel1.win32_1.0.100.202602081740/tools/bin/../lib/gcc/arm-none-eabi/14.3.1/thumb/v8-m.main+fp/hard/crtbegin.o
                0x0c0079ac                        PROVIDE (__init_array_end = .)
                0x0c0079ac                        . = ALIGN (0x4)

.fini_array     0x0c0079ac        0x4
                0x0c0079ac                        . = ALIGN (0x4)
                [!provide]                        PROVIDE (__fini_array_start = .)
 *(SORT_BY_NAME(.fini_array.*))
 *(.fini_array*)
 .fini_array    0x0c0079ac        0x4 C:/ST/STM32CubeIDE_2.1.1/STM32CubeIDE/plugins/com.st.stm32cube.ide.mcu.externaltools.gnu-tools-for-stm32.14.3.rel1.win32_1.0.100.202602081740/tools/bin/../lib/gcc/arm-none-eabi/14.3.1/thumb/v8-m.main+fp/hard/crtbegin.o
                [!provide]                        PROVIDE (__fini_array_end = .)
                0x0c0079b0                        . = ALIGN (0x4)
                0x0c0079b0                        _sidata = LOADADDR (.data)

.data           0x30000000       0x68 load address 0x0c0079b0
                0x30000000                        . = ALIGN (0x4)
                0x30000000                        _sdata = .
 *(.data)
 *(.data*)
 .data.SystemCoreClock
                0x30000000        0x4 ./Core/Src/system_stm32l5xx_s.o
                0x30000000                SystemCoreClock
 .data.uwTickPrio
                0x30000004        0x4 ./Drivers/STM32L5xx_HAL_Driver/stm32l5xx_hal.o
                0x30000004                uwTickPrio
 .data.uwTickFreq
                0x30000008        0x1 ./Drivers/STM32L5xx_HAL_Driver/stm32l5xx_hal.o
                0x30000008                uwTickFreq
 *fill*         0x30000009        0x3 
 .data.__sglue  0x3000000c        0xc C:/ST/STM32CubeIDE_2.1.1/STM32CubeIDE/plugins/com.st.stm32cube.ide.mcu.externaltools.gnu-tools-for-stm32.14.3.rel1.win32_1.0.100.202602081740/tools/bin/../lib/gcc/arm-none-eabi/14.3.1/../../../../arm-none-eabi/lib/thumb/v8-m.main+fp/hard\libc_nano.a(libc_a-findfp.o)
                0x3000000c                __sglue
 .data._impure_ptr
                0x30000018        0x4 C:/ST/STM32CubeIDE_2.1.1/STM32CubeIDE/plugins/com.st.stm32cube.ide.mcu.externaltools.gnu-tools-for-stm32.14.3.rel1.win32_1.0.100.202602081740/tools/bin/../lib/gcc/arm-none-eabi/14.3.1/../../../../arm-none-eabi/lib/thumb/v8-m.main+fp/hard\libc_nano.a(libc_a-impure.o)
                0x30000018                _impure_ptr
 .data._impure_data
                0x3000001c       0x4c C:/ST/STM32CubeIDE_2.1.1/STM32CubeIDE/plugins/com.st.stm32cube.ide.mcu.externaltools.gnu-tools-for-stm32.14.3.rel1.win32_1.0.100.202602081740/tools/bin/../lib/gcc/arm-none-eabi/14.3.1/../../../../arm-none-eabi/lib/thumb/v8-m.main+fp/hard\libc_nano.a(libc_a-impure.o)
                0x3000001c                _impure_data
 *(.RamFunc)
 *(.RamFunc*)
                0x30000068                        . = ALIGN (0x4)
                0x30000068                        _edata = .

.igot.plt       0x30000068        0x0 load address 0x0c007a18
 .igot.plt      0x30000068        0x0 C:/ST/STM32CubeIDE_2.1.1/STM32CubeIDE/plugins/com.st.stm32cube.ide.mcu.externaltools.gnu-tools-for-stm32.14.3.rel1.win32_1.0.100.202602081740/tools/bin/../lib/gcc/arm-none-eabi/14.3.1/thumb/v8-m.main+fp/hard/crtbegin.o

.gnu.sgstubs    0x0c03e000       0x40
                0x0c03e000                        . = ALIGN (0x4)
 *(.gnu.sgstubs*)
                0x0c03e000                        . = ALIGN (0x4)
 .gnu.sgstubs.__stub
                0x0c03e000       0x38 linker stubs
                0x0c03e000                SECURE_print_Buffer
                0x0c03e008                SECURE_SystemCoreClockUpdate
                0x0c03e010                SECURE_DMA_NonSecure_Mem_Transfer
                0x0c03e018                SECURE_RegisterCallback
                0x0c03e020                SECURE_DMA_Fetch_NonSecure_Mem
                0x0c03e028                SECURE_DATA_Last_Buffer_Compare
                0x0c03e030                SECURE_print_Log
                0x0c03e038                        . = ALIGN (0x4)

.bss            0x30000068      0x73c
                0x30000068                        _sbss = .
                0x30000068                        __bss_start__ = _sbss
 *(.bss)
 .bss           0x30000068       0x1c C:/ST/STM32CubeIDE_2.1.1/STM32CubeIDE/plugins/com.st.stm32cube.ide.mcu.externaltools.gnu-tools-for-stm32.14.3.rel1.win32_1.0.100.202602081740/tools/bin/../lib/gcc/arm-none-eabi/14.3.1/thumb/v8-m.main+fp/hard/crtbegin.o
 *(.bss*)
 .bss.huart1    0x30000084       0x94 ./Core/Src/main.o
                0x30000084                huart1
 .bss.hdma_memtomem_dma1_channel3
                0x30000118       0x68 ./Core/Src/main.o
                0x30000118                hdma_memtomem_dma1_channel3
 .bss.hdma_memtomem_dma1_channel2
                0x30000180       0x68 ./Core/Src/main.o
                0x30000180                hdma_memtomem_dma1_channel2
 .bss.SEC_Mem_Buffer
                0x300001e8      0x400 ./Core/Src/main.o
                0x300001e8                SEC_Mem_Buffer
 .bss.hospi1    0x300005e8       0x58 ./Core/Src/main.o
                0x300005e8                hospi1
 .bss.pSecureFaultCallback
                0x30000640        0x4 ./Core/Src/secure_nsc.o
                0x30000640                pSecureFaultCallback
 .bss.pSecureErrorCallback
                0x30000644        0x4 ./Core/Src/secure_nsc.o
                0x30000644                pSecureErrorCallback
 .bss.pNonSecureToSecureTransferCompleteCallback
                0x30000648        0x4 ./Core/Src/secure_nsc.o
                0x30000648                pNonSecureToSecureTransferCompleteCallback
 .bss.pNonSecureToNonSecureTransferCompleteCallback
                0x3000064c        0x4 ./Core/Src/secure_nsc.o
                0x3000064c                pNonSecureToNonSecureTransferCompleteCallback
 .bss.__sbrk_heap_end
                0x30000650        0x4 ./Core/Src/sysmem.o
 .bss.uwTick    0x30000654        0x4 ./Drivers/STM32L5xx_HAL_Driver/stm32l5xx_hal.o
                0x30000654                uwTick
 .bss.__sf      0x30000658      0x138 C:/ST/STM32CubeIDE_2.1.1/STM32CubeIDE/plugins/com.st.stm32cube.ide.mcu.externaltools.gnu-tools-for-stm32.14.3.rel1.win32_1.0.100.202602081740/tools/bin/../lib/gcc/arm-none-eabi/14.3.1/../../../../arm-none-eabi/lib/thumb/v8-m.main+fp/hard\libc_nano.a(libc_a-findfp.o)
                0x30000658                __sf
 .bss.__stdio_exit_handler
                0x30000790        0x4 C:/ST/STM32CubeIDE_2.1.1/STM32CubeIDE/plugins/com.st.stm32cube.ide.mcu.externaltools.gnu-tools-for-stm32.14.3.rel1.win32_1.0.100.202602081740/tools/bin/../lib/gcc/arm-none-eabi/14.3.1/../../../../arm-none-eabi/lib/thumb/v8-m.main+fp/hard\libc_nano.a(libc_a-findfp.o)
                0x30000790                __stdio_exit_handler
 .bss.errno     0x30000794        0x4 C:/ST/STM32CubeIDE_2.1.1/STM32CubeIDE/plugins/com.st.stm32cube.ide.mcu.externaltools.gnu-tools-for-stm32.14.3.rel1.win32_1.0.100.202602081740/tools/bin/../lib/gcc/arm-none-eabi/14.3.1/../../../../arm-none-eabi/lib/thumb/v8-m.main+fp/hard\libc_nano.a(libc_a-reent.o)
                0x30000794                errno
 .bss.__lock___malloc_recursive_mutex
                0x30000798        0x1 C:/ST/STM32CubeIDE_2.1.1/STM32CubeIDE/plugins/com.st.stm32cube.ide.mcu.externaltools.gnu-tools-for-stm32.14.3.rel1.win32_1.0.100.202602081740/tools/bin/../lib/gcc/arm-none-eabi/14.3.1/../../../../arm-none-eabi/lib/thumb/v8-m.main+fp/hard\libc_nano.a(libc_a-lock.o)
                0x30000798                __lock___malloc_recursive_mutex
 .bss.__lock___sfp_recursive_mutex
                0x30000799        0x1 C:/ST/STM32CubeIDE_2.1.1/STM32CubeIDE/plugins/com.st.stm32cube.ide.mcu.externaltools.gnu-tools-for-stm32.14.3.rel1.win32_1.0.100.202602081740/tools/bin/../lib/gcc/arm-none-eabi/14.3.1/../../../../arm-none-eabi/lib/thumb/v8-m.main+fp/hard\libc_nano.a(libc_a-lock.o)
                0x30000799                __lock___sfp_recursive_mutex
 *fill*         0x3000079a        0x2 
 .bss.__malloc_sbrk_start
                0x3000079c        0x4 C:/ST/STM32CubeIDE_2.1.1/STM32CubeIDE/plugins/com.st.stm32cube.ide.mcu.externaltools.gnu-tools-for-stm32.14.3.rel1.win32_1.0.100.202602081740/tools/bin/../lib/gcc/arm-none-eabi/14.3.1/../../../../arm-none-eabi/lib/thumb/v8-m.main+fp/hard\libc_nano.a(libc_a-mallocr.o)
                0x3000079c                __malloc_sbrk_start
 .bss.__malloc_free_list
                0x300007a0        0x4 C:/ST/STM32CubeIDE_2.1.1/STM32CubeIDE/plugins/com.st.stm32cube.ide.mcu.externaltools.gnu-tools-for-stm32.14.3.rel1.win32_1.0.100.202602081740/tools/bin/../lib/gcc/arm-none-eabi/14.3.1/../../../../arm-none-eabi/lib/thumb/v8-m.main+fp/hard\libc_nano.a(libc_a-mallocr.o)
                0x300007a0                __malloc_free_list
 *(COMMON)
                0x300007a4                        . = ALIGN (0x4)
                0x300007a4                        _ebss = .
                0x300007a4                        __bss_end__ = _ebss

._user_heap_stack
                0x300007a4      0x604
                0x300007a8                        . = ALIGN (0x8)
 *fill*         0x300007a4        0x4 
                [!provide]                        PROVIDE (end = .)
                0x300007a8                        PROVIDE (_end = .)
                0x300009a8                        . = (. + _Min_Heap_Size)
 *fill*         0x300007a8      0x200 
                0x30000da8                        . = (. + _Min_Stack_Size)
 *fill*         0x300009a8      0x400 
                0x30000da8                        . = ALIGN (0x8)

/DISCARD/
 libc.a(*)
 libm.a(*)
 libgcc.a(*)

.ARM.attributes
                0x00000000       0x36
 *(.ARM.attributes)
 .ARM.attributes
                0x00000000       0x26 C:/ST/STM32CubeIDE_2.1.1/STM32CubeIDE/plugins/com.st.stm32cube.ide.mcu.externaltools.gnu-tools-for-stm32.14.3.rel1.win32_1.0.100.202602081740/tools/bin/../lib/gcc/arm-none-eabi/14.3.1/thumb/v8-m.main+fp/hard/crti.o
 .ARM.attributes
                0x00000026       0x38 C:/ST/STM32CubeIDE_2.1.1/STM32CubeIDE/plugins/com.st.stm32cube.ide.mcu.externaltools.gnu-tools-for-stm32.14.3.rel1.win32_1.0.100.202602081740/tools/bin/../lib/gcc/arm-none-eabi/14.3.1/thumb/v8-m.main+fp/hard/crtbegin.o
 .ARM.attributes
                0x0000005e       0x3a ./Core/Src/main.o
 .ARM.attributes
                0x00000098       0x3a ./Core/Src/secure_nsc.o
 .ARM.attributes
                0x000000d2       0x3a ./Core/Src/stm32l5xx_hal_msp.o
 .ARM.attributes
                0x0000010c       0x3a ./Core/Src/stm32l5xx_it.o
 .ARM.attributes
                0x00000146       0x3a ./Core/Src/syscalls.o
 .ARM.attributes
                0x00000180       0x3a ./Core/Src/sysmem.o
 .ARM.attributes
                0x000001ba       0x3a ./Core/Src/system_stm32l5xx_s.o
 .ARM.attributes
                0x000001f4       0x24 ./Core/Startup/startup_stm32l562qeixq.o
 .ARM.attributes
                0x00000218       0x3a ./Drivers/STM32L5xx_HAL_Driver/stm32l5xx_hal.o
 .ARM.attributes
                0x00000252       0x3a ./Drivers/STM32L5xx_HAL_Driver/stm32l5xx_hal_cortex.o
 .ARM.attributes
                0x0000028c       0x3a ./Drivers/STM32L5xx_HAL_Driver/stm32l5xx_hal_dma.o
 .ARM.attributes
                0x000002c6       0x3a ./Drivers/STM32L5xx_HAL_Driver/stm32l5xx_hal_gpio.o
 .ARM.attributes
                0x00000300       0x3a ./Drivers/STM32L5xx_HAL_Driver/stm32l5xx_hal_gtzc.o
 .ARM.attributes
                0x0000033a       0x3a ./Drivers/STM32L5xx_HAL_Driver/stm32l5xx_hal_icache.o
 .ARM.attributes
                0x00000374       0x3a ./Drivers/STM32L5xx_HAL_Driver/stm32l5xx_hal_ospi.o
 .ARM.attributes
                0x000003ae       0x3a ./Drivers/STM32L5xx_HAL_Driver/stm32l5xx_hal_pwr_ex.o
 .ARM.attributes
                0x000003e8       0x3a ./Drivers/STM32L5xx_HAL_Driver/stm32l5xx_hal_rcc.o
 .ARM.attributes
                0x00000422       0x3a ./Drivers/STM32L5xx_HAL_Driver/stm32l5xx_hal_rcc_ex.o
 .ARM.attributes
                0x0000045c       0x3a ./Drivers/STM32L5xx_HAL_Driver/stm32l5xx_hal_uart.o
 .ARM.attributes
                0x00000496       0x3a ./Drivers/STM32L5xx_HAL_Driver/stm32l5xx_hal_uart_ex.o
 .ARM.attributes
                0x000004d0       0x38 C:/ST/STM32CubeIDE_2.1.1/STM32CubeIDE/plugins/com.st.stm32cube.ide.mcu.externaltools.gnu-tools-for-stm32.14.3.rel1.win32_1.0.100.202602081740/tools/bin/../lib/gcc/arm-none-eabi/14.3.1/../../../../arm-none-eabi/lib/thumb/v8-m.main+fp/hard\libc_nano.a(libc_a-findfp.o)
 .ARM.attributes
                0x00000508       0x38 C:/ST/STM32CubeIDE_2.1.1/STM32CubeIDE/plugins/com.st.stm32cube.ide.mcu.externaltools.gnu-tools-for-stm32.14.3.rel1.win32_1.0.100.202602081740/tools/bin/../lib/gcc/arm-none-eabi/14.3.1/../../../../arm-none-eabi/lib/thumb/v8-m.main+fp/hard\libc_nano.a(libc_a-fwalk.o)
 .ARM.attributes
                0x00000540       0x38 C:/ST/STM32CubeIDE_2.1.1/STM32CubeIDE/plugins/com.st.stm32cube.ide.mcu.externaltools.gnu-tools-for-stm32.14.3.rel1.win32_1.0.100.202602081740/tools/bin/../lib/gcc/arm-none-eabi/14.3.1/../../../../arm-none-eabi/lib/thumb/v8-m.main+fp/hard\libc_nano.a(libc_a-printf.o)
 .ARM.attributes
                0x00000578       0x38 C:/ST/STM32CubeIDE_2.1.1/STM32CubeIDE/plugins/com.st.stm32cube.ide.mcu.externaltools.gnu-tools-for-stm32.14.3.rel1.win32_1.0.100.202602081740/tools/bin/../lib/gcc/arm-none-eabi/14.3.1/../../../../arm-none-eabi/lib/thumb/v8-m.main+fp/hard\libc_nano.a(libc_a-puts.o)
 .ARM.attributes
                0x000005b0       0x38 C:/ST/STM32CubeIDE_2.1.1/STM32CubeIDE/plugins/com.st.stm32cube.ide.mcu.externaltools.gnu-tools-for-stm32.14.3.rel1.win32_1.0.100.202602081740/tools/bin/../lib/gcc/arm-none-eabi/14.3.1/../../../../arm-none-eabi/lib/thumb/v8-m.main+fp/hard\libc_nano.a(libc_a-stdio.o)
 .ARM.attributes
                0x000005e8       0x38 C:/ST/STM32CubeIDE_2.1.1/STM32CubeIDE/plugins/com.st.stm32cube.ide.mcu.externaltools.gnu-tools-for-stm32.14.3.rel1.win32_1.0.100.202602081740/tools/bin/../lib/gcc/arm-none-eabi/14.3.1/../../../../arm-none-eabi/lib/thumb/v8-m.main+fp/hard\libc_nano.a(libc_a-wbuf.o)
 .ARM.attributes
                0x00000620       0x38 C:/ST/STM32CubeIDE_2.1.1/STM32CubeIDE/plugins/com.st.stm32cube.ide.mcu.externaltools.gnu-tools-for-stm32.14.3.rel1.win32_1.0.100.202602081740/tools/bin/../lib/gcc/arm-none-eabi/14.3.1/../../../../arm-none-eabi/lib/thumb/v8-m.main+fp/hard\libc_nano.a(libc_a-wsetup.o)
 .ARM.attributes
                0x00000658       0x38 C:/ST/STM32CubeIDE_2.1.1/STM32CubeIDE/plugins/com.st.stm32cube.ide.mcu.externaltools.gnu-tools-for-stm32.14.3.rel1.win32_1.0.100.202602081740/tools/bin/../lib/gcc/arm-none-eabi/14.3.1/../../../../arm-none-eabi/lib/thumb/v8-m.main+fp/hard\libc_nano.a(libc_a-memset.o)
 .ARM.attributes
                0x00000690       0x38 C:/ST/STM32CubeIDE_2.1.1/STM32CubeIDE/plugins/com.st.stm32cube.ide.mcu.externaltools.gnu-tools-for-stm32.14.3.rel1.win32_1.0.100.202602081740/tools/bin/../lib/gcc/arm-none-eabi/14.3.1/../../../../arm-none-eabi/lib/thumb/v8-m.main+fp/hard\libc_nano.a(libc_a-closer.o)
 .ARM.attributes
                0x000006c8       0x38 C:/ST/STM32CubeIDE_2.1.1/STM32CubeIDE/plugins/com.st.stm32cube.ide.mcu.externaltools.gnu-tools-for-stm32.14.3.rel1.win32_1.0.100.202602081740/tools/bin/../lib/gcc/arm-none-eabi/14.3.1/../../../../arm-none-eabi/lib/thumb/v8-m.main+fp/hard\libc_nano.a(libc_a-reent.o)
 .ARM.attributes
                0x00000700       0x38 C:/ST/STM32CubeIDE_2.1.1/STM32CubeIDE/plugins/com.st.stm32cube.ide.mcu.externaltools.gnu-tools-for-stm32.14.3.rel1.win32_1.0.100.202602081740/tools/bin/../lib/gcc/arm-none-eabi/14.3.1/../../../../arm-none-eabi/lib/thumb/v8-m.main+fp/hard\libc_nano.a(libc_a-impure.o)
 .ARM.attributes
                0x00000738       0x38 C:/ST/STM32CubeIDE_2.1.1/STM32CubeIDE/plugins/com.st.stm32cube.ide.mcu.externaltools.gnu-tools-for-stm32.14.3.rel1.win32_1.0.100.202602081740/tools/bin/../lib/gcc/arm-none-eabi/14.3.1/../../../../arm-none-eabi/lib/thumb/v8-m.main+fp/hard\libc_nano.a(libc_a-lseekr.o)
 .ARM.attributes
                0x00000770       0x38 C:/ST/STM32CubeIDE_2.1.1/STM32CubeIDE/plugins/com.st.stm32cube.ide.mcu.externaltools.gnu-tools-for-stm32.14.3.rel1.win32_1.0.100.202602081740/tools/bin/../lib/gcc/arm-none-eabi/14.3.1/../../../../arm-none-eabi/lib/thumb/v8-m.main+fp/hard\libc_nano.a(libc_a-readr.o)
 .ARM.attributes
                0x000007a8       0x38 C:/ST/STM32CubeIDE_2.1.1/STM32CubeIDE/plugins/com.st.stm32cube.ide.mcu.externaltools.gnu-tools-for-stm32.14.3.rel1.win32_1.0.100.202602081740/tools/bin/../lib/gcc/arm-none-eabi/14.3.1/../../../../arm-none-eabi/lib/thumb/v8-m.main+fp/hard\libc_nano.a(libc_a-writer.o)
 .ARM.attributes
                0x000007e0       0x38 C:/ST/STM32CubeIDE_2.1.1/STM32CubeIDE/plugins/com.st.stm32cube.ide.mcu.externaltools.gnu-tools-for-stm32.14.3.rel1.win32_1.0.100.202602081740/tools/bin/../lib/gcc/arm-none-eabi/14.3.1/../../../../arm-none-eabi/lib/thumb/v8-m.main+fp/hard\libc_nano.a(libc_a-errno.o)
 .ARM.attributes
                0x00000818       0x38 C:/ST/STM32CubeIDE_2.1.1/STM32CubeIDE/plugins/com.st.stm32cube.ide.mcu.externaltools.gnu-tools-for-stm32.14.3.rel1.win32_1.0.100.202602081740/tools/bin/../lib/gcc/arm-none-eabi/14.3.1/../../../../arm-none-eabi/lib/thumb/v8-m.main+fp/hard\libc_nano.a(libc_a-init.o)
 .ARM.attributes
                0x00000850       0x38 C:/ST/STM32CubeIDE_2.1.1/STM32CubeIDE/plugins/com.st.stm32cube.ide.mcu.externaltools.gnu-tools-for-stm32.14.3.rel1.win32_1.0.100.202602081740/tools/bin/../lib/gcc/arm-none-eabi/14.3.1/../../../../arm-none-eabi/lib/thumb/v8-m.main+fp/hard\libc_nano.a(libc_a-lock.o)
 .ARM.attributes
                0x00000888       0x38 C:/ST/STM32CubeIDE_2.1.1/STM32CubeIDE/plugins/com.st.stm32cube.ide.mcu.externaltools.gnu-tools-for-stm32.14.3.rel1.win32_1.0.100.202602081740/tools/bin/../lib/gcc/arm-none-eabi/14.3.1/../../../../arm-none-eabi/lib/thumb/v8-m.main+fp/hard\libc_nano.a(libc_a-freer.o)
 .ARM.attributes
                0x000008c0       0x38 C:/ST/STM32CubeIDE_2.1.1/STM32CubeIDE/plugins/com.st.stm32cube.ide.mcu.externaltools.gnu-tools-for-stm32.14.3.rel1.win32_1.0.100.202602081740/tools/bin/../lib/gcc/arm-none-eabi/14.3.1/../../../../arm-none-eabi/lib/thumb/v8-m.main+fp/hard\libc_nano.a(libc_a-mallocr.o)
 .ARM.attributes
                0x000008f8       0x38 C:/ST/STM32CubeIDE_2.1.1/STM32CubeIDE/plugins/com.st.stm32cube.ide.mcu.externaltools.gnu-tools-for-stm32.14.3.rel1.win32_1.0.100.202602081740/tools/bin/../lib/gcc/arm-none-eabi/14.3.1/../../../../arm-none-eabi/lib/thumb/v8-m.main+fp/hard\libc_nano.a(libc_a-mlock.o)
 .ARM.attributes
                0x00000930       0x38 C:/ST/STM32CubeIDE_2.1.1/STM32CubeIDE/plugins/com.st.stm32cube.ide.mcu.externaltools.gnu-tools-for-stm32.14.3.rel1.win32_1.0.100.202602081740/tools/bin/../lib/gcc/arm-none-eabi/14.3.1/../../../../arm-none-eabi/lib/thumb/v8-m.main+fp/hard\libc_nano.a(libc_a-nano-vfprintf.o)
 .ARM.attributes
                0x00000968       0x38 C:/ST/STM32CubeIDE_2.1.1/STM32CubeIDE/plugins/com.st.stm32cube.ide.mcu.externaltools.gnu-tools-for-stm32.14.3.rel1.win32_1.0.100.202602081740/tools/bin/../lib/gcc/arm-none-eabi/14.3.1/../../../../arm-none-eabi/lib/thumb/v8-m.main+fp/hard\libc_nano.a(libc_a-nano-vfprintf_i.o)
 .ARM.attributes
                0x000009a0       0x38 C:/ST/STM32CubeIDE_2.1.1/STM32CubeIDE/plugins/com.st.stm32cube.ide.mcu.externaltools.gnu-tools-for-stm32.14.3.rel1.win32_1.0.100.202602081740/tools/bin/../lib/gcc/arm-none-eabi/14.3.1/../../../../arm-none-eabi/lib/thumb/v8-m.main+fp/hard\libc_nano.a(libc_a-fflush.o)
 .ARM.attributes
                0x000009d8       0x38 C:/ST/STM32CubeIDE_2.1.1/STM32CubeIDE/plugins/com.st.stm32cube.ide.mcu.externaltools.gnu-tools-for-stm32.14.3.rel1.win32_1.0.100.202602081740/tools/bin/../lib/gcc/arm-none-eabi/14.3.1/../../../../arm-none-eabi/lib/thumb/v8-m.main+fp/hard\libc_nano.a(libc_a-makebuf.o)
 .ARM.attributes
                0x00000a10       0x38 C:/ST/STM32CubeIDE_2.1.1/STM32CubeIDE/plugins/com.st.stm32cube.ide.mcu.externaltools.gnu-tools-for-stm32.14.3.rel1.win32_1.0.100.202602081740/tools/bin/../lib/gcc/arm-none-eabi/14.3.1/../../../../arm-none-eabi/lib/thumb/v8-m.main+fp/hard\libc_nano.a(libc_a-fstatr.o)
 .ARM.attributes
                0x00000a48       0x38 C:/ST/STM32CubeIDE_2.1.1/STM32CubeIDE/plugins/com.st.stm32cube.ide.mcu.externaltools.gnu-tools-for-stm32.14.3.rel1.win32_1.0.100.202602081740/tools/bin/../lib/gcc/arm-none-eabi/14.3.1/../../../../arm-none-eabi/lib/thumb/v8-m.main+fp/hard\libc_nano.a(libc_a-isattyr.o)
 .ARM.attributes
                0x00000a80       0x38 C:/ST/STM32CubeIDE_2.1.1/STM32CubeIDE/plugins/com.st.stm32cube.ide.mcu.externaltools.gnu-tools-for-stm32.14.3.rel1.win32_1.0.100.202602081740/tools/bin/../lib/gcc/arm-none-eabi/14.3.1/../../../../arm-none-eabi/lib/thumb/v8-m.main+fp/hard\libc_nano.a(libc_a-sbrkr.o)
 .ARM.attributes
                0x00000ab8       0x38 C:/ST/STM32CubeIDE_2.1.1/STM32CubeIDE/plugins/com.st.stm32cube.ide.mcu.externaltools.gnu-tools-for-stm32.14.3.rel1.win32_1.0.100.202602081740/tools/bin/../lib/gcc/arm-none-eabi/14.3.1/../../../../arm-none-eabi/lib/thumb/v8-m.main+fp/hard\libc_nano.a(libc_a-memchr-stub.o)
 .ARM.attributes
                0x00000af0       0x24 C:/ST/STM32CubeIDE_2.1.1/STM32CubeIDE/plugins/com.st.stm32cube.ide.mcu.externaltools.gnu-tools-for-stm32.14.3.rel1.win32_1.0.100.202602081740/tools/bin/../lib/gcc/arm-none-eabi/14.3.1/thumb/v8-m.main+fp/hard\libgcc.a(cmse_nonsecure_call.o)
 .ARM.attributes
                0x00000b14       0x26 C:/ST/STM32CubeIDE_2.1.1/STM32CubeIDE/plugins/com.st.stm32cube.ide.mcu.externaltools.gnu-tools-for-stm32.14.3.rel1.win32_1.0.100.202602081740/tools/bin/../lib/gcc/arm-none-eabi/14.3.1/thumb/v8-m.main+fp/hard\libgcc.a(_aeabi_uldivmod.o)
 .ARM.attributes
                0x00000b3a       0x38 C:/ST/STM32CubeIDE_2.1.1/STM32CubeIDE/plugins/com.st.stm32cube.ide.mcu.externaltools.gnu-tools-for-stm32.14.3.rel1.win32_1.0.100.202602081740/tools/bin/../lib/gcc/arm-none-eabi/14.3.1/thumb/v8-m.main+fp/hard\libgcc.a(_udivmoddi4.o)
 .ARM.attributes
                0x00000b72       0x26 C:/ST/STM32CubeIDE_2.1.1/STM32CubeIDE/plugins/com.st.stm32cube.ide.mcu.externaltools.gnu-tools-for-stm32.14.3.rel1.win32_1.0.100.202602081740/tools/bin/../lib/gcc/arm-none-eabi/14.3.1/thumb/v8-m.main+fp/hard\libgcc.a(_dvmd_tls.o)
 .ARM.attributes
                0x00000b98       0x26 C:/ST/STM32CubeIDE_2.1.1/STM32CubeIDE/plugins/com.st.stm32cube.ide.mcu.externaltools.gnu-tools-for-stm32.14.3.rel1.win32_1.0.100.202602081740/tools/bin/../lib/gcc/arm-none-eabi/14.3.1/thumb/v8-m.main+fp/hard/crtn.o
OUTPUT(My_Mem_to_Mem_Example_Secure.elf elf32-littlearm)
LOAD linker stubs
LOAD C:/ST/STM32CubeIDE_2.1.1/STM32CubeIDE/plugins/com.st.stm32cube.ide.mcu.externaltools.gnu-tools-for-stm32.14.3.rel1.win32_1.0.100.202602081740/tools/bin/../lib/gcc/arm-none-eabi/14.3.1/../../../../arm-none-eabi/lib/thumb/v8-m.main+fp/hard\libc.a
LOAD C:/ST/STM32CubeIDE_2.1.1/STM32CubeIDE/plugins/com.st.stm32cube.ide.mcu.externaltools.gnu-tools-for-stm32.14.3.rel1.win32_1.0.100.202602081740/tools/bin/../lib/gcc/arm-none-eabi/14.3.1/../../../../arm-none-eabi/lib/thumb/v8-m.main+fp/hard\libm.a
LOAD C:/ST/STM32CubeIDE_2.1.1/STM32CubeIDE/plugins/com.st.stm32cube.ide.mcu.externaltools.gnu-tools-for-stm32.14.3.rel1.win32_1.0.100.202602081740/tools/bin/../lib/gcc/arm-none-eabi/14.3.1/thumb/v8-m.main+fp/hard\libgcc.a

.debug_info     0x00000000    0x1354d
 .debug_info    0x00000000     0x26a7 ./Core/Src/main.o
 .debug_info    0x000026a7      0x7b2 ./Core/Src/secure_nsc.o
 .debug_info    0x00002e59     0x12a5 ./Core/Src/stm32l5xx_hal_msp.o
 .debug_info    0x000040fe      0x4d9 ./Core/Src/stm32l5xx_it.o
 .debug_info    0x000045d7      0x6a3 ./Core/Src/syscalls.o
 .debug_info    0x00004c7a      0x168 ./Core/Src/sysmem.o
 .debug_info    0x00004de2      0xa31 ./Core/Src/system_stm32l5xx_s.o
 .debug_info    0x00005813       0x30 ./Core/Startup/startup_stm32l562qeixq.o
 .debug_info    0x00005843      0xd7f ./Drivers/STM32L5xx_HAL_Driver/stm32l5xx_hal.o
 .debug_info    0x000065c2     0x1153 ./Drivers/STM32L5xx_HAL_Driver/stm32l5xx_hal_cortex.o
 .debug_info    0x00007715      0x92f ./Drivers/STM32L5xx_HAL_Driver/stm32l5xx_hal_dma.o
 .debug_info    0x00008044      0x6b0 ./Drivers/STM32L5xx_HAL_Driver/stm32l5xx_hal_gpio.o
 .debug_info    0x000086f4      0xb8c ./Drivers/STM32L5xx_HAL_Driver/stm32l5xx_hal_gtzc.o
 .debug_info    0x00009280      0x4d4 ./Drivers/STM32L5xx_HAL_Driver/stm32l5xx_hal_icache.o
 .debug_info    0x00009754     0x16ef ./Drivers/STM32L5xx_HAL_Driver/stm32l5xx_hal_ospi.o
 .debug_info    0x0000ae43      0xd73 ./Drivers/STM32L5xx_HAL_Driver/stm32l5xx_hal_pwr_ex.o
 .debug_info    0x0000bbb6      0xf75 ./Drivers/STM32L5xx_HAL_Driver/stm32l5xx_hal_rcc.o
 .debug_info    0x0000cb2b     0x1134 ./Drivers/STM32L5xx_HAL_Driver/stm32l5xx_hal_rcc_ex.o
 .debug_info    0x0000dc5f     0x48fb ./Drivers/STM32L5xx_HAL_Driver/stm32l5xx_hal_uart.o
 .debug_info    0x0001255a      0xff3 ./Drivers/STM32L5xx_HAL_Driver/stm32l5xx_hal_uart_ex.o

.debug_abbrev   0x00000000     0x2c7d
 .debug_abbrev  0x00000000      0x3c0 ./Core/Src/main.o
 .debug_abbrev  0x000003c0      0x24b ./Core/Src/secure_nsc.o
 .debug_abbrev  0x0000060b      0x224 ./Core/Src/stm32l5xx_hal_msp.o
 .debug_abbrev  0x0000082f      0x16d ./Core/Src/stm32l5xx_it.o
 .debug_abbrev  0x0000099c      0x1b6 ./Core/Src/syscalls.o
 .debug_abbrev  0x00000b52       0xbc ./Core/Src/sysmem.o
 .debug_abbrev  0x00000c0e      0x187 ./Core/Src/system_stm32l5xx_s.o
 .debug_abbrev  0x00000d95       0x24 ./Core/Startup/startup_stm32l562qeixq.o
 .debug_abbrev  0x00000db9      0x2e0 ./Drivers/STM32L5xx_HAL_Driver/stm32l5xx_hal.o
 .debug_abbrev  0x00001099      0x342 ./Drivers/STM32L5xx_HAL_Driver/stm32l5xx_hal_cortex.o
 .debug_abbrev  0x000013db      0x1f4 ./Drivers/STM32L5xx_HAL_Driver/stm32l5xx_hal_dma.o
 .debug_abbrev  0x000015cf      0x1c2 ./Drivers/STM32L5xx_HAL_Driver/stm32l5xx_hal_gpio.o
 .debug_abbrev  0x00001791      0x1d5 ./Drivers/STM32L5xx_HAL_Driver/stm32l5xx_hal_gtzc.o
 .debug_abbrev  0x00001966      0x228 ./Drivers/STM32L5xx_HAL_Driver/stm32l5xx_hal_icache.o
 .debug_abbrev  0x00001b8e      0x2a6 ./Drivers/STM32L5xx_HAL_Driver/stm32l5xx_hal_ospi.o
 .debug_abbrev  0x00001e34      0x28c ./Drivers/STM32L5xx_HAL_Driver/stm32l5xx_hal_pwr_ex.o
 .debug_abbrev  0x000020c0      0x2fd ./Drivers/STM32L5xx_HAL_Driver/stm32l5xx_hal_rcc.o
 .debug_abbrev  0x000023bd      0x2c8 ./Drivers/STM32L5xx_HAL_Driver/stm32l5xx_hal_rcc_ex.o
 .debug_abbrev  0x00002685      0x325 ./Drivers/STM32L5xx_HAL_Driver/stm32l5xx_hal_uart.o
 .debug_abbrev  0x000029aa      0x2d3 ./Drivers/STM32L5xx_HAL_Driver/stm32l5xx_hal_uart_ex.o

.debug_aranges  0x00000000      0xfc0
 .debug_aranges
                0x00000000       0xb8 ./Core/Src/main.o
 .debug_aranges
                0x000000b8       0x68 ./Core/Src/secure_nsc.o
 .debug_aranges
                0x00000120       0x30 ./Core/Src/stm32l5xx_hal_msp.o
 .debug_aranges
                0x00000150       0x80 ./Core/Src/stm32l5xx_it.o
 .debug_aranges
                0x000001d0       0xa8 ./Core/Src/syscalls.o
 .debug_aranges
                0x00000278       0x20 ./Core/Src/sysmem.o
 .debug_aranges
                0x00000298       0x38 ./Core/Src/system_stm32l5xx_s.o
 .debug_aranges
                0x000002d0       0x28 ./Core/Startup/startup_stm32l562qeixq.o
 .debug_aranges
                0x000002f8      0x140 ./Drivers/STM32L5xx_HAL_Driver/stm32l5xx_hal.o
 .debug_aranges
                0x00000438      0x150 ./Drivers/STM32L5xx_HAL_Driver/stm32l5xx_hal_cortex.o
 .debug_aranges
                0x00000588       0xa0 ./Drivers/STM32L5xx_HAL_Driver/stm32l5xx_hal_dma.o
 .debug_aranges
                0x00000628       0x70 ./Drivers/STM32L5xx_HAL_Driver/stm32l5xx_hal_gpio.o
 .debug_aranges
                0x00000698       0xb8 ./Drivers/STM32L5xx_HAL_Driver/stm32l5xx_hal_gtzc.o
 .debug_aranges
                0x00000750       0xa8 ./Drivers/STM32L5xx_HAL_Driver/stm32l5xx_hal_icache.o
 .debug_aranges
                0x000007f8      0x160 ./Drivers/STM32L5xx_HAL_Driver/stm32l5xx_hal_ospi.o
 .debug_aranges
                0x00000958      0x1b8 ./Drivers/STM32L5xx_HAL_Driver/stm32l5xx_hal_pwr_ex.o
 .debug_aranges
                0x00000b10       0xa8 ./Drivers/STM32L5xx_HAL_Driver/stm32l5xx_hal_rcc.o
 .debug_aranges
                0x00000bb8      0x118 ./Drivers/STM32L5xx_HAL_Driver/stm32l5xx_hal_rcc_ex.o
 .debug_aranges
                0x00000cd0      0x248 ./Drivers/STM32L5xx_HAL_Driver/stm32l5xx_hal_uart.o
 .debug_aranges
                0x00000f18       0xa8 ./Drivers/STM32L5xx_HAL_Driver/stm32l5xx_hal_uart_ex.o

.debug_rnglists
                0x00000000      0xc23
 .debug_rnglists
                0x00000000       0x91 ./Core/Src/main.o
 .debug_rnglists
                0x00000091       0x51 ./Core/Src/secure_nsc.o
 .debug_rnglists
                0x000000e2       0x20 ./Core/Src/stm32l5xx_hal_msp.o
 .debug_rnglists
                0x00000102       0x5b ./Core/Src/stm32l5xx_it.o
 .debug_rnglists
                0x0000015d       0x79 ./Core/Src/syscalls.o
 .debug_rnglists
                0x000001d6       0x13 ./Core/Src/sysmem.o
 .debug_rnglists
                0x000001e9       0x28 ./Core/Src/system_stm32l5xx_s.o
 .debug_rnglists
                0x00000211       0x19 ./Core/Startup/startup_stm32l562qeixq.o
 .debug_rnglists
                0x0000022a       0xeb ./Drivers/STM32L5xx_HAL_Driver/stm32l5xx_hal.o
 .debug_rnglists
                0x00000315       0xf7 ./Drivers/STM32L5xx_HAL_Driver/stm32l5xx_hal_cortex.o
 .debug_rnglists
                0x0000040c       0x7f ./Drivers/STM32L5xx_HAL_Driver/stm32l5xx_hal_dma.o
 .debug_rnglists
                0x0000048b       0x51 ./Drivers/STM32L5xx_HAL_Driver/stm32l5xx_hal_gpio.o
 .debug_rnglists
                0x000004dc       0x94 ./Drivers/STM32L5xx_HAL_Driver/stm32l5xx_hal_gtzc.o
 .debug_rnglists
                0x00000570       0x7a ./Drivers/STM32L5xx_HAL_Driver/stm32l5xx_hal_icache.o
 .debug_rnglists
                0x000005ea      0x114 ./Drivers/STM32L5xx_HAL_Driver/stm32l5xx_hal_ospi.o
 .debug_rnglists
                0x000006fe      0x14e ./Drivers/STM32L5xx_HAL_Driver/stm32l5xx_hal_pwr_ex.o
 .debug_rnglists
                0x0000084c       0x81 ./Drivers/STM32L5xx_HAL_Driver/stm32l5xx_hal_rcc.o
 .debug_rnglists
                0x000008cd       0xdd ./Drivers/STM32L5xx_HAL_Driver/stm32l5xx_hal_rcc_ex.o
 .debug_rnglists
                0x000009aa      0x1fa ./Drivers/STM32L5xx_HAL_Driver/stm32l5xx_hal_uart.o
 .debug_rnglists
                0x00000ba4       0x7f ./Drivers/STM32L5xx_HAL_Driver/stm32l5xx_hal_uart_ex.o

.debug_macro    0x00000000    0x2bb4a
 .debug_macro   0x00000000      0x3ea ./Core/Src/main.o
 .debug_macro   0x000003ea      0xade ./Core/Src/main.o
 .debug_macro   0x00000ec8       0x16 ./Core/Src/main.o
 .debug_macro   0x00000ede      0x1ae ./Core/Src/main.o
 .debug_macro   0x0000108c      0x190 ./Core/Src/main.o
 .debug_macro   0x0000121c       0x63 ./Core/Src/main.o
 .debug_macro   0x0000127f       0x2e ./Core/Src/main.o
 .debug_macro   0x000012ad       0x42 ./Core/Src/main.o
 .debug_macro   0x000012ef       0x22 ./Core/Src/main.o
 .debug_macro   0x00001311       0x8e ./Core/Src/main.o
 .debug_macro   0x0000139f       0x51 ./Core/Src/main.o
 .debug_macro   0x000013f0      0x103 ./Core/Src/main.o
 .debug_macro   0x000014f3       0x6a ./Core/Src/main.o
 .debug_macro   0x0000155d      0x1df ./Core/Src/main.o
 .debug_macro   0x0000173c       0x1c ./Core/Src/main.o
 .debug_macro   0x00001758       0x29 ./Core/Src/main.o
 .debug_macro   0x00001781       0xfb ./Core/Src/main.o
 .debug_macro   0x0000187c     0x1486 ./Core/Src/main.o
 .debug_macro   0x00002d02       0x5e ./Core/Src/main.o
 .debug_macro   0x00002d60    0x1bca6 ./Core/Src/main.o
 .debug_macro   0x0001ea06       0x6c ./Core/Src/main.o
 .debug_macro   0x0001ea72     0x3535 ./Core/Src/main.o
 .debug_macro   0x00021fa7       0x5c ./Core/Src/main.o
 .debug_macro   0x00022003     0x19db ./Core/Src/main.o
 .debug_macro   0x000239de      0xa52 ./Core/Src/main.o
 .debug_macro   0x00024430      0x1e4 ./Core/Src/main.o
 .debug_macro   0x00024614      0x1d8 ./Core/Src/main.o
 .debug_macro   0x000247ec      0x50b ./Core/Src/main.o
 .debug_macro   0x00024cf7      0x1ab ./Core/Src/main.o
 .debug_macro   0x00024ea2       0x4a ./Core/Src/main.o
 .debug_macro   0x00024eec      0x1b9 ./Core/Src/main.o
 .debug_macro   0x000250a5      0x23e ./Core/Src/main.o
 .debug_macro   0x000252e3      0x432 ./Core/Src/main.o
 .debug_macro   0x00025715       0x4f ./Core/Src/main.o
 .debug_macro   0x00025764      0x131 ./Core/Src/main.o
 .debug_macro   0x00025895      0x325 ./Core/Src/main.o
 .debug_macro   0x00025bba      0x122 ./Core/Src/main.o
 .debug_macro   0x00025cdc      0x22c ./Core/Src/main.o
 .debug_macro   0x00025f08       0x5b ./Core/Src/main.o
 .debug_macro   0x00025f63       0xa5 ./Core/Src/main.o
 .debug_macro   0x00026008       0xc8 ./Core/Src/main.o
 .debug_macro   0x000260d0       0x85 ./Core/Src/main.o
 .debug_macro   0x00026155      0x486 ./Core/Src/main.o
 .debug_macro   0x000265db      0x1a7 ./Core/Src/main.o
 .debug_macro   0x00026782      0x487 ./Core/Src/main.o
 .debug_macro   0x00026c09      0x693 ./Core/Src/main.o
 .debug_macro   0x0002729c       0xa6 ./Core/Src/main.o
 .debug_macro   0x00027342       0xa9 ./Core/Src/main.o
 .debug_macro   0x000273eb      0x445 ./Core/Src/main.o
 .debug_macro   0x00027830       0x61 ./Core/Src/main.o
 .debug_macro   0x00027891       0x2a ./Core/Src/main.o
 .debug_macro   0x000278bb       0x43 ./Core/Src/main.o
 .debug_macro   0x000278fe       0x34 ./Core/Src/main.o
 .debug_macro   0x00027932       0x16 ./Core/Src/main.o
 .debug_macro   0x00027948       0x3c ./Core/Src/main.o
 .debug_macro   0x00027984      0x364 ./Core/Src/main.o
 .debug_macro   0x00027ce8       0x10 ./Core/Src/main.o
 .debug_macro   0x00027cf8       0x16 ./Core/Src/main.o
 .debug_macro   0x00027d0e       0x4a ./Core/Src/main.o
 .debug_macro   0x00027d58       0x34 ./Core/Src/main.o
 .debug_macro   0x00027d8c       0x10 ./Core/Src/main.o
 .debug_macro   0x00027d9c       0x58 ./Core/Src/main.o
 .debug_macro   0x00027df4       0x8e ./Core/Src/main.o
 .debug_macro   0x00027e82       0x1c ./Core/Src/main.o
 .debug_macro   0x00027e9e      0x17e ./Core/Src/main.o
 .debug_macro   0x0002801c       0x16 ./Core/Src/main.o
 .debug_macro   0x00028032       0x16 ./Core/Src/main.o
 .debug_macro   0x00028048      0x146 ./Core/Src/main.o
 .debug_macro   0x0002818e       0x34 ./Core/Src/main.o
 .debug_macro   0x000281c2       0x16 ./Core/Src/main.o
 .debug_macro   0x000281d8       0x20 ./Core/Src/main.o
 .debug_macro   0x000281f8      0x34c ./Core/Src/secure_nsc.o
 .debug_macro   0x00028544      0x312 ./Core/Src/stm32l5xx_hal_msp.o
 .debug_macro   0x00028856      0x31c ./Core/Src/stm32l5xx_it.o
 .debug_macro   0x00028b72      0x274 ./Core/Src/syscalls.o
 .debug_macro   0x00028de6       0x5b ./Core/Src/syscalls.o
 .debug_macro   0x00028e41       0x94 ./Core/Src/syscalls.o
 .debug_macro   0x00028ed5       0x57 ./Core/Src/syscalls.o
 .debug_macro   0x00028f2c       0x10 ./Core/Src/syscalls.o
 .debug_macro   0x00028f3c       0x10 ./Core/Src/syscalls.o
 .debug_macro   0x00028f4c       0x10 ./Core/Src/syscalls.o
 .debug_macro   0x00028f5c       0x10 ./Core/Src/syscalls.o
 .debug_macro   0x00028f6c       0x1c ./Core/Src/syscalls.o
 .debug_macro   0x00028f88       0x52 ./Core/Src/syscalls.o
 .debug_macro   0x00028fda       0x22 ./Core/Src/syscalls.o
 .debug_macro   0x00028ffc       0x10 ./Core/Src/syscalls.o
 .debug_macro   0x0002900c       0x52 ./Core/Src/syscalls.o
 .debug_macro   0x0002905e       0xcf ./Core/Src/syscalls.o
 .debug_macro   0x0002912d       0x1c ./Core/Src/syscalls.o
 .debug_macro   0x00029149       0x3d ./Core/Src/syscalls.o
 .debug_macro   0x00029186       0x35 ./Core/Src/syscalls.o
 .debug_macro   0x000291bb      0x12c ./Core/Src/syscalls.o
 .debug_macro   0x000292e7       0x16 ./Core/Src/syscalls.o
 .debug_macro   0x000292fd       0x16 ./Core/Src/syscalls.o
 .debug_macro   0x00029313       0x29 ./Core/Src/syscalls.o
 .debug_macro   0x0002933c       0x10 ./Core/Src/syscalls.o
 .debug_macro   0x0002934c      0x242 ./Core/Src/syscalls.o
 .debug_macro   0x0002958e       0x1c ./Core/Src/syscalls.o
 .debug_macro   0x000295aa       0x10 ./Core/Src/syscalls.o
 .debug_macro   0x000295ba      0x18a ./Core/Src/syscalls.o
 .debug_macro   0x00029744       0x16 ./Core/Src/syscalls.o
 .debug_macro   0x0002975a       0xce ./Core/Src/syscalls.o
 .debug_macro   0x00029828      0x112 ./Core/Src/sysmem.o
 .debug_macro   0x0002993a      0x23c ./Core/Src/sysmem.o
 .debug_macro   0x00029b76      0x245 ./Core/Src/system_stm32l5xx_s.o
 .debug_macro   0x00029dbb      0x17e ./Core/Src/system_stm32l5xx_s.o
 .debug_macro   0x00029f39      0x25c ./Drivers/STM32L5xx_HAL_Driver/stm32l5xx_hal.o
 .debug_macro   0x0002a195      0x22c ./Drivers/STM32L5xx_HAL_Driver/stm32l5xx_hal_cortex.o
 .debug_macro   0x0002a3c1      0x22c ./Drivers/STM32L5xx_HAL_Driver/stm32l5xx_hal_dma.o
 .debug_macro   0x0002a5ed      0x232 ./Drivers/STM32L5xx_HAL_Driver/stm32l5xx_hal_gpio.o
 .debug_macro   0x0002a81f      0x29e ./Drivers/STM32L5xx_HAL_Driver/stm32l5xx_hal_gtzc.o
 .debug_macro   0x0002aabd      0x25c ./Drivers/STM32L5xx_HAL_Driver/stm32l5xx_hal_icache.o
 .debug_macro   0x0002ad19      0x25e ./Drivers/STM32L5xx_HAL_Driver/stm32l5xx_hal_ospi.o
 .debug_macro   0x0002af77      0x25c ./Drivers/STM32L5xx_HAL_Driver/stm32l5xx_hal_pwr_ex.o
 .debug_macro   0x0002b1d3      0x256 ./Drivers/STM32L5xx_HAL_Driver/stm32l5xx_hal_rcc.o
 .debug_macro   0x0002b429      0x292 ./Drivers/STM32L5xx_HAL_Driver/stm32l5xx_hal_rcc_ex.o
 .debug_macro   0x0002b6bb      0x257 ./Drivers/STM32L5xx_HAL_Driver/stm32l5xx_hal_uart.o
 .debug_macro   0x0002b912      0x238 ./Drivers/STM32L5xx_HAL_Driver/stm32l5xx_hal_uart_ex.o

.debug_line     0x00000000    0x13f6d
 .debug_line    0x00000000     0x1053 ./Core/Src/main.o
 .debug_line    0x00001053      0xbb7 ./Core/Src/secure_nsc.o
 .debug_line    0x00001c0a      0x9ea ./Core/Src/stm32l5xx_hal_msp.o