Archive member included to satisfy reference by file (symbol)

C:/ST/STM32CubeIDE_2.1.1/STM32CubeIDE/plugins/com.st.stm32cube.ide.mcu.externaltools.gnu-tools-for-stm32.14.3.rel1.win32_1.0.100.202602081740/tools/bin/../lib/gcc/arm-none-eabi/14.3.1/../../../../arm-none-eabi/lib/thumb/v8-m.main+fp/hard\libc_nano.a(libc_a-exit.o)
                              C:/ST/STM32CubeIDE_2.1.1/STM32CubeIDE/plugins/com.st.stm32cube.ide.mcu.externaltools.gnu-tools-for-stm32.14.3.rel1.win32_1.0.100.202602081740/tools/bin/../lib/gcc/arm-none-eabi/14.3.1/../../../../arm-none-eabi/lib/thumb/v8-m.main+fp/hard/crt0.o (exit)
C:/ST/STM32CubeIDE_2.1.1/STM32CubeIDE/plugins/com.st.stm32cube.ide.mcu.externaltools.gnu-tools-for-stm32.14.3.rel1.win32_1.0.100.202602081740/tools/bin/../lib/gcc/arm-none-eabi/14.3.1/../../../../arm-none-eabi/lib/thumb/v8-m.main+fp/hard\libc_nano.a(libc_a-findfp.o)
                              C:/ST/STM32CubeIDE_2.1.1/STM32CubeIDE/plugins/com.st.stm32cube.ide.mcu.externaltools.gnu-tools-for-stm32.14.3.rel1.win32_1.0.100.202602081740/tools/bin/../lib/gcc/arm-none-eabi/14.3.1/../../../../arm-none-eabi/lib/thumb/v8-m.main+fp/hard\libc_nano.a(libc_a-exit.o) (__stdio_exit_handler)
C:/ST/STM32CubeIDE_2.1.1/STM32CubeIDE/plugins/com.st.stm32cube.ide.mcu.externaltools.gnu-tools-for-stm32.14.3.rel1.win32_1.0.100.202602081740/tools/bin/../lib/gcc/arm-none-eabi/14.3.1/../../../../arm-none-eabi/lib/thumb/v8-m.main+fp/hard\libc_nano.a(libc_a-fwalk.o)
                              C:/ST/STM32CubeIDE_2.1.1/STM32CubeIDE/plugins/com.st.stm32cube.ide.mcu.externaltools.gnu-tools-for-stm32.14.3.rel1.win32_1.0.100.202602081740/tools/bin/../lib/gcc/arm-none-eabi/14.3.1/../../../../arm-none-eabi/lib/thumb/v8-m.main+fp/hard\libc_nano.a(libc_a-findfp.o) (_fwalk_sglue)
C:/ST/STM32CubeIDE_2.1.1/STM32CubeIDE/plugins/com.st.stm32cube.ide.mcu.externaltools.gnu-tools-for-stm32.14.3.rel1.win32_1.0.100.202602081740/tools/bin/../lib/gcc/arm-none-eabi/14.3.1/../../../../arm-none-eabi/lib/thumb/v8-m.main+fp/hard\libc_nano.a(libc_a-printf.o)
                              ./Core/Src/secure_nsc.o (printf)
C:/ST/STM32CubeIDE_2.1.1/STM32CubeIDE/plugins/com.st.stm32cube.ide.mcu.externaltools.gnu-tools-for-stm32.14.3.rel1.win32_1.0.100.202602081740/tools/bin/../lib/gcc/arm-none-eabi/14.3.1/../../../../arm-none-eabi/lib/thumb/v8-m.main+fp/hard\libc_nano.a(libc_a-stdio.o)
                              C:/ST/STM32CubeIDE_2.1.1/STM32CubeIDE/plugins/com.st.stm32cube.ide.mcu.externaltools.gnu-tools-for-stm32.14.3.rel1.win32_1.0.100.202602081740/tools/bin/../lib/gcc/arm-none-eabi/14.3.1/../../../../arm-none-eabi/lib/thumb/v8-m.main+fp/hard\libc_nano.a(libc_a-findfp.o) (__sread)
C:/ST/STM32CubeIDE_2.1.1/STM32CubeIDE/plugins/com.st.stm32cube.ide.mcu.externaltools.gnu-tools-for-stm32.14.3.rel1.win32_1.0.100.202602081740/tools/bin/../lib/gcc/arm-none-eabi/14.3.1/../../../../arm-none-eabi/lib/thumb/v8-m.main+fp/hard\libc_nano.a(libc_a-memset.o)
                              C:/ST/STM32CubeIDE_2.1.1/STM32CubeIDE/plugins/com.st.stm32cube.ide.mcu.externaltools.gnu-tools-for-stm32.14.3.rel1.win32_1.0.100.202602081740/tools/bin/../lib/gcc/arm-none-eabi/14.3.1/../../../../arm-none-eabi/lib/thumb/v8-m.main+fp/hard/crt0.o (memset)
C:/ST/STM32CubeIDE_2.1.1/STM32CubeIDE/plugins/com.st.stm32cube.ide.mcu.externaltools.gnu-tools-for-stm32.14.3.rel1.win32_1.0.100.202602081740/tools/bin/../lib/gcc/arm-none-eabi/14.3.1/../../../../arm-none-eabi/lib/thumb/v8-m.main+fp/hard\libc_nano.a(libc_a-closer.o)
                              C:/ST/STM32CubeIDE_2.1.1/STM32CubeIDE/plugins/com.st.stm32cube.ide.mcu.externaltools.gnu-tools-for-stm32.14.3.rel1.win32_1.0.100.202602081740/tools/bin/../lib/gcc/arm-none-eabi/14.3.1/../../../../arm-none-eabi/lib/thumb/v8-m.main+fp/hard\libc_nano.a(libc_a-stdio.o) (_close_r)
C:/ST/STM32CubeIDE_2.1.1/STM32CubeIDE/plugins/com.st.stm32cube.ide.mcu.externaltools.gnu-tools-for-stm32.14.3.rel1.win32_1.0.100.202602081740/tools/bin/../lib/gcc/arm-none-eabi/14.3.1/../../../../arm-none-eabi/lib/thumb/v8-m.main+fp/hard\libc_nano.a(libc_a-reent.o)
                              C:/ST/STM32CubeIDE_2.1.1/STM32CubeIDE/plugins/com.st.stm32cube.ide.mcu.externaltools.gnu-tools-for-stm32.14.3.rel1.win32_1.0.100.202602081740/tools/bin/../lib/gcc/arm-none-eabi/14.3.1/../../../../arm-none-eabi/lib/thumb/v8-m.main+fp/hard\libc_nano.a(libc_a-closer.o) (errno)
C:/ST/STM32CubeIDE_2.1.1/STM32CubeIDE/plugins/com.st.stm32cube.ide.mcu.externaltools.gnu-tools-for-stm32.14.3.rel1.win32_1.0.100.202602081740/tools/bin/../lib/gcc/arm-none-eabi/14.3.1/../../../../arm-none-eabi/lib/thumb/v8-m.main+fp/hard\libc_nano.a(libc_a-impure.o)
                              C:/ST/STM32CubeIDE_2.1.1/STM32CubeIDE/plugins/com.st.stm32cube.ide.mcu.externaltools.gnu-tools-for-stm32.14.3.rel1.win32_1.0.100.202602081740/tools/bin/../lib/gcc/arm-none-eabi/14.3.1/../../../../arm-none-eabi/lib/thumb/v8-m.main+fp/hard\libc_nano.a(libc_a-printf.o) (_impure_ptr)
[...]
Memory Configuration

Name             Origin             Length             Attributes
RAM              0x30000000         0x00018000         xrw
RAM2             0x30030000         0x00010000         xrw
FLASH            0x0c000000         0x0003e000         xr
FLASH_NSC        0x0c03e000         0x00002000         xr
*default*        0x00000000         0xffffffff

Linker script and memory map

LOAD C:/ST/STM32CubeIDE_2.1.1/STM32CubeIDE/plugins/com.st.stm32cube.ide.mcu.externaltools.gnu-tools-for-stm32.14.3.rel1.win32_1.0.100.202602081740/tools/bin/../lib/gcc/arm-none-eabi/14.3.1/thumb/v8-m.main+fp/hard/crti.o
LOAD C:/ST/STM32CubeIDE_2.1.1/STM32CubeIDE/plugins/com.st.stm32cube.ide.mcu.externaltools.gnu-tools-for-stm32.14.3.rel1.win32_1.0.100.202602081740/tools/bin/../lib/gcc/arm-none-eabi/14.3.1/thumb/v8-m.main+fp/hard/crtbegin.o
LOAD C:/ST/STM32CubeIDE_2.1.1/STM32CubeIDE/plugins/com.st.stm32cube.ide.mcu.externaltools.gnu-tools-for-stm32.14.3.rel1.win32_1.0.100.202602081740/tools/bin/../lib/gcc/arm-none-eabi/14.3.1/../../../../arm-none-eabi/lib/thumb/v8-m.main+fp/hard/crt0.o
LOAD ./Core/Src/main.o
LOAD ./Core/Src/secure_nsc.o
LOAD ./Core/Src/stm32l5xx_hal_msp.o
LOAD ./Core/Src/stm32l5xx_it.o
LOAD ./Core/Src/syscalls.o
LOAD ./Core/Src/sysmem.o
LOAD ./Core/Src/system_stm32l5xx_s.o
LOAD ./Core/Startup/startup_stm32l562qeixq.o
LOAD ./Drivers/STM32L5xx_HAL_Driver/stm32l5xx_hal.o
LOAD ./Drivers/STM32L5xx_HAL_Driver/stm32l5xx_hal_cortex.o
LOAD ./Drivers/STM32L5xx_HAL_Driver/stm32l5xx_hal_dma.o
LOAD ./Drivers/STM32L5xx_HAL_Driver/stm32l5xx_hal_dma_ex.o
LOAD ./Drivers/STM32L5xx_HAL_Driver/stm32l5xx_hal_exti.o
LOAD ./Drivers/STM32L5xx_HAL_Driver/stm32l5xx_hal_flash.o
LOAD ./Drivers/STM32L5xx_HAL_Driver/stm32l5xx_hal_flash_ex.o
LOAD ./Drivers/STM32L5xx_HAL_Driver/stm32l5xx_hal_flash_ramfunc.o
LOAD ./Drivers/STM32L5xx_HAL_Driver/stm32l5xx_hal_gpio.o
LOAD ./Drivers/STM32L5xx_HAL_Driver/stm32l5xx_hal_gtzc.o
LOAD ./Drivers/STM32L5xx_HAL_Driver/stm32l5xx_hal_i2c.o
LOAD ./Drivers/STM32L5xx_HAL_Driver/stm32l5xx_hal_i2c_ex.o
LOAD ./Drivers/STM32L5xx_HAL_Driver/stm32l5xx_hal_icache.o
LOAD ./Drivers/STM32L5xx_HAL_Driver/stm32l5xx_hal_pwr.o
LOAD ./Drivers/STM32L5xx_HAL_Driver/stm32l5xx_hal_pwr_ex.o
LOAD ./Drivers/STM32L5xx_HAL_Driver/stm32l5xx_hal_rcc.o
LOAD ./Drivers/STM32L5xx_HAL_Driver/stm32l5xx_hal_rcc_ex.o
LOAD ./Drivers/STM32L5xx_HAL_Driver/stm32l5xx_hal_tim.o
LOAD ./Drivers/STM32L5xx_HAL_Driver/stm32l5xx_hal_tim_ex.o
LOAD ./Drivers/STM32L5xx_HAL_Driver/stm32l5xx_hal_uart.o
LOAD ./Drivers/STM32L5xx_HAL_Driver/stm32l5xx_hal_uart_ex.o
START GROUP
LOAD C:/ST/STM32CubeIDE_2.1.1/STM32CubeIDE/plugins/com.st.stm32cube.ide.mcu.externaltools.gnu-tools-for-stm32.14.3.rel1.win32_1.0.100.202602081740/tools/bin/../lib/gcc/arm-none-eabi/14.3.1/../../../../arm-none-eabi/lib/thumb/v8-m.main+fp/hard\libc_nano.a
LOAD C:/ST/STM32CubeIDE_2.1.1/STM32CubeIDE/plugins/com.st.stm32cube.ide.mcu.externaltools.gnu-tools-for-stm32.14.3.rel1.win32_1.0.100.202602081740/tools/bin/../lib/gcc/arm-none-eabi/14.3.1/../../../../arm-none-eabi/lib/thumb/v8-m.main+fp/hard\libm.a
END GROUP
START GROUP
LOAD C:/ST/STM32CubeIDE_2.1.1/STM32CubeIDE/plugins/com.st.stm32cube.ide.mcu.externaltools.gnu-tools-for-stm32.14.3.rel1.win32_1.0.100.202602081740/tools/bin/../lib/gcc/arm-none-eabi/14.3.1/thumb/v8-m.main+fp/hard\libgcc.a
LOAD C:/ST/STM32CubeIDE_2.1.1/STM32CubeIDE/plugins/com.st.stm32cube.ide.mcu.externaltools.gnu-tools-for-stm32.14.3.rel1.win32_1.0.100.202602081740/tools/bin/../lib/gcc/arm-none-eabi/14.3.1/../../../../arm-none-eabi/lib/thumb/v8-m.main+fp/hard\libc_nano.a
END GROUP
START GROUP
LOAD C:/ST/STM32CubeIDE_2.1.1/STM32CubeIDE/plugins/com.st.stm32cube.ide.mcu.externaltools.gnu-tools-for-stm32.14.3.rel1.win32_1.0.100.202602081740/tools/bin/../lib/gcc/arm-none-eabi/14.3.1/thumb/v8-m.main+fp/hard\libgcc.a
LOAD C:/ST/STM32CubeIDE_2.1.1/STM32CubeIDE/plugins/com.st.stm32cube.ide.mcu.externaltools.gnu-tools-for-stm32.14.3.rel1.win32_1.0.100.202602081740/tools/bin/../lib/gcc/arm-none-eabi/14.3.1/../../../../arm-none-eabi/lib/thumb/v8-m.main+fp/hard\libc_nano.a
LOAD C:/ST/STM32CubeIDE_2.1.1/STM32CubeIDE/plugins/com.st.stm32cube.ide.mcu.externaltools.gnu-tools-for-stm32.14.3.rel1.win32_1.0.100.202602081740/tools/bin/../lib/gcc/arm-none-eabi/14.3.1/../../../../arm-none-eabi/lib/thumb/v8-m.main+fp/hard\libnosys.a
END GROUP
START GROUP
LOAD C:/ST/STM32CubeIDE_2.1.1/STM32CubeIDE/plugins/com.st.stm32cube.ide.mcu.externaltools.gnu-tools-for-stm32.14.3.rel1.win32_1.0.100.202602081740/tools/bin/../lib/gcc/arm-none-eabi/14.3.1/thumb/v8-m.main+fp/hard\libgcc.a
LOAD C:/ST/STM32CubeIDE_2.1.1/STM32CubeIDE/plugins/com.st.stm32cube.ide.mcu.externaltools.gnu-tools-for-stm32.14.3.rel1.win32_1.0.100.202602081740/tools/bin/../lib/gcc/arm-none-eabi/14.3.1/../../../../arm-none-eabi/lib/thumb/v8-m.main+fp/hard\libc_nano.a
LOAD C:/ST/STM32CubeIDE_2.1.1/STM32CubeIDE/plugins/com.st.stm32cube.ide.mcu.externaltools.gnu-tools-for-stm32.14.3.rel1.win32_1.0.100.202602081740/tools/bin/../lib/gcc/arm-none-eabi/14.3.1/../../../../arm-none-eabi/lib/thumb/v8-m.main+fp/hard\libnosys.a
END GROUP
LOAD C:/ST/STM32CubeIDE_2.1.1/STM32CubeIDE/plugins/com.st.stm32cube.ide.mcu.externaltools.gnu-tools-for-stm32.14.3.rel1.win32_1.0.100.202602081740/tools/bin/../lib/gcc/arm-none-eabi/14.3.1/thumb/v8-m.main+fp/hard/crtend.o
LOAD C:/ST/STM32CubeIDE_2.1.1/STM32CubeIDE/plugins/com.st.stm32cube.ide.mcu.externaltools.gnu-tools-for-stm32.14.3.rel1.win32_1.0.100.202602081740/tools/bin/../lib/gcc/arm-none-eabi/14.3.1/thumb/v8-m.main+fp/hard/crtn.o
                0x30018000                        _estack = (ORIGIN (RAM) + LENGTH (RAM))
                0x00000200                        _Min_Heap_Size = 0x200
                0x00000400                        _Min_Stack_Size = 0x400

.isr_vector     0x0c000000      0x1f4
                0x0c000000                        . = ALIGN (0x4)
 *(.isr_vector)
 .isr_vector    0x0c000000      0x1f4 ./Core/Startup/startup_stm32l562qeixq.o
                0x0c000000                g_pfnVectors
                0x0c0001f4                        . = ALIGN (0x4)

.text           0x0c0001f4     0x605c
                0x0c0001f4                        . = ALIGN (0x4)
 *(.text)
 .text          0x0c0001f4       0x40 C:/ST/STM32CubeIDE_2.1.1/STM32CubeIDE/plugins/com.st.stm32cube.ide.mcu.externaltools.gnu-tools-for-stm32.14.3.rel1.win32_1.0.100.202602081740/tools/bin/../lib/gcc/arm-none-eabi/14.3.1/thumb/v8-m.main+fp/hard/crtbegin.o
 .text          0x0c000234       0xd8 C:/ST/STM32CubeIDE_2.1.1/STM32CubeIDE/plugins/com.st.stm32cube.ide.mcu.externaltools.gnu-tools-for-stm32.14.3.rel1.win32_1.0.100.202602081740/tools/bin/../lib/gcc/arm-none-eabi/14.3.1/thumb/v8-m.main+fp/hard\libgcc.a(cmse.o)
                0x0c000234                cmse_check_address_range
 .text          0x0c00030c       0x5c C:/ST/STM32CubeIDE_2.1.1/STM32CubeIDE/plugins/com.st.stm32cube.ide.mcu.externaltools.gnu-tools-for-stm32.14.3.rel1.win32_1.0.100.202602081740/tools/bin/../lib/gcc/arm-none-eabi/14.3.1/thumb/v8-m.main+fp/hard\libgcc.a(cmse_nonsecure_call.o)
                0x0c00030c                __gnu_cmse_nonsecure_call
 .text          0x0c000368       0x30 C:/ST/STM32CubeIDE_2.1.1/STM32CubeIDE/plugins/com.st.stm32cube.ide.mcu.externaltools.gnu-tools-for-stm32.14.3.rel1.win32_1.0.100.202602081740/tools/bin/../lib/gcc/arm-none-eabi/14.3.1/thumb/v8-m.main+fp/hard\libgcc.a(_aeabi_uldivmod.o)
                0x0c000368                __aeabi_uldivmod
 .text          0x0c000398      0x34c C:/ST/STM32CubeIDE_2.1.1/STM32CubeIDE/plugins/com.st.stm32cube.ide.mcu.externaltools.gnu-tools-for-stm32.14.3.rel1.win32_1.0.100.202602081740/tools/bin/../lib/gcc/arm-none-eabi/14.3.1/thumb/v8-m.main+fp/hard\libgcc.a(_udivmoddi4.o)
                0x0c000398                __udivmoddi4
 .text          0x0c0006e4        0x4 C:/ST/STM32CubeIDE_2.1.1/STM32CubeIDE/plugins/com.st.stm32cube.ide.mcu.externaltools.gnu-tools-for-stm32.14.3.rel1.win32_1.0.100.202602081740/tools/bin/../lib/gcc/arm-none-eabi/14.3.1/thumb/v8-m.main+fp/hard\libgcc.a(_dvmd_tls.o)
                0x0c0006e4                __aeabi_idiv0
                0x0c0006e4                __aeabi_ldiv0
 *(.text*)
 .text.main     0x0c0006e8       0x7c ./Core/Src/main.o
                0x0c0006e8                main
 .text.NonSecure_Init
                0x0c000764       0x88 ./Core/Src/main.o
 .text.SystemClock_Config
                0x0c0007ec       0xa2 ./Core/Src/main.o
                0x0c0007ec                SystemClock_Config
 *fill*         0x0c00088e        0x2 
 .text.MX_GTZC_S_Init
                0x0c000890      0x108 ./Core/Src/main.o
 .text.MX_ICACHE_Init
                0x0c000998       0x26 ./Core/Src/main.o
 *fill*         0x0c0009be        0x2 
 .text.MX_USART1_UART_Init
                0x0c0009c0       0x9c ./Core/Src/main.o
 .text.MX_DMA_Init
                0x0c000a5c      0x1a0 ./Core/Src/main.o
 .text.MX_GPIO_Init
                0x0c000bfc       0x6c ./Core/Src/main.o
 .text.__io_putchar
                0x0c000c68       0x24 ./Core/Src/main.o
                0x0c000c68                __io_putchar
 .text.Error_Handler
                0x0c000c8c        0xc ./Core/Src/main.o
                0x0c000c8c                Error_Handler
 .text.SECURE_DMA_Fetch_NonSecure_Mem
                0x0c000c98       0xcc ./Core/Src/secure_nsc.o
                0x0c000c98                __acle_se_SECURE_DMA_Fetch_NonSecure_Mem
 .text.SECURE_DMA_NonSecure_Mem_Transfer
                0x0c000d64       0xec ./Core/Src/secure_nsc.o
                0x0c000d64                __acle_se_SECURE_DMA_NonSecure_Mem_Transfer
 .text.SECURE_DATA_Last_Buffer_Compare
                0x0c000e50       0xf8 ./Core/Src/secure_nsc.o
                0x0c000e50                __acle_se_SECURE_DATA_Last_Buffer_Compare
 .text.SECURE_print_Buffer
                0x0c000f48       0xd8 ./Core/Src/secure_nsc.o
                0x0c000f48                __acle_se_SECURE_print_Buffer
 .text.SECURE_print_Log
                0x0c001020       0x80 ./Core/Src/secure_nsc.o
                0x0c001020                __acle_se_SECURE_print_Log
 .text.SECURE_RegisterCallback
                0x0c0010a0       0xac ./Core/Src/secure_nsc.o
                0x0c0010a0                __acle_se_SECURE_RegisterCallback
 .text.NonSecureToSecureTransferComplete
                0x0c00114c       0x80 ./Core/Src/secure_nsc.o
                0x0c00114c                NonSecureToSecureTransferComplete
 .text.NonSecureToSecureTransferError
                0x0c0011cc       0x14 ./Core/Src/secure_nsc.o
                0x0c0011cc                NonSecureToSecureTransferError
 .text.NonSecureToNonSecureTransferComplete
                0x0c0011e0       0x80 ./Core/Src/secure_nsc.o
                0x0c0011e0                NonSecureToNonSecureTransferComplete
 .text.NonSecureToNonSecureTransferError
                0x0c001260       0x14 ./Core/Src/secure_nsc.o
                0x0c001260                NonSecureToNonSecureTransferError
 .text.HAL_MspInit
                0x0c001274       0x70 ./Core/Src/stm32l5xx_hal_msp.o
                0x0c001274                HAL_MspInit
 .text.HAL_UART_MspInit
                0x0c0012e4       0xbc ./Core/Src/stm32l5xx_hal_msp.o
                0x0c0012e4                HAL_UART_MspInit
 .text.NMI_Handler
                0x0c0013a0        0x8 ./Core/Src/stm32l5xx_it.o
                0x0c0013a0                NMI_Handler
 .text.HardFault_Handler
                0x0c0013a8        0x8 ./Core/Src/stm32l5xx_it.o
                0x0c0013a8                HardFault_Handler
 .text.MemManage_Handler
                0x0c0013b0        0x8 ./Core/Src/stm32l5xx_it.o
                0x0c0013b0                MemManage_Handler
 .text.BusFault_Handler
                0x0c0013b8        0x8 ./Core/Src/stm32l5xx_it.o
                0x0c0013b8                BusFault_Handler
 .text.UsageFault_Handler
                0x0c0013c0        0x8 ./Core/Src/stm32l5xx_it.o
                0x0c0013c0                UsageFault_Handler
 .text.SecureFault_Handler
                0x0c0013c8        0x8 ./Core/Src/stm32l5xx_it.o
                0x0c0013c8                SecureFault_Handler
 .text.SVC_Handler
                0x0c0013d0        0xe ./Core/Src/stm32l5xx_it.o
                0x0c0013d0                SVC_Handler
 .text.DebugMon_Handler
                0x0c0013de        0xe ./Core/Src/stm32l5xx_it.o
                0x0c0013de                DebugMon_Handler
 .text.PendSV_Handler
                0x0c0013ec        0xe ./Core/Src/stm32l5xx_it.o
                0x0c0013ec                PendSV_Handler
 .text.SysTick_Handler
                0x0c0013fa        0xc ./Core/Src/stm32l5xx_it.o
                0x0c0013fa                SysTick_Handler
 .text.GTZC_IRQHandler
                0x0c001406        0xc ./Core/Src/stm32l5xx_it.o
                0x0c001406                GTZC_IRQHandler
 *fill*         0x0c001412        0x2 
 .text.DMA1_Channel3_IRQHandler
                0x0c001414       0x14 ./Core/Src/stm32l5xx_it.o
                0x0c001414                DMA1_Channel3_IRQHandler
 .text.DMA1_Channel2_IRQHandler
                0x0c001428       0x14 ./Core/Src/stm32l5xx_it.o
                0x0c001428                DMA1_Channel2_IRQHandler
 .text._read    0x0c00143c       0x3a ./Core/Src/syscalls.o
                0x0c00143c                _read
 .text._write   0x0c001476       0x38 ./Core/Src/syscalls.o
                0x0c001476                _write
 .text._close   0x0c0014ae       0x18 ./Core/Src/syscalls.o
                0x0c0014ae                _close
 .text._fstat   0x0c0014c6       0x20 ./Core/Src/syscalls.o
                0x0c0014c6                _fstat
 .text._isatty  0x0c0014e6       0x16 ./Core/Src/syscalls.o
                0x0c0014e6                _isatty
 .text._lseek   0x0c0014fc       0x1a ./Core/Src/syscalls.o
                0x0c0014fc                _lseek
 *fill*         0x0c001516        0x2 
 .text._sbrk    0x0c001518       0x6c ./Core/Src/sysmem.o
                0x0c001518                _sbrk
 .text.TZ_SAU_Setup
                0x0c001584       0xfc ./Core/Src/system_stm32l5xx_s.o
 .text.SystemInit
                0x0c001680       0x34 ./Core/Src/system_stm32l5xx_s.o
                0x0c001680                SystemInit
 .text.SystemCoreClockUpdate
                0x0c0016b4      0x15c ./Core/Src/system_stm32l5xx_s.o
                0x0c0016b4                SystemCoreClockUpdate
 .text.SECURE_SystemCoreClockUpdate
                0x0c001810       0x80 ./Core/Src/system_stm32l5xx_s.o
                0x0c001810                __acle_se_SECURE_SystemCoreClockUpdate
 .text.Reset_Handler
                0x0c001890       0x50 ./Core/Startup/startup_stm32l562qeixq.o
                0x0c001890                Reset_Handler
 .text.Default_Handler
                0x0c0018e0        0x2 ./Core/Startup/startup_stm32l562qeixq.o
                0x0c0018e0                EXTI2_IRQHandler
                0x0c0018e0                TIM8_TRG_COM_IRQHandler
                0x0c0018e0                TIM8_CC_IRQHandler
                0x0c0018e0                EXTI5_IRQHandler
                0x0c0018e0                FLASH_S_IRQHandler
                0x0c0018e0                EXTI13_IRQHandler
                0x0c0018e0                TIM1_CC_IRQHandler
                0x0c0018e0                TSC_IRQHandler
                0x0c0018e0                TAMP_IRQHandler
                0x0c0018e0                TIM6_IRQHandler
                0x0c0018e0                EXTI12_IRQHandler
                0x0c0018e0                DMA2_Channel8_IRQHandler
                0x0c0018e0                EXTI3_IRQHandler
                0x0c0018e0                EXTI8_IRQHandler
                0x0c0018e0                LPTIM2_IRQHandler
                0x0c0018e0                DFSDM1_FLT1_IRQHandler
                0x0c0018e0                USB_FS_IRQHandler
                0x0c0018e0                I2C3_ER_IRQHandler
                0x0c0018e0                DFSDM1_FLT2_IRQHandler
                0x0c0018e0                DMAMUX1_IRQHandler
                0x0c0018e0                LPTIM3_IRQHandler
                0x0c0018e0                EXTI0_IRQHandler
                0x0c0018e0                I2C2_EV_IRQHandler
                0x0c0018e0                FPU_IRQHandler
                0x0c0018e0                FDCAN1_IT1_IRQHandler
                0x0c0018e0                ADC1_2_IRQHandler
                0x0c0018e0                SPI1_IRQHandler
                0x0c0018e0                OCTOSPI1_IRQHandler
                0x0c0018e0                TIM8_UP_IRQHandler
                0x0c0018e0                RCC_S_IRQHandler
                0x0c0018e0                DMA2_Channel2_IRQHandler
                0x0c0018e0                DMA1_Channel4_IRQHandler
                0x0c0018e0                SAI2_IRQHandler
                0x0c0018e0                DFSDM1_FLT3_IRQHandler
                0x0c0018e0                PKA_IRQHandler
                0x0c0018e0                EXTI15_IRQHandler
                0x0c0018e0                TIM17_IRQHandler
                0x0c0018e0                USART3_IRQHandler
                0x0c0018e0                RTC_IRQHandler
                0x0c0018e0                EXTI9_IRQHandler
                0x0c0018e0                DMA1_Channel7_IRQHandler
                0x0c0018e0                UART5_IRQHandler
                0x0c0018e0                TIM4_IRQHandler
                0x0c0018e0                DMA2_Channel1_IRQHandler
                0x0c0018e0                I2C1_EV_IRQHandler
                0x0c0018e0                DMA1_Channel6_IRQHandler
                0x0c0018e0                TIM16_IRQHandler
                0x0c0018e0                UART4_IRQHandler
                0x0c0018e0                DMA2_Channel4_IRQHandler
                0x0c0018e0                TIM3_IRQHandler
                0x0c0018e0                RCC_IRQHandler
                0x0c0018e0                TIM1_TRG_COM_IRQHandler
                0x0c0018e0                DMA1_Channel1_IRQHandler
                0x0c0018e0                Default_Handler
                0x0c0018e0                DMA2_Channel7_IRQHandler
                0x0c0018e0                OTFDEC1_IRQHandler
                0x0c0018e0                DMA1_Channel8_IRQHandler
                0x0c0018e0                TIM7_IRQHandler
                0x0c0018e0                SDMMC1_IRQHandler
                0x0c0018e0                TIM5_IRQHandler
                0x0c0018e0                UCPD1_IRQHandler
                0x0c0018e0                TIM15_IRQHandler
                0x0c0018e0                I2C3_EV_IRQHandler
                0x0c0018e0                PVD_PVM_IRQHandler
                0x0c0018e0                SPI2_IRQHandler
                0x0c0018e0                EXTI14_IRQHandler
                0x0c0018e0                EXTI11_IRQHandler
                0x0c0018e0                DMA2_Channel5_IRQHandler
                0x0c0018e0                CRS_IRQHandler
                0x0c0018e0                DMA1_Channel5_IRQHandler
                0x0c0018e0                EXTI4_IRQHandler
                0x0c0018e0                RTC_S_IRQHandler
                0x0c0018e0                RNG_IRQHandler
                0x0c0018e0                DMAMUX1_S_IRQHandler
                0x0c0018e0                COMP_IRQHandler
                0x0c0018e0                TIM1_UP_IRQHandler
                0x0c0018e0                WWDG_IRQHandler
                0x0c0018e0                I2C4_EV_IRQHandler
                0x0c0018e0                LPUART1_IRQHandler
                0x0c0018e0                DMA2_Channel6_IRQHandler
                0x0c0018e0                FDCAN1_IT0_IRQHandler
                0x0c0018e0                TIM2_IRQHandler
                0x0c0018e0                TAMP_S_IRQHandler
                0x0c0018e0                EXTI7_IRQHandler
                0x0c0018e0                TIM1_BRK_IRQHandler
                0x0c0018e0                DAC_IRQHandler
                0x0c0018e0                EXTI1_IRQHandler
                0x0c0018e0                AES_IRQHandler
                0x0c0018e0                USART2_IRQHandler
                0x0c0018e0                DFSDM1_FLT0_IRQHandler
                0x0c0018e0                I2C2_ER_IRQHandler
                0x0c0018e0                TIM8_BRK_IRQHandler
                0x0c0018e0                FLASH_IRQHandler
                0x0c0018e0                USART1_IRQHandler
                0x0c0018e0                EXTI10_IRQHandler
                0x0c0018e0                SPI3_IRQHandler
                0x0c0018e0                I2C1_ER_IRQHandler
                0x0c0018e0                FMC_IRQHandler
                0x0c0018e0                EXTI6_IRQHandler
                0x0c0018e0                LPTIM1_IRQHandler
                0x0c0018e0                I2C4_ER_IRQHandler
                0x0c0018e0                ICACHE_IRQHandler
                0x0c0018e0                SAI1_IRQHandler
                0x0c0018e0                HASH_IRQHandler
                0x0c0018e0                DMA2_Channel3_IRQHandler
 .text.HAL_Init
                0x0c0018e2       0x34 ./Drivers/STM32L5xx_HAL_Driver/stm32l5xx_hal.o
                0x0c0018e2                HAL_Init
 *fill*         0x0c001916        0x2 
 .text.HAL_InitTick
                0x0c001918       0x78 ./Drivers/STM32L5xx_HAL_Driver/stm32l5xx_hal.o
                0x0c001918                HAL_InitTick
 .text.HAL_IncTick
                0x0c001990       0x28 ./Drivers/STM32L5xx_HAL_Driver/stm32l5xx_hal.o
                0x0c001990                HAL_IncTick
 .text.HAL_GetTick
                0x0c0019b8       0x18 ./Drivers/STM32L5xx_HAL_Driver/stm32l5xx_hal.o
                0x0c0019b8                HAL_GetTick
 .text.HAL_SuspendTick
                0x0c0019d0       0x20 ./Drivers/STM32L5xx_HAL_Driver/stm32l5xx_hal.o
                0x0c0019d0                HAL_SuspendTick
 .text.__NVIC_SetPriorityGrouping
                0x0c0019f0       0x48 ./Drivers/STM32L5xx_HAL_Driver/stm32l5xx_hal_cortex.o
 .text.__NVIC_GetPriorityGrouping
                0x0c001a38       0x1c ./Drivers/STM32L5xx_HAL_Driver/stm32l5xx_hal_cortex.o
 .text.__NVIC_EnableIRQ
                0x0c001a54       0x3c ./Drivers/STM32L5xx_HAL_Driver/stm32l5xx_hal_cortex.o
 .text.__NVIC_SetPriority
                0x0c001a90       0x54 ./Drivers/STM32L5xx_HAL_Driver/stm32l5xx_hal_cortex.o
 .text.NVIC_EncodePriority
                0x0c001ae4       0x66 ./Drivers/STM32L5xx_HAL_Driver/stm32l5xx_hal_cortex.o
 *fill*         0x0c001b4a        0x2 
 .text.SysTick_Config
                0x0c001b4c       0x44 ./Drivers/STM32L5xx_HAL_Driver/stm32l5xx_hal_cortex.o
 .text.HAL_NVIC_SetPriorityGrouping
                0x0c001b90       0x16 ./Drivers/STM32L5xx_HAL_Driver/stm32l5xx_hal_cortex.o
                0x0c001b90                HAL_NVIC_SetPriorityGrouping
 .text.HAL_NVIC_SetPriority
                0x0c001ba6       0x34 ./Drivers/STM32L5xx_HAL_Driver/stm32l5xx_hal_cortex.o
                0x0c001ba6                HAL_NVIC_SetPriority
 .text.HAL_NVIC_EnableIRQ
                0x0c001bda       0x1c ./Drivers/STM32L5xx_HAL_Driver/stm32l5xx_hal_cortex.o
                0x0c001bda                HAL_NVIC_EnableIRQ
 .text.HAL_SYSTICK_Config
                0x0c001bf6       0x18 ./Drivers/STM32L5xx_HAL_Driver/stm32l5xx_hal_cortex.o
                0x0c001bf6                HAL_SYSTICK_Config
 *fill*         0x0c001c0e        0x2 
 .text.HAL_DMA_Init
                0x0c001c10      0x150 ./Drivers/STM32L5xx_HAL_Driver/stm32l5xx_hal_dma.o
                0x0c001c10                HAL_DMA_Init
 .text.HAL_DMA_Start_IT
                0x0c001d60       0xf6 ./Drivers/STM32L5xx_HAL_Driver/stm32l5xx_hal_dma.o
                0x0c001d60                HAL_DMA_Start_IT
 .text.HAL_DMA_IRQHandler
                0x0c001e56      0x200 ./Drivers/STM32L5xx_HAL_Driver/stm32l5xx_hal_dma.o
                0x0c001e56                HAL_DMA_IRQHandler
 *fill*         0x0c002056        0x2 
 .text.HAL_DMA_RegisterCallback
                0x0c002058       0xa8 ./Drivers/STM32L5xx_HAL_Driver/stm32l5xx_hal_dma.o
                0x0c002058                HAL_DMA_RegisterCallback
 .text.HAL_DMA_ConfigChannelAttributes
                0x0c002100      0x110 ./Drivers/STM32L5xx_HAL_Driver/stm32l5xx_hal_dma.o
                0x0c002100                HAL_DMA_ConfigChannelAttributes
 .text.DMA_SetConfig
                0x0c002210       0x7c ./Drivers/STM32L5xx_HAL_Driver/stm32l5xx_hal_dma.o
 .text.DMA_CalcDMAMUXChannelBaseAndMask
                0x0c00228c       0x7c ./Drivers/STM32L5xx_HAL_Driver/stm32l5xx_hal_dma.o
 .text.DMA_CalcDMAMUXRequestGenBaseAndMask
                0x0c002308       0x48 ./Drivers/STM32L5xx_HAL_Driver/stm32l5xx_hal_dma.o
 .text.HAL_GPIO_Init
                0x0c002350      0x300 ./Drivers/STM32L5xx_HAL_Driver/stm32l5xx_hal_gpio.o
                0x0c002350                HAL_GPIO_Init
 .text.HAL_GPIO_ConfigPinAttributes
                0x0c002650       0x70 ./Drivers/STM32L5xx_HAL_Driver/stm32l5xx_hal_gpio.o
                0x0c002650                HAL_GPIO_ConfigPinAttributes
 .text.HAL_GTZC_TZSC_ConfigPeriphAttributes
                0x0c0026c0      0x1b0 ./Drivers/STM32L5xx_HAL_Driver/stm32l5xx_hal_gtzc.o
                0x0c0026c0                HAL_GTZC_TZSC_ConfigPeriphAttributes
 .text.HAL_GTZC_MPCBB_ConfigMem
                0x0c002870      0x108 ./Drivers/STM32L5xx_HAL_Driver/stm32l5xx_hal_gtzc.o
                0x0c002870                HAL_GTZC_MPCBB_ConfigMem
 .text.HAL_GTZC_IRQHandler
                0x0c002978      0x108 ./Drivers/STM32L5xx_HAL_Driver/stm32l5xx_hal_gtzc.o
                0x0c002978                HAL_GTZC_IRQHandler
 .text.HAL_GTZC_TZIC_Callback
                0x0c002a80       0x14 ./Drivers/STM32L5xx_HAL_Driver/stm32l5xx_hal_gtzc.o
                0x0c002a80                HAL_GTZC_TZIC_Callback
 .text.HAL_ICACHE_ConfigAssociativityMode
                0x0c002a94       0x40 ./Drivers/STM32L5xx_HAL_Driver/stm32l5xx_hal_icache.o
                0x0c002a94                HAL_ICACHE_ConfigAssociativityMode
 .text.HAL_ICACHE_Enable
                0x0c002ad4       0x20 ./Drivers/STM32L5xx_HAL_Driver/stm32l5xx_hal_icache.o
                0x0c002ad4                HAL_ICACHE_Enable
 .text.HAL_PWREx_GetVoltageRange
                0x0c002af4       0x1c ./Drivers/STM32L5xx_HAL_Driver/stm32l5xx_hal_pwr_ex.o
                0x0c002af4                HAL_PWREx_GetVoltageRange
 .text.HAL_PWREx_ControlVoltageScaling
                0x0c002b10       0xb8 ./Drivers/STM32L5xx_HAL_Driver/stm32l5xx_hal_pwr_ex.o
                0x0c002b10                HAL_PWREx_ControlVoltageScaling
 .text.HAL_PWREx_DisableUCPDDeadBattery
                0x0c002bc8       0x20 ./Drivers/STM32L5xx_HAL_Driver/stm32l5xx_hal_pwr_ex.o
                0x0c002bc8                HAL_PWREx_DisableUCPDDeadBattery
 .text.HAL_PWREx_SMPS_GetEffectiveMode
                0x0c002be8       0x48 ./Drivers/STM32L5xx_HAL_Driver/stm32l5xx_hal_pwr_ex.o
                0x0c002be8                HAL_PWREx_SMPS_GetEffectiveMode
 .text.HAL_RCC_OscConfig
                0x0c002c30      0x9ac ./Drivers/STM32L5xx_HAL_Driver/stm32l5xx_hal_rcc.o
                0x0c002c30                HAL_RCC_OscConfig
 .text.HAL_RCC_ClockConfig
                0x0c0035dc      0x270 ./Drivers/STM32L5xx_HAL_Driver/stm32l5xx_hal_rcc.o
                0x0c0035dc                HAL_RCC_ClockConfig
 .text.HAL_RCC_GetSysClockFreq
                0x0c00384c      0x13c ./Drivers/STM32L5xx_HAL_Driver/stm32l5xx_hal_rcc.o
                0x0c00384c                HAL_RCC_GetSysClockFreq
 .text.HAL_RCC_GetHCLKFreq
                0x0c003988       0x28 ./Drivers/STM32L5xx_HAL_Driver/stm32l5xx_hal_rcc.o
                0x0c003988                HAL_RCC_GetHCLKFreq
 .text.HAL_RCC_GetPCLK1Freq
                0x0c0039b0       0x28 ./Drivers/STM32L5xx_HAL_Driver/stm32l5xx_hal_rcc.o
                0x0c0039b0                HAL_RCC_GetPCLK1Freq
 .text.HAL_RCC_GetPCLK2Freq
                0x0c0039d8       0x28 ./Drivers/STM32L5xx_HAL_Driver/stm32l5xx_hal_rcc.o
                0x0c0039d8                HAL_RCC_GetPCLK2Freq
 .text.RCC_SetFlashLatencyFromMSIRange
                0x0c003a00       0xc8 ./Drivers/STM32L5xx_HAL_Driver/stm32l5xx_hal_rcc.o
 .text.RCC_GetSysClockFreqFromPLLSource
                0x0c003ac8       0xdc ./Drivers/STM32L5xx_HAL_Driver/stm32l5xx_hal_rcc.o
 .text.HAL_RCCEx_PeriphCLKConfig
                0x0c003ba4      0x708 ./Drivers/STM32L5xx_HAL_Driver/stm32l5xx_hal_rcc_ex.o
                0x0c003ba4                HAL_RCCEx_PeriphCLKConfig
 .text.RCCEx_PLLSAI1_Config
                0x0c0042ac      0x1cc ./Drivers/STM32L5xx_HAL_Driver/stm32l5xx_hal_rcc_ex.o
 .text.RCCEx_PLLSAI2_Config
                0x0c004478      0x158 ./Drivers/STM32L5xx_HAL_Driver/stm32l5xx_hal_rcc_ex.o
 .text.HAL_UART_Init
                0x0c0045d0       0xa0 ./Drivers/STM32L5xx_HAL_Driver/stm32l5xx_hal_uart.o
                0x0c0045d0                HAL_UART_Init
 .text.HAL_UART_Transmit
                0x0c004670      0x11c ./Drivers/STM32L5xx_HAL_Driver/stm32l5xx_hal_uart.o
                0x0c004670                HAL_UART_Transmit
 .text.UART_SetConfig
                0x0c00478c      0x5fc ./Drivers/STM32L5xx_HAL_Driver/stm32l5xx_hal_uart.o
                0x0c00478c                UART_SetConfig
 .text.UART_AdvFeatureConfig
                0x0c004d88      0x144 ./Drivers/STM32L5xx_HAL_Driver/stm32l5xx_hal_uart.o
                0x0c004d88                UART_AdvFeatureConfig
 .text.UART_CheckIdleState
                0x0c004ecc      0x154 ./Drivers/STM32L5xx_HAL_Driver/stm32l5xx_hal_uart.o
                0x0c004ecc                UART_CheckIdleState
 .text.UART_WaitOnFlagUntilTimeout
                0x0c005020       0xce ./Drivers/STM32L5xx_HAL_Driver/stm32l5xx_hal_uart.o
                0x0c005020                UART_WaitOnFlagUntilTimeout
 .text.UART_EndRxTransfer
                0x0c0050ee       0xcc ./Drivers/STM32L5xx_HAL_Driver/stm32l5xx_hal_uart.o
 .text.HAL_UARTEx_DisableFifoMode
                0x0c0051ba       0x72 ./Drivers/STM32L5xx_HAL_Driver/stm32l5xx_hal_uart_ex.o
                0x0c0051ba                HAL_UARTEx_DisableFifoMode
 .text.HAL_UARTEx_SetTxFifoThreshold
                0x0c00522c       0x7c ./Drivers/STM32L5xx_HAL_Driver/stm32l5xx_hal_uart_ex.o
                0x0c00522c                HAL_UARTEx_SetTxFifoThreshold
 .text.HAL_UARTEx_SetRxFifoThreshold
                0x0c0052a8       0x7c ./Drivers/STM32L5xx_HAL_Driver/stm32l5xx_hal_uart_ex.o
                0x0c0052a8                HAL_UARTEx_SetRxFifoThreshold
 .text.UARTEx_SetNbDataToProcess
                0x0c005324       0x9c ./Drivers/STM32L5xx_HAL_Driver/stm32l5xx_hal_uart_ex.o
 .text.std      0x0c0053c0       0x6c C:/ST/STM32CubeIDE_2.1.1/STM32CubeIDE/plugins/com.st.stm32cube.ide.mcu.externaltools.gnu-tools-for-stm32.14.3.rel1.win32_1.0.100.202602081740/tools/bin/../lib/gcc/arm-none-eabi/14.3.1/../../../../arm-none-eabi/lib/thumb/v8-m.main+fp/hard\libc_nano.a(libc_a-findfp.o)
 .text.stdio_exit_handler
                0x0c00542c       0x18 C:/ST/STM32CubeIDE_2.1.1/STM32CubeIDE/plugins/com.st.stm32cube.ide.mcu.externaltools.gnu-tools-for-stm32.14.3.rel1.win32_1.0.100.202602081740/tools/bin/../lib/gcc/arm-none-eabi/14.3.1/../../../../arm-none-eabi/lib/thumb/v8-m.main+fp/hard\libc_nano.a(libc_a-findfp.o)
 .text.cleanup_stdio
                0x0c005444       0x40 C:/ST/STM32CubeIDE_2.1.1/STM32CubeIDE/plugins/com.st.stm32cube.ide.mcu.externaltools.gnu-tools-for-stm32.14.3.rel1.win32_1.0.100.202602081740/tools/bin/../lib/gcc/arm-none-eabi/14.3.1/../../../../arm-none-eabi/lib/thumb/v8-m.main+fp/hard\libc_nano.a(libc_a-findfp.o)
 .text.global_stdio_init.part.0
                0x0c005484       0x40 C:/ST/STM32CubeIDE_2.1.1/STM32CubeIDE/plugins/com.st.stm32cube.ide.mcu.externaltools.gnu-tools-for-stm32.14.3.rel1.win32_1.0.100.202602081740/tools/bin/../lib/gcc/arm-none-eabi/14.3.1/../../../../arm-none-eabi/lib/thumb/v8-m.main+fp/hard\libc_nano.a(libc_a-findfp.o)
 .text.__sfp_lock_acquire
                0x0c0054c4        0xc C:/ST/STM32CubeIDE_2.1.1/STM32CubeIDE/plugins/com.st.stm32cube.ide.mcu.externaltools.gnu-tools-for-stm32.14.3.rel1.win32_1.0.100.202602081740/tools/bin/../lib/gcc/arm-none-eabi/14.3.1/../../../../arm-none-eabi/lib/thumb/v8-m.main+fp/hard\libc_nano.a(libc_a-findfp.o)
                0x0c0054c4                __sfp_lock_acquire
 .text.__sfp_lock_release
                0x0c0054d0        0xc C:/ST/STM32CubeIDE_2.1.1/STM32CubeIDE/plugins/com.st.stm32cube.ide.mcu.externaltools.gnu-tools-for-stm32.14.3.rel1.win32_1.0.100.202602081740/tools/bin/../lib/gcc/arm-none-eabi/14.3.1/../../../../arm-none-eabi/lib/thumb/v8-m.main+fp/hard\libc_nano.a(libc_a-findfp.o)
                0x0c0054d0                __sfp_lock_release
 .text.__sinit  0x0c0054dc       0x30 C:/ST/STM32CubeIDE_2.1.1/STM32CubeIDE/plugins/com.st.stm32cube.ide.mcu.externaltools.gnu-tools-for-stm32.14.3.rel1.win32_1.0.100.202602081740/tools/bin/../lib/gcc/arm-none-eabi/14.3.1/../../../../arm-none-eabi/lib/thumb/v8-m.main+fp/hard\libc_nano.a(libc_a-findfp.o)
                0x0c0054dc                __sinit
 .text._fwalk_sglue
                0x0c00550c       0x3c C:/ST/STM32CubeIDE_2.1.1/STM32CubeIDE/plugins/com.st.stm32cube.ide.mcu.externaltools.gnu-tools-for-stm32.14.3.rel1.win32_1.0.100.202602081740/tools/bin/../lib/gcc/arm-none-eabi/14.3.1/../../../../arm-none-eabi/lib/thumb/v8-m.main+fp/hard\libc_nano.a(libc_a-fwalk.o)
                0x0c00550c                _fwalk_sglue
 .text.printf   0x0c005548       0x24 C:/ST/STM32CubeIDE_2.1.1/STM32CubeIDE/plugins/com.st.stm32cube.ide.mcu.externaltools.gnu-tools-for-stm32.14.3.rel1.win32_1.0.100.202602081740/tools/bin/../lib/gcc/arm-none-eabi/14.3.1/../../../../arm-none-eabi/lib/thumb/v8-m.main+fp/hard\libc_nano.a(libc_a-printf.o)
                0x0c005548                iprintf
                0x0c005548                printf
 .text.__sread  0x0c00556c       0x22 C:/ST/STM32CubeIDE_2.1.1/STM32CubeIDE/plugins/com.st.stm32cube.ide.mcu.externaltools.gnu-tools-for-stm32.14.3.rel1.win32_1.0.100.202602081740/tools/bin/../lib/gcc/arm-none-eabi/14.3.1/../../../../arm-none-eabi/lib/thumb/v8-m.main+fp/hard\libc_nano.a(libc_a-stdio.o)
                0x0c00556c                __sread
 .text.__swrite
                0x0c00558e       0x38 C:/ST/STM32CubeIDE_2.1.1/STM32CubeIDE/plugins/com.st.stm32cube.ide.mcu.externaltools.gnu-tools-for-stm32.14.3.rel1.win32_1.0.100.202602081740/tools/bin/../lib/gcc/arm-none-eabi/14.3.1/../../../../arm-none-eabi/lib/thumb/v8-m.main+fp/hard\libc_nano.a(libc_a-stdio.o)
                0x0c00558e                __swrite
 .text.__sseek  0x0c0055c6       0x26 C:/ST/STM32CubeIDE_2.1.1/STM32CubeIDE/plugins/com.st.stm32cube.ide.mcu.externaltools.gnu-tools-for-stm32.14.3.rel1.win32_1.0.100.202602081740/tools/bin/../lib/gcc/arm-none-eabi/14.3.1/../../../../arm-none-eabi/lib/thumb/v8-m.main+fp/hard\libc_nano.a(libc_a-stdio.o)
                0x0c0055c6                __sseek
 .text.__sclose
                0x0c0055ec        0x8 C:/ST/STM32CubeIDE_2.1.1/STM32CubeIDE/plugins/com.st.stm32cube.ide.mcu.externaltools.gnu-tools-for-stm32.14.3.rel1.win32_1.0.100.202602081740/tools/bin/../lib/gcc/arm-none-eabi/14.3.1/../../../../arm-none-eabi/lib/thumb/v8-m.main+fp/hard\libc_nano.a(libc_a-stdio.o)
                0x0c0055ec                __sclose
 .text.memset   0x0c0055f4       0x10 C:/ST/STM32CubeIDE_2.1.1/STM32CubeIDE/plugins/com.st.stm32cube.ide.mcu.externaltools.gnu-tools-for-stm32.14.3.rel1.win32_1.0.100.202602081740/tools/bin/../lib/gcc/arm-none-eabi/14.3.1/../../../../arm-none-eabi/lib/thumb/v8-m.main+fp/hard\libc_nano.a(libc_a-memset.o)
                0x0c0055f4                memset
 .text._close_r
                0x0c005604       0x20 C:/ST/STM32CubeIDE_2.1.1/STM32CubeIDE/plugins/com.st.stm32cube.ide.mcu.externaltools.gnu-tools-for-stm32.14.3.rel1.win32_1.0.100.202602081740/tools/bin/../lib/gcc/arm-none-eabi/14.3.1/../../../../arm-none-eabi/lib/thumb/v8-m.main+fp/hard\libc_nano.a(libc_a-closer.o)
                0x0c005604                _close_r
 .text._lseek_r
                0x0c005624       0x24 C:/ST/STM32CubeIDE_2.1.1/STM32CubeIDE/plugins/com.st.stm32cube.ide.mcu.externaltools.gnu-tools-for-stm32.14.3.rel1.win32_1.0.100.202602081740/tools/bin/../lib/gcc/arm-none-eabi/14.3.1/../../../../arm-none-eabi/lib/thumb/v8-m.main+fp/hard\libc_nano.a(libc_a-lseekr.o)
                0x0c005624                _lseek_r
 .text._read_r  0x0c005648       0x24 C:/ST/STM32CubeIDE_2.1.1/STM32CubeIDE/plugins/com.st.stm32cube.ide.mcu.externaltools.gnu-tools-for-stm32.14.3.rel1.win32_1.0.100.202602081740/tools/bin/../lib/gcc/arm-none-eabi/14.3.1/../../../../arm-none-eabi/lib/thumb/v8-m.main+fp/hard\libc_nano.a(libc_a-readr.o)
                0x0c005648                _read_r
 .text._write_r
                0x0c00566c       0x24 C:/ST/STM32CubeIDE_2.1.1/STM32CubeIDE/plugins/com.st.stm32cube.ide.mcu.externaltools.gnu-tools-for-stm32.14.3.rel1.win32_1.0.100.202602081740/tools/bin/../lib/gcc/arm-none-eabi/14.3.1/../../../../arm-none-eabi/lib/thumb/v8-m.main+fp/hard\libc_nano.a(libc_a-writer.o)
                0x0c00566c                _write_r
 .text.__errno  0x0c005690        0xc C:/ST/STM32CubeIDE_2.1.1/STM32CubeIDE/plugins/com.st.stm32cube.ide.mcu.externaltools.gnu-tools-for-stm32.14.3.rel1.win32_1.0.100.202602081740/tools/bin/../lib/gcc/arm-none-eabi/14.3.1/../../../../arm-none-eabi/lib/thumb/v8-m.main+fp/hard\libc_nano.a(libc_a-errno.o)
                0x0c005690                __errno
 .text.__libc_init_array
                0x0c00569c       0x48 C:/ST/STM32CubeIDE_2.1.1/STM32CubeIDE/plugins/com.st.stm32cube.ide.mcu.externaltools.gnu-tools-for-stm32.14.3.rel1.win32_1.0.100.202602081740/tools/bin/../lib/gcc/arm-none-eabi/14.3.1/../../../../arm-none-eabi/lib/thumb/v8-m.main+fp/hard\libc_nano.a(libc_a-init.o)
                0x0c00569c                __libc_init_array
 .text.__retarget_lock_init_recursive
                0x0c0056e4        0x2 C:/ST/STM32CubeIDE_2.1.1/STM32CubeIDE/plugins/com.st.stm32cube.ide.mcu.externaltools.gnu-tools-for-stm32.14.3.rel1.win32_1.0.100.202602081740/tools/bin/../lib/gcc/arm-none-eabi/14.3.1/../../../../arm-none-eabi/lib/thumb/v8-m.main+fp/hard\libc_nano.a(libc_a-lock.o)
                0x0c0056e4                __retarget_lock_init_recursive
 .text.__retarget_lock_acquire_recursive
                0x0c0056e6        0x2 C:/ST/STM32CubeIDE_2.1.1/STM32CubeIDE/plugins/com.st.stm32cube.ide.mcu.externaltools.gnu-tools-for-stm32.14.3.rel1.win32_1.0.100.202602081740/tools/bin/../lib/gcc/arm-none-eabi/14.3.1/../../../../arm-none-eabi/lib/thumb/v8-m.main+fp/hard\libc_nano.a(libc_a-lock.o)
                0x0c0056e6                __retarget_lock_acquire_recursive
 .text.__retarget_lock_release_recursive
                0x0c0056e8        0x2 C:/ST/STM32CubeIDE_2.1.1/STM32CubeIDE/plugins/com.st.stm32cube.ide.mcu.externaltools.gnu-tools-for-stm32.14.3.rel1.win32_1.0.100.202602081740/tools/bin/../lib/gcc/arm-none-eabi/14.3.1/../../../../arm-none-eabi/lib/thumb/v8-m.main+fp/hard\libc_nano.a(libc_a-lock.o)
                0x0c0056e8                __retarget_lock_release_recursive
 *fill*         0x0c0056ea        0x2 
 .text._free_r  0x0c0056ec       0x94 C:/ST/STM32CubeIDE_2.1.1/STM32CubeIDE/plugins/com.st.stm32cube.ide.mcu.externaltools.gnu-tools-for-stm32.14.3.rel1.win32_1.0.100.202602081740/tools/bin/../lib/gcc/arm-none-eabi/14.3.1/../../../../arm-none-eabi/lib/thumb/v8-m.main+fp/hard\libc_nano.a(libc_a-freer.o)
                0x0c0056ec                _free_r
 .text.sbrk_aligned
                0x0c005780       0x44 C:/ST/STM32CubeIDE_2.1.1/STM32CubeIDE/plugins/com.st.stm32cube.ide.mcu.externaltools.gnu-tools-for-stm32.14.3.rel1.win32_1.0.100.202602081740/tools/bin/../lib/gcc/arm-none-eabi/14.3.1/../../../../arm-none-eabi/lib/thumb/v8-m.main+fp/hard\libc_nano.a(libc_a-mallocr.o)
 .text._malloc_r
                0x0c0057c4      0x100 C:/ST/STM32CubeIDE_2.1.1/STM32CubeIDE/plugins/com.st.stm32cube.ide.mcu.externaltools.gnu-tools-for-stm32.14.3.rel1.win32_1.0.100.202602081740/tools/bin/../lib/gcc/arm-none-eabi/14.3.1/../../../../arm-none-eabi/lib/thumb/v8-m.main+fp/hard\libc_nano.a(libc_a-mallocr.o)
                0x0c0057c4                _malloc_r
 .text.__malloc_lock
                0x0c0058c4        0xc C:/ST/STM32CubeIDE_2.1.1/STM32CubeIDE/plugins/com.st.stm32cube.ide.mcu.externaltools.gnu-tools-for-stm32.14.3.rel1.win32_1.0.100.202602081740/tools/bin/../lib/gcc/arm-none-eabi/14.3.1/../../../../arm-none-eabi/lib/thumb/v8-m.main+fp/hard\libc_nano.a(libc_a-mlock.o)
                0x0c0058c4                __malloc_lock
 .text.__malloc_unlock
                0x0c0058d0        0xc C:/ST/STM32CubeIDE_2.1.1/STM32CubeIDE/plugins/com.st.stm32cube.ide.mcu.externaltools.gnu-tools-for-stm32.14.3.rel1.win32_1.0.100.202602081740/tools/bin/../lib/gcc/arm-none-eabi/14.3.1/../../../../arm-none-eabi/lib/thumb/v8-m.main+fp/hard\libc_nano.a(libc_a-mlock.o)
                0x0c0058d0                __malloc_unlock
 .text.__sfputc_r
                0x0c0058dc       0x2e C:/ST/STM32CubeIDE_2.1.1/STM32CubeIDE/plugins/com.st.stm32cube.ide.mcu.externaltools.gnu-tools-for-stm32.14.3.rel1.win32_1.0.100.202602081740/tools/bin/../lib/gcc/arm-none-eabi/14.3.1/../../../../arm-none-eabi/lib/thumb/v8-m.main+fp/hard\libc_nano.a(libc_a-nano-vfprintf.o)
 .text.__sfputs_r
                0x0c00590a       0x24 C:/ST/STM32CubeIDE_2.1.1/STM32CubeIDE/plugins/com.st.stm32cube.ide.mcu.externaltools.gnu-tools-for-stm32.14.3.rel1.win32_1.0.100.202602081740/tools/bin/../lib/gcc/arm-none-eabi/14.3.1/../../../../arm-none-eabi/lib/thumb/v8-m.main+fp/hard\libc_nano.a(libc_a-nano-vfprintf.o)
                0x0c00590a                __sfputs_r
 *fill*         0x0c00592e        0x2 
 .text._vfprintf_r
                0x0c005930      0x228 C:/ST/STM32CubeIDE_2.1.1/STM32CubeIDE/plugins/com.st.stm32cube.ide.mcu.externaltools.gnu-tools-for-stm32.14.3.rel1.win32_1.0.100.202602081740/tools/bin/../lib/gcc/arm-none-eabi/14.3.1/../../../../arm-none-eabi/lib/thumb/v8-m.main+fp/hard\libc_nano.a(libc_a-nano-vfprintf.o)
                0x0c005930                _vfprintf_r
                0x0c005930                _vfiprintf_r
 .text._printf_common
                0x0c005b58       0xe4 C:/ST/STM32CubeIDE_2.1.1/STM32CubeIDE/plugins/com.st.stm32cube.ide.mcu.externaltools.gnu-tools-for-stm32.14.3.rel1.win32_1.0.100.202602081740/tools/bin/../lib/gcc/arm-none-eabi/14.3.1/../../../../arm-none-eabi/lib/thumb/v8-m.main+fp/hard\libc_nano.a(libc_a-nano-vfprintf_i.o)
                0x0c005b58                _printf_common
 .text._printf_i
                0x0c005c3c      0x24c C:/ST/STM32CubeIDE_2.1.1/STM32CubeIDE/plugins/com.st.stm32cube.ide.mcu.externaltools.gnu-tools-for-stm32.14.3.rel1.win32_1.0.100.202602081740/tools/bin/../lib/gcc/arm-none-eabi/14.3.1/../../../../arm-none-eabi/lib/thumb/v8-m.main+fp/hard\libc_nano.a(libc_a-nano-vfprintf_i.o)
                0x0c005c3c                _printf_i
 .text.__sflush_r
                0x0c005e88      0x100 C:/ST/STM32CubeIDE_2.1.1/STM32CubeIDE/plugins/com.st.stm32cube.ide.mcu.externaltools.gnu-tools-for-stm32.14.3.rel1.win32_1.0.100.202602081740/tools/bin/../lib/gcc/arm-none-eabi/14.3.1/../../../../arm-none-eabi/lib/thumb/v8-m.main+fp/hard\libc_nano.a(libc_a-fflush.o)
                0x0c005e88                __sflush_r
 .text._fflush_r
                0x0c005f88       0x50 C:/ST/STM32CubeIDE_2.1.1/STM32CubeIDE/plugins/com.st.stm32cube.ide.mcu.externaltools.gnu-tools-for-stm32.14.3.rel1.win32_1.0.100.202602081740/tools/bin/../lib/gcc/arm-none-eabi/14.3.1/../../../../arm-none-eabi/lib/thumb/v8-m.main+fp/hard\libc_nano.a(libc_a-fflush.o)
                0x0c005f88                _fflush_r
 .text.__swbuf_r
                0x0c005fd8       0x7c C:/ST/STM32CubeIDE_2.1.1/STM32CubeIDE/plugins/com.st.stm32cube.ide.mcu.externaltools.gnu-tools-for-stm32.14.3.rel1.win32_1.0.100.202602081740/tools/bin/../lib/gcc/arm-none-eabi/14.3.1/../../../../arm-none-eabi/lib/thumb/v8-m.main+fp/hard\libc_nano.a(libc_a-wbuf.o)
                0x0c005fd8                __swbuf_r
 .text.__swsetup_r
                0x0c006054       0xa8 C:/ST/STM32CubeIDE_2.1.1/STM32CubeIDE/plugins/com.st.stm32cube.ide.mcu.externaltools.gnu-tools-for-stm32.14.3.rel1.win32_1.0.100.202602081740/tools/bin/../lib/gcc/arm-none-eabi/14.3.1/../../../../arm-none-eabi/lib/thumb/v8-m.main+fp/hard\libc_nano.a(libc_a-wsetup.o)
                0x0c006054                __swsetup_r
 .text._sbrk_r  0x0c0060fc       0x20 C:/ST/STM32CubeIDE_2.1.1/STM32CubeIDE/plugins/com.st.stm32cube.ide.mcu.externaltools.gnu-tools-for-stm32.14.3.rel1.win32_1.0.100.202602081740/tools/bin/../lib/gcc/arm-none-eabi/14.3.1/../../../../arm-none-eabi/lib/thumb/v8-m.main+fp/hard\libc_nano.a(libc_a-sbrkr.o)
                0x0c0060fc                _sbrk_r
 .text.memchr   0x0c00611c       0x1c C:/ST/STM32CubeIDE_2.1.1/STM32CubeIDE/plugins/com.st.stm32cube.ide.mcu.externaltools.gnu-tools-for-stm32.14.3.rel1.win32_1.0.100.202602081740/tools/bin/../lib/gcc/arm-none-eabi/14.3.1/../../../../arm-none-eabi/lib/thumb/v8-m.main+fp/hard\libc_nano.a(libc_a-memchr-stub.o)
                0x0c00611c                memchr
 .text.__swhatbuf_r
                0x0c006138       0x48 C:/ST/STM32CubeIDE_2.1.1/STM32CubeIDE/plugins/com.st.stm32cube.ide.mcu.externaltools.gnu-tools-for-stm32.14.3.rel1.win32_1.0.100.202602081740/tools/bin/../lib/gcc/arm-none-eabi/14.3.1/../../../../arm-none-eabi/lib/thumb/v8-m.main+fp/hard\libc_nano.a(libc_a-makebuf.o)
                0x0c006138                __swhatbuf_r
 .text.__smakebuf_r
                0x0c006180       0x72 C:/ST/STM32CubeIDE_2.1.1/STM32CubeIDE/plugins/com.st.stm32cube.ide.mcu.externaltools.gnu-tools-for-stm32.14.3.rel1.win32_1.0.100.202602081740/tools/bin/../lib/gcc/arm-none-eabi/14.3.1/../../../../arm-none-eabi/lib/thumb/v8-m.main+fp/hard\libc_nano.a(libc_a-makebuf.o)
                0x0c006180                __smakebuf_r
 *fill*         0x0c0061f2        0x2 
 .text._fstat_r
                0x0c0061f4       0x24 C:/ST/STM32CubeIDE_2.1.1/STM32CubeIDE/plugins/com.st.stm32cube.ide.mcu.externaltools.gnu-tools-for-stm32.14.3.rel1.win32_1.0.100.202602081740/tools/bin/../lib/gcc/arm-none-eabi/14.3.1/../../../../arm-none-eabi/lib/thumb/v8-m.main+fp/hard\libc_nano.a(libc_a-fstatr.o)
                0x0c0061f4                _fstat_r
 .text._isatty_r
                0x0c006218       0x20 C:/ST/STM32CubeIDE_2.1.1/STM32CubeIDE/plugins/com.st.stm32cube.ide.mcu.externaltools.gnu-tools-for-stm32.14.3.rel1.win32_1.0.100.202602081740/tools/bin/../lib/gcc/arm-none-eabi/14.3.1/../../../../arm-none-eabi/lib/thumb/v8-m.main+fp/hard\libc_nano.a(libc_a-isattyr.o)
                0x0c006218                _isatty_r
 *(.glue_7)
 .glue_7        0x0c006238        0x0 linker stubs
 *(.glue_7t)
 .glue_7t       0x0c006238        0x0 linker stubs
 *(.eh_frame)
 .eh_frame      0x0c006238        0x0 C:/ST/STM32CubeIDE_2.1.1/STM32CubeIDE/plugins/com.st.stm32cube.ide.mcu.externaltools.gnu-tools-for-stm32.14.3.rel1.win32_1.0.100.202602081740/tools/bin/../lib/gcc/arm-none-eabi/14.3.1/thumb/v8-m.main+fp/hard/crtbegin.o
 *(.init)
 .init          0x0c006238        0x4 C:/ST/STM32CubeIDE_2.1.1/STM32CubeIDE/plugins/com.st.stm32cube.ide.mcu.externaltools.gnu-tools-for-stm32.14.3.rel1.win32_1.0.100.202602081740/tools/bin/../lib/gcc/arm-none-eabi/14.3.1/thumb/v8-m.main+fp/hard/crti.o
                0x0c006238                _init
 .init          0x0c00623c        0x8 C:/ST/STM32CubeIDE_2.1.1/STM32CubeIDE/plugins/com.st.stm32cube.ide.mcu.externaltools.gnu-tools-for-stm32.14.3.rel1.win32_1.0.100.202602081740/tools/bin/../lib/gcc/arm-none-eabi/14.3.1/thumb/v8-m.main+fp/hard/crtn.o
 *(.fini)
 .fini          0x0c006244        0x4 C:/ST/STM32CubeIDE_2.1.1/STM32CubeIDE/plugins/com.st.stm32cube.ide.mcu.externaltools.gnu-tools-for-stm32.14.3.rel1.win32_1.0.100.202602081740/tools/bin/../lib/gcc/arm-none-eabi/14.3.1/thumb/v8-m.main+fp/hard/crti.o
                0x0c006244                _fini
 .fini          0x0c006248        0x8 C:/ST/STM32CubeIDE_2.1.1/STM32CubeIDE/plugins/com.st.stm32cube.ide.mcu.externaltools.gnu-tools-for-stm32.14.3.rel1.win32_1.0.100.202602081740/tools/bin/../lib/gcc/arm-none-eabi/14.3.1/thumb/v8-m.main+fp/hard/crtn.o
                0x0c006250                        . = ALIGN (0x4)
                0x0c006250                        _etext = .

.vfp11_veneer   0x0c006250        0x0
 .vfp11_veneer  0x0c006250        0x0 linker stubs

.v4_bx          0x0c006250        0x0
 .v4_bx         0x0c006250        0x0 linker stubs

.iplt           0x0c006250        0x0
 .iplt          0x0c006250        0x0 C:/ST/STM32CubeIDE_2.1.1/STM32CubeIDE/plugins/com.st.stm32cube.ide.mcu.externaltools.gnu-tools-for-stm32.14.3.rel1.win32_1.0.100.202602081740/tools/bin/../lib/gcc/arm-none-eabi/14.3.1/thumb/v8-m.main+fp/hard/crtbegin.o

.rodata         0x0c006250      0x248
                0x0c006250                        . = ALIGN (0x4)
 *(.rodata)
 .rodata        0x0c006250      0x192 ./Core/Src/secure_nsc.o
 *(.rodata*)
 *fill*         0x0c0063e2        0x2 
 .rodata.AHBPrescTable
                0x0c0063e4       0x10 ./Core/Src/system_stm32l5xx_s.o
                0x0c0063e4                AHBPrescTable
 .rodata.APBPrescTable
                0x0c0063f4        0x8 ./Core/Src/system_stm32l5xx_s.o
                0x0c0063f4                APBPrescTable
 .rodata.MSIRangeTable
                0x0c0063fc       0x40 ./Core/Src/system_stm32l5xx_s.o
                0x0c0063fc                MSIRangeTable
 .rodata.UARTPrescTable
                0x0c00643c       0x18 ./Drivers/STM32L5xx_HAL_Driver/stm32l5xx_hal_uart.o
                0x0c00643c                UARTPrescTable
 .rodata.numerator.1
                0x0c006454        0x8 ./Drivers/STM32L5xx_HAL_Driver/stm32l5xx_hal_uart_ex.o
 .rodata.denominator.0
                0x0c00645c        0x8 ./Drivers/STM32L5xx_HAL_Driver/stm32l5xx_hal_uart_ex.o
 .rodata._vfprintf_r.str1.1
                0x0c006464       0x33 C:/ST/STM32CubeIDE_2.1.1/STM32CubeIDE/plugins/com.st.stm32cube.ide.mcu.externaltools.gnu-tools-for-stm32.14.3.rel1.win32_1.0.100.202602081740/tools/bin/../lib/gcc/arm-none-eabi/14.3.1/../../../../arm-none-eabi/lib/thumb/v8-m.main+fp/hard\libc_nano.a(libc_a-nano-vfprintf.o)
                                 0x11 (size before relaxing)
 .rodata._printf_i.str1.1
                0x0c006497       0x22 C:/ST/STM32CubeIDE_2.1.1/STM32CubeIDE/plugins/com.st.stm32cube.ide.mcu.externaltools.gnu-tools-for-stm32.14.3.rel1.win32_1.0.100.202602081740/tools/bin/../lib/gcc/arm-none-eabi/14.3.1/../../../../arm-none-eabi/lib/thumb/v8-m.main+fp/hard\libc_nano.a(libc_a-nano-vfprintf_i.o)
                0x0c0064bc                        . = ALIGN (0x4)
 *fill*         0x0c006497        0x1 

.ARM.extab      0x0c006498        0x0
                0x0c006498                        . = ALIGN (0x4)
 *(.ARM.extab* .gnu.linkonce.armextab.*)
                0x0c006498                        . = ALIGN (0x4)

.ARM            0x0c006498        0x8
                0x0c006498                        . = ALIGN (0x4)
                0x0c006498                        __exidx_start = .
 *(.ARM.exidx*)
 .ARM.exidx     0x0c006498        0x8 C:/ST/STM32CubeIDE_2.1.1/STM32CubeIDE/plugins/com.st.stm32cube.ide.mcu.externaltools.gnu-tools-for-stm32.14.3.rel1.win32_1.0.100.202602081740/tools/bin/../lib/gcc/arm-none-eabi/14.3.1/thumb/v8-m.main+fp/hard\libgcc.a(_udivmoddi4.o)
                0x0c0064a0                        __exidx_end = .
                0x0c0064a0                        . = ALIGN (0x4)

.rel.dyn        0x0c0064a0        0x0
 .rel.iplt      0x0c0064a0        0x0 C:/ST/STM32CubeIDE_2.1.1/STM32CubeIDE/plugins/com.st.stm32cube.ide.mcu.externaltools.gnu-tools-for-stm32.14.3.rel1.win32_1.0.100.202602081740/tools/bin/../lib/gcc/arm-none-eabi/14.3.1/thumb/v8-m.main+fp/hard/crtbegin.o

.preinit_array  0x0c0064a0        0x0
                0x0c0064a0                        . = ALIGN (0x4)
                0x0c0064a0                        PROVIDE (__preinit_array_start = .)
 *(.preinit_array*)
                0x0c0064a0                        PROVIDE (__preinit_array_end = .)
                0x0c0064a0                        . = ALIGN (0x4)

.init_array     0x0c0064a0        0x4
                0x0c0064a0                        . = ALIGN (0x4)
                0x0c0064a0                        PROVIDE (__init_array_start = .)
 *(SORT_BY_NAME(.init_array.*))
 *(.init_array*)
 .init_array    0x0c0064a0        0x4 C:/ST/STM32CubeIDE_2.1.1/STM32CubeIDE/plugins/com.st.stm32cube.ide.mcu.externaltools.gnu-tools-for-stm32.14.3.rel1.win32_1.0.100.202602081740/tools/bin/../lib/gcc/arm-none-eabi/14.3.1/thumb/v8-m.main+fp/hard/crtbegin.o
                0x0c0064a4                        PROVIDE (__init_array_end = .)
                0x0c0064a4                        . = ALIGN (0x4)

.fini_array     0x0c0064a4        0x4
                0x0c0064a4                        . = ALIGN (0x4)
                [!provide]                        PROVIDE (__fini_array_start = .)
 *(SORT_BY_NAME(.fini_array.*))
 *(.fini_array*)
 .fini_array    0x0c0064a4        0x4 C:/ST/STM32CubeIDE_2.1.1/STM32CubeIDE/plugins/com.st.stm32cube.ide.mcu.externaltools.gnu-tools-for-stm32.14.3.rel1.win32_1.0.100.202602081740/tools/bin/../lib/gcc/arm-none-eabi/14.3.1/thumb/v8-m.main+fp/hard/crtbegin.o
                [!provide]                        PROVIDE (__fini_array_end = .)
                0x0c0064a8                        . = ALIGN (0x4)
                0x0c0064a8                        _sidata = LOADADDR (.data)

.data           0x30000000       0x68 load address 0x0c0064a8
                0x30000000                        . = ALIGN (0x4)
                0x30000000                        _sdata = .
 *(.data)
 *(.data*)
 .data.SystemCoreClock
                0x30000000        0x4 ./Core/Src/system_stm32l5xx_s.o
                0x30000000                SystemCoreClock
 .data.uwTickPrio
                0x30000004        0x4 ./Drivers/STM32L5xx_HAL_Driver/stm32l5xx_hal.o
                0x30000004                uwTickPrio
 .data.uwTickFreq
                0x30000008        0x1 ./Drivers/STM32L5xx_HAL_Driver/stm32l5xx_hal.o
                0x30000008                uwTickFreq
 *fill*         0x30000009        0x3 
 .data.__sglue  0x3000000c        0xc C:/ST/STM32CubeIDE_2.1.1/STM32CubeIDE/plugins/com.st.stm32cube.ide.mcu.externaltools.gnu-tools-for-stm32.14.3.rel1.win32_1.0.100.202602081740/tools/bin/../lib/gcc/arm-none-eabi/14.3.1/../../../../arm-none-eabi/lib/thumb/v8-m.main+fp/hard\libc_nano.a(libc_a-findfp.o)
                0x3000000c                __sglue
 .data._impure_ptr
                0x30000018        0x4 C:/ST/STM32CubeIDE_2.1.1/STM32CubeIDE/plugins/com.st.stm32cube.ide.mcu.externaltools.gnu-tools-for-stm32.14.3.rel1.win32_1.0.100.202602081740/tools/bin/../lib/gcc/arm-none-eabi/14.3.1/../../../../arm-none-eabi/lib/thumb/v8-m.main+fp/hard\libc_nano.a(libc_a-impure.o)
                0x30000018                _impure_ptr
 .data._impure_data
                0x3000001c       0x4c C:/ST/STM32CubeIDE_2.1.1/STM32CubeIDE/plugins/com.st.stm32cube.ide.mcu.externaltools.gnu-tools-for-stm32.14.3.rel1.win32_1.0.100.202602081740/tools/bin/../lib/gcc/arm-none-eabi/14.3.1/../../../../arm-none-eabi/lib/thumb/v8-m.main+fp/hard\libc_nano.a(libc_a-impure.o)
                0x3000001c                _impure_data
 *(.RamFunc)
 *(.RamFunc*)
                0x30000068                        . = ALIGN (0x4)
                0x30000068                        _edata = .

.igot.plt       0x30000068        0x0 load address 0x0c006510
 .igot.plt      0x30000068        0x0 C:/ST/STM32CubeIDE_2.1.1/STM32CubeIDE/plugins/com.st.stm32cube.ide.mcu.externaltools.gnu-tools-for-stm32.14.3.rel1.win32_1.0.100.202602081740/tools/bin/../lib/gcc/arm-none-eabi/14.3.1/thumb/v8-m.main+fp/hard/crtbegin.o

.gnu.sgstubs    0x0c03e000       0x40
                0x0c03e000                        . = ALIGN (0x4)
 *(.gnu.sgstubs*)
                0x0c03e000                        . = ALIGN (0x4)
 .gnu.sgstubs.__stub
                0x0c03e000       0x38 linker stubs
                0x0c03e000                SECURE_print_Buffer
                0x0c03e008                SECURE_SystemCoreClockUpdate
                0x0c03e010                SECURE_DMA_NonSecure_Mem_Transfer
                0x0c03e018                SECURE_RegisterCallback
                0x0c03e020                SECURE_DMA_Fetch_NonSecure_Mem
                0x0c03e028                SECURE_DATA_Last_Buffer_Compare
                0x0c03e030                SECURE_print_Log
                0x0c03e038                        . = ALIGN (0x4)

.bss            0x30000068      0x6e4
                0x30000068                        _sbss = .
                0x30000068                        __bss_start__ = _sbss
 *(.bss)
 .bss           0x30000068       0x1c C:/ST/STM32CubeIDE_2.1.1/STM32CubeIDE/plugins/com.st.stm32cube.ide.mcu.externaltools.gnu-tools-for-stm32.14.3.rel1.win32_1.0.100.202602081740/tools/bin/../lib/gcc/arm-none-eabi/14.3.1/thumb/v8-m.main+fp/hard/crtbegin.o
 *(.bss*)
 .bss.huart1    0x30000084       0x94 ./Core/Src/main.o
                0x30000084                huart1
 .bss.hdma_memtomem_dma1_channel3
                0x30000118       0x68 ./Core/Src/main.o
                0x30000118                hdma_memtomem_dma1_channel3
 .bss.hdma_memtomem_dma1_channel2
                0x30000180       0x68 ./Core/Src/main.o
                0x30000180                hdma_memtomem_dma1_channel2
 .bss.SEC_Mem_Buffer
                0x300001e8      0x400 ./Core/Src/main.o
                0x300001e8                SEC_Mem_Buffer
 .bss.pSecureFaultCallback
                0x300005e8        0x4 ./Core/Src/secure_nsc.o
                0x300005e8                pSecureFaultCallback
 .bss.pSecureErrorCallback
                0x300005ec        0x4 ./Core/Src/secure_nsc.o
                0x300005ec                pSecureErrorCallback
 .bss.pNonSecureToSecureTransferCompleteCallback
                0x300005f0        0x4 ./Core/Src/secure_nsc.o
                0x300005f0                pNonSecureToSecureTransferCompleteCallback
 .bss.pNonSecureToNonSecureTransferCompleteCallback
                0x300005f4        0x4 ./Core/Src/secure_nsc.o
                0x300005f4                pNonSecureToNonSecureTransferCompleteCallback
 .bss.__sbrk_heap_end
                0x300005f8        0x4 ./Core/Src/sysmem.o
 .bss.uwTick    0x300005fc        0x4 ./Drivers/STM32L5xx_HAL_Driver/stm32l5xx_hal.o
                0x300005fc                uwTick
 .bss.__sf      0x30000600      0x138 C:/ST/STM32CubeIDE_2.1.1/STM32CubeIDE/plugins/com.st.stm32cube.ide.mcu.externaltools.gnu-tools-for-stm32.14.3.rel1.win32_1.0.100.202602081740/tools/bin/../lib/gcc/arm-none-eabi/14.3.1/../../../../arm-none-eabi/lib/thumb/v8-m.main+fp/hard\libc_nano.a(libc_a-findfp.o)
                0x30000600                __sf
 .bss.__stdio_exit_handler
                0x30000738        0x4 C:/ST/STM32CubeIDE_2.1.1/STM32CubeIDE/plugins/com.st.stm32cube.ide.mcu.externaltools.gnu-tools-for-stm32.14.3.rel1.win32_1.0.100.202602081740/tools/bin/../lib/gcc/arm-none-eabi/14.3.1/../../../../arm-none-eabi/lib/thumb/v8-m.main+fp/hard\libc_nano.a(libc_a-findfp.o)
                0x30000738                __stdio_exit_handler
 .bss.errno     0x3000073c        0x4 C:/ST/STM32CubeIDE_2.1.1/STM32CubeIDE/plugins/com.st.stm32cube.ide.mcu.externaltools.gnu-tools-for-stm32.14.3.rel1.win32_1.0.100.202602081740/tools/bin/../lib/gcc/arm-none-eabi/14.3.1/../../../../arm-none-eabi/lib/thumb/v8-m.main+fp/hard\libc_nano.a(libc_a-reent.o)
                0x3000073c                errno
 .bss.__lock___malloc_recursive_mutex
                0x30000740        0x1 C:/ST/STM32CubeIDE_2.1.1/STM32CubeIDE/plugins/com.st.stm32cube.ide.mcu.externaltools.gnu-tools-for-stm32.14.3.rel1.win32_1.0.100.202602081740/tools/bin/../lib/gcc/arm-none-eabi/14.3.1/../../../../arm-none-eabi/lib/thumb/v8-m.main+fp/hard\libc_nano.a(libc_a-lock.o)
                0x30000740                __lock___malloc_recursive_mutex
 .bss.__lock___sfp_recursive_mutex
                0x30000741        0x1 C:/ST/STM32CubeIDE_2.1.1/STM32CubeIDE/plugins/com.st.stm32cube.ide.mcu.externaltools.gnu-tools-for-stm32.14.3.rel1.win32_1.0.100.202602081740/tools/bin/../lib/gcc/arm-none-eabi/14.3.1/../../../../arm-none-eabi/lib/thumb/v8-m.main+fp/hard\libc_nano.a(libc_a-lock.o)
                0x30000741                __lock___sfp_recursive_mutex
 *fill*         0x30000742        0x2 
 .bss.__malloc_sbrk_start
                0x30000744        0x4 C:/ST/STM32CubeIDE_2.1.1/STM32CubeIDE/plugins/com.st.stm32cube.ide.mcu.externaltools.gnu-tools-for-stm32.14.3.rel1.win32_1.0.100.202602081740/tools/bin/../lib/gcc/arm-none-eabi/14.3.1/../../../../arm-none-eabi/lib/thumb/v8-m.main+fp/hard\libc_nano.a(libc_a-mallocr.o)
                0x30000744                __malloc_sbrk_start
 .bss.__malloc_free_list
                0x30000748        0x4 C:/ST/STM32CubeIDE_2.1.1/STM32CubeIDE/plugins/com.st.stm32cube.ide.mcu.externaltools.gnu-tools-for-stm32.14.3.rel1.win32_1.0.100.202602081740/tools/bin/../lib/gcc/arm-none-eabi/14.3.1/../../../../arm-none-eabi/lib/thumb/v8-m.main+fp/hard\libc_nano.a(libc_a-mallocr.o)
                0x30000748                __malloc_free_list
 *(COMMON)
                0x3000074c                        . = ALIGN (0x4)
                0x3000074c                        _ebss = .
                0x3000074c                        __bss_end__ = _ebss

._user_heap_stack
                0x3000074c      0x604
                0x30000750                        . = ALIGN (0x8)
 *fill*         0x3000074c        0x4 
                [!provide]                        PROVIDE (end = .)
                0x30000750                        PROVIDE (_end = .)
                0x30000950                        . = (. + _Min_Heap_Size)
 *fill*         0x30000750      0x200 
                0x30000d50                        . = (. + _Min_Stack_Size)
 *fill*         0x30000950      0x400 
                0x30000d50                        . = ALIGN (0x8)

/DISCARD/
 libc.a(*)
 libm.a(*)
 libgcc.a(*)

.ARM.attributes
                0x00000000       0x36
 *(.ARM.attributes)
 .ARM.attributes
                0x00000000       0x26 C:/ST/STM32CubeIDE_2.1.1/STM32CubeIDE/plugins/com.st.stm32cube.ide.mcu.externaltools.gnu-tools-for-stm32.14.3.rel1.win32_1.0.100.202602081740/tools/bin/../lib/gcc/arm-none-eabi/14.3.1/thumb/v8-m.main+fp/hard/crti.o
 .ARM.attributes
                0x00000026       0x38 C:/ST/STM32CubeIDE_2.1.1/STM32CubeIDE/plugins/com.st.stm32cube.ide.mcu.externaltools.gnu-tools-for-stm32.14.3.rel1.win32_1.0.100.202602081740/tools/bin/../lib/gcc/arm-none-eabi/14.3.1/thumb/v8-m.main+fp/hard/crtbegin.o
 .ARM.attributes
                0x0000005e       0x3a ./Core/Src/main.o
 .ARM.attributes
                0x00000098       0x3a ./Core/Src/secure_nsc.o
 .ARM.attributes
                0x000000d2       0x3a ./Core/Src/stm32l5xx_hal_msp.o
 .ARM.attributes
                0x0000010c       0x3a ./Core/Src/stm32l5xx_it.o
 .ARM.attributes
                0x00000146       0x3a ./Core/Src/system_stm32l5xx_s.o
 .ARM.attributes
                0x00000180       0x24 ./Core/Startup/startup_stm32l562qeixq.o
 .ARM.attributes
                0x000001a4       0x3a ./Drivers/STM32L5xx_HAL_Driver/stm32l5xx_hal.o
 .ARM.attributes
                0x000001de       0x3a ./Drivers/STM32L5xx_HAL_Driver/stm32l5xx_hal_cortex.o
 .ARM.attributes
                0x00000218       0x3a ./Drivers/STM32L5xx_HAL_Driver/stm32l5xx_hal_dma.o
 .ARM.attributes
                0x00000252       0x3a ./Drivers/STM32L5xx_HAL_Driver/stm32l5xx_hal_gpio.o
 .ARM.attributes
                0x0000028c       0x3a ./Drivers/STM32L5xx_HAL_Driver/stm32l5xx_hal_gtzc.o
 .ARM.attributes
                0x000002c6       0x3a ./Drivers/STM32L5xx_HAL_Driver/stm32l5xx_hal_icache.o
 .ARM.attributes
                0x00000300       0x3a ./Drivers/STM32L5xx_HAL_Driver/stm32l5xx_hal_pwr_ex.o
 .ARM.attributes
                0x0000033a       0x3a ./Drivers/STM32L5xx_HAL_Driver/stm32l5xx_hal_rcc.o
 .ARM.attributes
                0x00000374       0x3a ./Drivers/STM32L5xx_HAL_Driver/stm32l5xx_hal_rcc_ex.o
 .ARM.attributes
                0x000003ae       0x3a ./Drivers/STM32L5xx_HAL_Driver/stm32l5xx_hal_uart.o
 .ARM.attributes
                0x000003e8       0x3a ./Drivers/STM32L5xx_HAL_Driver/stm32l5xx_hal_uart_ex.o
 .ARM.attributes
                0x00000422       0x38 C:/ST/STM32CubeIDE_2.1.1/STM32CubeIDE/plugins/com.st.stm32cube.ide.mcu.externaltools.gnu-tools-for-stm32.14.3.rel1.win32_1.0.100.202602081740/tools/bin/../lib/gcc/arm-none-eabi/14.3.1/../../../../arm-none-eabi/lib/thumb/v8-m.main+fp/hard\libc_nano.a(libc_a-memset.o)
 .ARM.attributes
                0x0000045a       0x38 C:/ST/STM32CubeIDE_2.1.1/STM32CubeIDE/plugins/com.st.stm32cube.ide.mcu.externaltools.gnu-tools-for-stm32.14.3.rel1.win32_1.0.100.202602081740/tools/bin/../lib/gcc/arm-none-eabi/14.3.1/../../../../arm-none-eabi/lib/thumb/v8-m.main+fp/hard\libc_nano.a(libc_a-init.o)
 .ARM.attributes
                0x00000492       0x24 C:/ST/STM32CubeIDE_2.1.1/STM32CubeIDE/plugins/com.st.stm32cube.ide.mcu.externaltools.gnu-tools-for-stm32.14.3.rel1.win32_1.0.100.202602081740/tools/bin/../lib/gcc/arm-none-eabi/14.3.1/thumb/v8-m.main+fp/hard\libgcc.a(cmse_nonsecure_call.o)
 .ARM.attributes
                0x000004b6       0x26 C:/ST/STM32CubeIDE_2.1.1/STM32CubeIDE/plugins/com.st.stm32cube.ide.mcu.externaltools.gnu-tools-for-stm32.14.3.rel1.win32_1.0.100.202602081740/tools/bin/../lib/gcc/arm-none-eabi/14.3.1/thumb/v8-m.main+fp/hard\libgcc.a(_aeabi_uldivmod.o)
 .ARM.attributes
                0x000004dc       0x38 C:/ST/STM32CubeIDE_2.1.1/STM32CubeIDE/plugins/com.st.stm32cube.ide.mcu.externaltools.gnu-tools-for-stm32.14.3.rel1.win32_1.0.100.202602081740/tools/bin/../lib/gcc/arm-none-eabi/14.3.1/thumb/v8-m.main+fp/hard\libgcc.a(_udivmoddi4.o)
 .ARM.attributes
                0x00000514       0x26 C:/ST/STM32CubeIDE_2.1.1/STM32CubeIDE/plugins/com.st.stm32cube.ide.mcu.externaltools.gnu-tools-for-stm32.14.3.rel1.win32_1.0.100.202602081740/tools/bin/../lib/gcc/arm-none-eabi/14.3.1/thumb/v8-m.main+fp/hard\libgcc.a(_dvmd_tls.o)
 .ARM.attributes
                0x0000053a       0x26 C:/ST/STM32CubeIDE_2.1.1/STM32CubeIDE/plugins/com.st.stm32cube.ide.mcu.externaltools.gnu-tools-for-stm32.14.3.rel1.win32_1.0.100.202602081740/tools/bin/../lib/gcc/arm-none-eabi/14.3.1/thumb/v8-m.main+fp/hard/crtn.o
OUTPUT(My_Mem_to_Mem_Example_Secure.elf elf32-littlearm)
LOAD linker stubs
LOAD C:/ST/STM32CubeIDE_2.1.1/STM32CubeIDE/plugins/com.st.stm32cube.ide.mcu.externaltools.gnu-tools-for-stm32.14.3.rel1.win32_1.0.100.202602081740/tools/bin/../lib/gcc/arm-none-eabi/14.3.1/../../../../arm-none-eabi/lib/thumb/v8-m.main+fp/hard\libc.a
LOAD C:/ST/STM32CubeIDE_2.1.1/STM32CubeIDE/plugins/com.st.stm32cube.ide.mcu.externaltools.gnu-tools-for-stm32.14.3.rel1.win32_1.0.100.202602081740/tools/bin/../lib/gcc/arm-none-eabi/14.3.1/../../../../arm-none-eabi/lib/thumb/v8-m.main+fp/hard\libm.a
LOAD C:/ST/STM32CubeIDE_2.1.1/STM32CubeIDE/plugins/com.st.stm32cube.ide.mcu.externaltools.gnu-tools-for-stm32.14.3.rel1.win32_1.0.100.202602081740/tools/bin/../lib/gcc/arm-none-eabi/14.3.1/thumb/v8-m.main+fp/hard\libgcc.a

.debug_info     0x00000000    0x10874
 .debug_info    0x00000000     0x18c8 ./Core/Src/main.o
 .debug_info    0x000018c8      0x7b2 ./Core/Src/secure_nsc.o
 .debug_info    0x0000207a     0x12a5 ./Core/Src/stm32l5xx_hal_msp.o
 .debug_info    0x0000331f      0x4d9 ./Core/Src/stm32l5xx_it.o
 .debug_info    0x000037f8      0xa31 ./Core/Src/system_stm32l5xx_s.o
 .debug_info    0x00004229       0x30 ./Core/Startup/startup_stm32l562qeixq.o
 .debug_info    0x00004259      0xd7f ./Drivers/STM32L5xx_HAL_Driver/stm32l5xx_hal.o
 .debug_info    0x00004fd8     0x1153 ./Drivers/STM32L5xx_HAL_Driver/stm32l5xx_hal_cortex.o
 .debug_info    0x0000612b      0x92f ./Drivers/STM32L5xx_HAL_Driver/stm32l5xx_hal_dma.o
 .debug_info    0x00006a5a      0x6b0 ./Drivers/STM32L5xx_HAL_Driver/stm32l5xx_hal_gpio.o
 .debug_info    0x0000710a      0xb8c ./Drivers/STM32L5xx_HAL_Driver/stm32l5xx_hal_gtzc.o
 .debug_info    0x00007c96      0x4d4 ./Drivers/STM32L5xx_HAL_Driver/stm32l5xx_hal_icache.o
 .debug_info    0x0000816a      0xd73 ./Drivers/STM32L5xx_HAL_Driver/stm32l5xx_hal_pwr_ex.o
 .debug_info    0x00008edd      0xf75 ./Drivers/STM32L5xx_HAL_Driver/stm32l5xx_hal_rcc.o
 .debug_info    0x00009e52     0x1134 ./Drivers/STM32L5xx_HAL_Driver/stm32l5xx_hal_rcc_ex.o
 .debug_info    0x0000af86     0x48fb ./Drivers/STM32L5xx_HAL_Driver/stm32l5xx_hal_uart.o
 .debug_info    0x0000f881      0xff3 ./Drivers/STM32L5xx_HAL_Driver/stm32l5xx_hal_uart_ex.o

.debug_abbrev   0x00000000     0x273a
 .debug_abbrev  0x00000000      0x395 ./Core/Src/main.o
 .debug_abbrev  0x00000395      0x24b ./Core/Src/secure_nsc.o
 .debug_abbrev  0x000005e0      0x224 ./Core/Src/stm32l5xx_hal_msp.o
 .debug_abbrev  0x00000804      0x16d ./Core/Src/stm32l5xx_it.o
 .debug_abbrev  0x00000971      0x187 ./Core/Src/system_stm32l5xx_s.o
 .debug_abbrev  0x00000af8       0x24 ./Core/Startup/startup_stm32l562qeixq.o
 .debug_abbrev  0x00000b1c      0x2e0 ./Drivers/STM32L5xx_HAL_Driver/stm32l5xx_hal.o
 .debug_abbrev  0x00000dfc      0x342 ./Drivers/STM32L5xx_HAL_Driver/stm32l5xx_hal_cortex.o
 .debug_abbrev  0x0000113e      0x1f4 ./Drivers/STM32L5xx_HAL_Driver/stm32l5xx_hal_dma.o
 .debug_abbrev  0x00001332      0x1c2 ./Drivers/STM32L5xx_HAL_Driver/stm32l5xx_hal_gpio.o
 .debug_abbrev  0x000014f4      0x1d5 ./Drivers/STM32L5xx_HAL_Driver/stm32l5xx_hal_gtzc.o
 .debug_abbrev  0x000016c9      0x228 ./Drivers/STM32L5xx_HAL_Driver/stm32l5xx_hal_icache.o
 .debug_abbrev  0x000018f1      0x28c ./Drivers/STM32L5xx_HAL_Driver/stm32l5xx_hal_pwr_ex.o
 .debug_abbrev  0x00001b7d      0x2fd ./Drivers/STM32L5xx_HAL_Driver/stm32l5xx_hal_rcc.o
 .debug_abbrev  0x00001e7a      0x2c8 ./Drivers/STM32L5xx_HAL_Driver/stm32l5xx_hal_rcc_ex.o
 .debug_abbrev  0x00002142      0x325 ./Drivers/STM32L5xx_HAL_Driver/stm32l5xx_hal_uart.o
 .debug_abbrev  0x00002467      0x2d3 ./Drivers/STM32L5xx_HAL_Driver/stm32l5xx_hal_uart_ex.o

.debug_aranges  0x00000000      0xd48
 .debug_aranges
                0x00000000       0x68 ./Core/Src/main.o
 .debug_aranges
                0x00000068       0x68 ./Core/Src/secure_nsc.o
 .debug_aranges
                0x000000d0       0x30 ./Core/Src/stm32l5xx_hal_msp.o
 .debug_aranges
                0x00000100       0x80 ./Core/Src/stm32l5xx_it.o
 .debug_aranges
                0x00000180       0x38 ./Core/Src/system_stm32l5xx_s.o
 .debug_aranges
                0x000001b8       0x28 ./Core/Startup/startup_stm32l562qeixq.o
 .debug_aranges
                0x000001e0      0x140 ./Drivers/STM32L5xx_HAL_Driver/stm32l5xx_hal.o
 .debug_aranges
                0x00000320      0x150 ./Drivers/STM32L5xx_HAL_Driver/stm32l5xx_hal_cortex.o
 .debug_aranges
                0x00000470       0xa0 ./Drivers/STM32L5xx_HAL_Driver/stm32l5xx_hal_dma.o
 .debug_aranges
                0x00000510       0x70 ./Drivers/STM32L5xx_HAL_Driver/stm32l5xx_hal_gpio.o
 .debug_aranges
                0x00000580       0xb8 ./Drivers/STM32L5xx_HAL_Driver/stm32l5xx_hal_gtzc.o
 .debug_aranges
                0x00000638       0xa8 ./Drivers/STM32L5xx_HAL_Driver/stm32l5xx_hal_icache.o
 .debug_aranges
                0x000006e0      0x1b8 ./Drivers/STM32L5xx_HAL_Driver/stm32l5xx_hal_pwr_ex.o
 .debug_aranges
                0x00000898       0xa8 ./Drivers/STM32L5xx_HAL_Driver/stm32l5xx_hal_rcc.o
 .debug_aranges
                0x00000940      0x118 ./Drivers/STM32L5xx_HAL_Driver/stm32l5xx_hal_rcc_ex.o
 .debug_aranges
                0x00000a58      0x248 ./Drivers/STM32L5xx_HAL_Driver/stm32l5xx_hal_uart.o
 .debug_aranges
                0x00000ca0       0xa8 ./Drivers/STM32L5xx_HAL_Driver/stm32l5xx_hal_uart_ex.o

.debug_rnglists
                0x00000000      0xa40
 .debug_rnglists
                0x00000000       0x4e ./Core/Src/main.o
 .debug_rnglists
                0x0000004e       0x51 ./Core/Src/secure_nsc.o
 .debug_rnglists
                0x0000009f       0x20 ./Core/Src/stm32l5xx_hal_msp.o
 .debug_rnglists
                0x000000bf       0x5b ./Core/Src/stm32l5xx_it.o
 .debug_rnglists
                0x0000011a       0x28 ./Core/Src/system_stm32l5xx_s.o
 .debug_rnglists
                0x00000142       0x19 ./Core/Startup/startup_stm32l562qeixq.o
 .debug_rnglists
                0x0000015b       0xeb ./Drivers/STM32L5xx_HAL_Driver/stm32l5xx_hal.o
 .debug_rnglists
                0x00000246       0xf7 ./Drivers/STM32L5xx_HAL_Driver/stm32l5xx_hal_cortex.o
 .debug_rnglists
                0x0000033d       0x7f ./Drivers/STM32L5xx_HAL_Driver/stm32l5xx_hal_dma.o
 .debug_rnglists
                0x000003bc       0x51 ./Drivers/STM32L5xx_HAL_Driver/stm32l5xx_hal_gpio.o
 .debug_rnglists
                0x0000040d       0x94 ./Drivers/STM32L5xx_HAL_Driver/stm32l5xx_hal_gtzc.o
 .debug_rnglists
                0x000004a1       0x7a ./Drivers/STM32L5xx_HAL_Driver/stm32l5xx_hal_icache.o
 .debug_rnglists
                0x0000051b      0x14e ./Drivers/STM32L5xx_HAL_Driver/stm32l5xx_hal_pwr_ex.o
 .debug_rnglists
                0x00000669       0x81 ./Drivers/STM32L5xx_HAL_Driver/stm32l5xx_hal_rcc.o
 .debug_rnglists
                0x000006ea       0xdd ./Drivers/STM32L5xx_HAL_Driver/stm32l5xx_hal_rcc_ex.o
 .debug_rnglists
                0x000007c7      0x1fa ./Drivers/STM32L5xx_HAL_Driver/stm32l5xx_hal_uart.o
 .debug_rnglists
                0x000009c1       0x7f ./Drivers/STM32L5xx_HAL_Driver/stm32l5xx_hal_uart_ex.o

.debug_macro    0x00000000    0x29e28
 .debug_macro   0x00000000      0x315 ./Core/Src/main.o
 .debug_macro   0x00000315      0xade ./Core/Src/main.o
 .debug_macro   0x00000df3       0x16 ./Core/Src/main.o
 .debug_macro   0x00000e09      0x196 ./Core/Src/main.o
 .debug_macro   0x00000f9f      0x190 ./Core/Src/main.o
 .debug_macro   0x0000112f       0x63 ./Core/Src/main.o
 .debug_macro   0x00001192       0x2e ./Core/Src/main.o
 .debug_macro   0x000011c0       0x42 ./Core/Src/main.o
 .debug_macro   0x00001202       0x22 ./Core/Src/main.o
 .debug_macro   0x00001224       0x8e ./Core/Src/main.o
 .debug_macro   0x000012b2       0x51 ./Core/Src/main.o
 .debug_macro   0x00001303      0x103 ./Core/Src/main.o
 .debug_macro   0x00001406       0x6a ./Core/Src/main.o
 .debug_macro   0x00001470      0x1df ./Core/Src/main.o
 .debug_macro   0x0000164f       0x1c ./Core/Src/main.o
 .debug_macro   0x0000166b       0x29 ./Core/Src/main.o
 .debug_macro   0x00001694       0xfb ./Core/Src/main.o
 .debug_macro   0x0000178f     0x1486 ./Core/Src/main.o
 .debug_macro   0x00002c15       0x5e ./Core/Src/main.o
 .debug_macro   0x00002c73    0x1bca6 ./Core/Src/main.o
 .debug_macro   0x0001e919       0x6c ./Core/Src/main.o
 .debug_macro   0x0001e985     0x3535 ./Core/Src/main.o
 .debug_macro   0x00021eba       0x5c ./Core/Src/main.o
 .debug_macro   0x00021f16     0x19db ./Core/Src/main.o
 .debug_macro   0x000238f1      0xa52 ./Core/Src/main.o
 .debug_macro   0x00024343      0x1e4 ./Core/Src/main.o
 .debug_macro   0x00024527      0x1d8 ./Core/Src/main.o
 .debug_macro   0x000246ff      0x50b ./Core/Src/main.o
 .debug_macro   0x00024c0a      0x1ab ./Core/Src/main.o
 .debug_macro   0x00024db5       0x4a ./Core/Src/main.o
 .debug_macro   0x00024dff      0x1b9 ./Core/Src/main.o
 .debug_macro   0x00024fb8      0x23e ./Core/Src/main.o
 .debug_macro   0x000251f6      0x432 ./Core/Src/main.o
 .debug_macro   0x00025628       0x4f ./Core/Src/main.o
 .debug_macro   0x00025677      0x131 ./Core/Src/main.o
 .debug_macro   0x000257a8      0x325 ./Core/Src/main.o
 .debug_macro   0x00025acd      0x22c ./Core/Src/main.o
 .debug_macro   0x00025cf9       0x5b ./Core/Src/main.o
 .debug_macro   0x00025d54       0xa5 ./Core/Src/main.o
 .debug_macro   0x00025df9       0xc8 ./Core/Src/main.o
 .debug_macro   0x00025ec1      0x1a7 ./Core/Src/main.o
 .debug_macro   0x00026068      0x487 ./Core/Src/main.o
 .debug_macro   0x000264ef      0x693 ./Core/Src/main.o
 .debug_macro   0x00026b82       0xa6 ./Core/Src/main.o
 .debug_macro   0x00026c28      0x445 ./Core/Src/main.o
 .debug_macro   0x0002706d       0x61 ./Core/Src/main.o
 .debug_macro   0x000270ce       0x2a ./Core/Src/main.o
 .debug_macro   0x000270f8       0x43 ./Core/Src/main.o
 .debug_macro   0x0002713b       0x34 ./Core/Src/main.o
 .debug_macro   0x0002716f       0x16 ./Core/Src/main.o
 .debug_macro   0x00027185       0x3c ./Core/Src/main.o
 .debug_macro   0x000271c1      0x364 ./Core/Src/main.o
 .debug_macro   0x00027525       0x10 ./Core/Src/main.o
 .debug_macro   0x00027535       0x16 ./Core/Src/main.o
 .debug_macro   0x0002754b       0x4a ./Core/Src/main.o
 .debug_macro   0x00027595       0x34 ./Core/Src/main.o
 .debug_macro   0x000275c9       0x10 ./Core/Src/main.o
 .debug_macro   0x000275d9       0x58 ./Core/Src/main.o
 .debug_macro   0x00027631       0x8e ./Core/Src/main.o
 .debug_macro   0x000276bf       0x1c ./Core/Src/main.o
 .debug_macro   0x000276db      0x17e ./Core/Src/main.o
 .debug_macro   0x00027859       0x16 ./Core/Src/main.o
 .debug_macro   0x0002786f       0x16 ./Core/Src/main.o
 .debug_macro   0x00027885      0x146 ./Core/Src/main.o
 .debug_macro   0x000279cb       0x34 ./Core/Src/main.o
 .debug_macro   0x000279ff       0x16 ./Core/Src/main.o
 .debug_macro   0x00027a15       0x20 ./Core/Src/main.o
 .debug_macro   0x00027a35      0x319 ./Core/Src/secure_nsc.o
 .debug_macro   0x00027d4e      0x2df ./Core/Src/stm32l5xx_hal_msp.o
 .debug_macro   0x0002802d      0x2e9 ./Core/Src/stm32l5xx_it.o
 .debug_macro   0x00028316      0x212 ./Core/Src/system_stm32l5xx_s.o
 .debug_macro   0x00028528      0x17e ./Core/Src/system_stm32l5xx_s.o
 .debug_macro   0x000286a6      0x229 ./Drivers/STM32L5xx_HAL_Driver/stm32l5xx_hal.o
 .debug_macro   0x000288cf      0x1f9 ./Drivers/STM32L5xx_HAL_Driver/stm32l5xx_hal_cortex.o
 .debug_macro   0x00028ac8      0x1f9 ./Drivers/STM32L5xx_HAL_Driver/stm32l5xx_hal_dma.o
 .debug_macro   0x00028cc1      0x1ff ./Drivers/STM32L5xx_HAL_Driver/stm32l5xx_hal_gpio.o
 .debug_macro   0x00028ec0      0x26b ./Drivers/STM32L5xx_HAL_Driver/stm32l5xx_hal_gtzc.o
 .debug_macro   0x0002912b      0x229 ./Drivers/STM32L5xx_HAL_Driver/stm32l5xx_hal_icache.o
 .debug_macro   0x00029354      0x229 ./Drivers/STM32L5xx_HAL_Driver/stm32l5xx_hal_pwr_ex.o
 .debug_macro   0x0002957d      0x223 ./Drivers/STM32L5xx_HAL_Driver/stm32l5xx_hal_rcc.o
 .debug_macro   0x000297a0      0x25f ./Drivers/STM32L5xx_HAL_Driver/stm32l5xx_hal_rcc_ex.o
 .debug_macro   0x000299ff      0x224 ./Drivers/STM32L5xx_HAL_Driver/stm32l5xx_hal_uart.o
 .debug_macro   0x00029c23      0x205 ./Drivers/STM32L5xx_HAL_Driver/stm32l5xx_hal_uart_ex.o

.debug_line     0x00000000    0x10f39
 .debug_line    0x00000000      0xc14 ./Core/Src/main.o
 .debug_line    0x00000c14      0xb3c ./Core/Src/secure_nsc.o
 .debug_line    0x00001750      0x96f ./Core/Src/stm32l5xx_hal_msp.o
 .debug_line    0x000020bf      0xa10 ./Core/Src/stm32l5xx_it.o
 .debug_line    0x00002acf      0x908 ./Core/Src/system_stm32l5xx_s.o
 .debug_line    0x000033d7       0x79 ./Core/Startup/startup_stm32l562qeixq.o
 .debug_line    0x00003450      0xc77 ./Drivers/STM32L5xx_HAL_Driver/stm32l5xx_hal.o
 .debug_line    0x000040c7      0xe5e ./Drivers/STM32L5xx_HAL_Driver/stm32l5xx_hal_cortex.o
 .debug_line    0x00004f25     0x1105 ./Drivers/STM32L5xx_HAL_Driver/stm32l5xx_hal_dma.o
 .debug_line    0x0000602a      0xcc8 ./Drivers/STM32L5xx_HAL_Driver/stm32l5xx_hal_gpio.o
 .debug_line    0x00006cf2     0x131d ./Drivers/STM32L5xx_HAL_Driver/stm32l5xx_hal_gtzc.o
 .debug_line    0x0000800f      0xae1 ./Drivers/STM32L5xx_HAL_Driver/stm32l5xx_hal_icache.o
 .debug_line    0x00008af0      0xfae ./Drivers/STM32L5xx_HAL_Driver/stm32l5xx_hal_pwr_ex.o
 .debug_line    0x00009a9e     0x1445 ./Drivers/STM32L5xx_HAL_Driver/stm32l5xx_hal_rcc.o
 .debug_line    0x0000aee3     0x1cc9 ./Drivers/STM32L5xx_HAL_Driver/stm32l5xx_hal_rcc_ex.o
 .debug_line    0x0000cbac     0x3639 ./Drivers/STM32L5xx_HAL_Driver/stm32l5xx_hal_uart.o
 .debug_line    0x000101e5      0xd54 ./Drivers/STM32L5xx_HAL_Driver/stm32l5xx_hal_uart_ex.o

.debug_str      0x00000000   0x1087b0
 .debug_str     0x00000000   0x1087b0 ./Core/Src/main.o
                             0x103e9f (size before relaxing)
 .debug_str     0x001087b0   0x102faa ./Core/Src/secure_nsc.o
 .debug_str     0x001087b0   0x103a8f ./Core/Src/stm32l5xx_hal_msp.o
 .debug_str     0x001087b0   0x102d2d ./Core/Src/stm32l5xx_it.o
 .debug_str     0x001087b0    0xffa2e ./Core/Src/system_stm32l5xx_s.o
 .debug_str     0x001087b0       0x89 ./Core/Startup/startup_stm32l562qeixq.o
 .debug_str     0x001087b0    0xfffad ./Drivers/STM32L5xx_HAL_Driver/stm32l5xx_hal.o
 .debug_str     0x001087b0    0xffdc1 ./Drivers/STM32L5xx_HAL_Driver/stm32l5xx_hal_cortex.o
 .debug_str     0x001087b0    0xff740 ./Drivers/STM32L5xx_HAL_Driver/stm32l5xx_hal_dma.o
 .debug_str     0x001087b0    0xff3a8 ./Drivers/STM32L5xx_HAL_Driver/stm32l5xx_hal_gpio.o
 .debug_str     0x001087b0    0xffb2a ./Drivers/STM32L5xx_HAL_Driver/stm32l5xx_hal_gtzc.o
 .debug_str     0x001087b0    0xff7a1 ./Drivers/STM32L5xx_HAL_Driver/stm32l5xx_hal_icache.o
 .debug_str     0x001087b0    0xffb2a ./Drivers/STM32L5xx_HAL_Driver/stm32l5xx_hal_pwr_ex.o
 .debug_str     0x001087b0    0xff9df ./Drivers/STM32L5xx_HAL_Driver/stm32l5xx_hal_rcc.o
 .debug_str     0x001087b0    0xfff35 ./Drivers/STM32L5xx_HAL_Driver/stm32l5xx_hal_rcc_ex.o
 .debug_str     0x001087b0   0x100305 ./Drivers/STM32L5xx_HAL_Driver/stm32l5xx_hal_uart.o
 .debug_str     0x001087b0    0xffa93 ./Drivers/STM32L5xx_HAL_Driver/stm32l5xx_hal_uart_ex.o

.comment        0x00000000       0x43
 .comment       0x00000000       0x43 ./Core/Src/main.o
                                 0x44 (size before relaxing)
 .comment       0x00000043       0x44 ./Core/Src/secure_nsc.o
 .comment       0x00000043       0x44 ./Core/Src/stm32l5xx_hal_msp.o
 .comment       0x00000043       0x44 ./Core/Src/stm32l5xx_it.o
 .comment       0x00000043       0x44 ./Core/Src/system_stm32l5xx_s.o
 .comment       0x00000043       0x44 ./Drivers/STM32L5xx_HAL_Driver/stm32l5xx_hal.o
 .comment       0x00000043       0x44 ./Drivers/STM32L5xx_HAL_Driver/stm32l5xx_hal_cortex.o
 .comment       0x00000043       0x44 ./Drivers/STM32L5xx_HAL_Driver/stm32l5xx_hal_dma.o
 .comment       0x00000043       0x44 ./Drivers/STM32L5xx_HAL_Driver/stm32l5xx_hal_gpio.o
 .comment       0x00000043       0x44 ./Drivers/STM32L5xx_HAL_Driver/stm32l5xx_hal_gtzc.o
 .comment       0x00000043       0x44 ./Drivers/STM32L5xx_HAL_Driver/stm32l5xx_hal_icache.o
 .comment       0x00000043       0x44 ./Drivers/STM32L5xx_HAL_Driver/stm32l5xx_hal_pwr_ex.o
 .comment       0x00000043       0x44 ./Drivers/STM32L5xx_HAL_Driver/stm32l5xx_hal_rcc.o
 .comment       0x00000043       0x44 ./Drivers/STM32L5xx_HAL_Driver/stm32l5xx_hal_rcc_ex.o
 .comment       0x00000043       0x44 ./Drivers/STM32L5xx_HAL_Driver/stm32l5xx_hal_uart.o
 .comment       0x00000043       0x44 ./Drivers/STM32L5xx_HAL_Driver/stm32l5xx_hal_uart_ex.o

.debug_frame    0x00000000     0x32dc
 .debug_frame   0x00000000      0x158 ./Core/Src/main.o
 .debug_frame   0x00000158      0x194 ./Core/Src/secure_nsc.o
 .debug_frame   0x000002ec       0x80 ./Core/Src/stm32l5xx_hal_msp.o
 .debug_frame   0x0000036c      0x164 ./Core/Src/stm32l5xx_it.o
 .debug_frame   0x000004d0       0x90 ./Core/Src/system_stm32l5xx_s.o
 .debug_frame   0x00000560      0x47c ./Drivers/STM32L5xx_HAL_Driver/stm32l5xx_hal.o
 .debug_frame   0x000009dc      0x548 ./Drivers/STM32L5xx_HAL_Driver/stm32l5xx_hal_cortex.o
 .debug_frame   0x00000f24      0x274 ./Drivers/STM32L5xx_HAL_Driver/stm32l5xx_hal_dma.o
 .debug_frame   0x00001198      0x19c ./Drivers/STM32L5xx_HAL_Driver/stm32l5xx_hal_gpio.o
 .debug_frame   0x00001334      0x2e0 ./Drivers/STM32L5xx_HAL_Driver/stm32l5xx_hal_gtzc.o
 .debug_frame   0x00001614      0x268 ./Drivers/STM32L5xx_HAL_Driver/stm32l5xx_hal_icache.o
 .debug_frame   0x0000187c      0x640 ./Drivers/STM32L5xx_HAL_Driver/stm32l5xx_hal_pwr_ex.o
 .debug_frame   0x00001ebc      0x274 ./Drivers/STM32L5xx_HAL_Driver/stm32l5xx_hal_rcc.o
 .debug_frame   0x00002130      0x448 ./Drivers/STM32L5xx_HAL_Driver/stm32l5xx_hal_rcc_ex.o
 .debug_frame   0x00002578      0xa18 ./Drivers/STM32L5xx_HAL_Driver/stm32l5xx_hal_uart.o
 .debug_frame   0x00002f90      0x29c ./Drivers/STM32L5xx_HAL_Driver/stm32l5xx_hal_uart_ex.o
 .debug_frame   0x0000322c       0x20 C:/ST/STM32CubeIDE_2.1.1/STM32CubeIDE/plugins/com.st.stm32cube.ide.mcu.externaltools.gnu-tools-for-stm32.14.3.rel1.win32_1.0.100.202602081740/tools/bin/../lib/gcc/arm-none-eabi/14.3.1/../../../../arm-none-eabi/lib/thumb/v8-m.main+fp/hard\libc_nano.a(libc_a-memset.o)
 .debug_frame   0x0000324c       0x2c C:/ST/STM32CubeIDE_2.1.1/STM32CubeIDE/plugins/com.st.stm32cube.ide.mcu.externaltools.gnu-tools-for-stm32.14.3.rel1.win32_1.0.100.202602081740/tools/bin/../lib/gcc/arm-none-eabi/14.3.1/../../../../arm-none-eabi/lib/thumb/v8-m.main+fp/hard\libc_nano.a(libc_a-init.o)
 .debug_frame   0x00003278       0x2c C:/ST/STM32CubeIDE_2.1.1/STM32CubeIDE/plugins/com.st.stm32cube.ide.mcu.externaltools.gnu-tools-for-stm32.14.3.rel1.win32_1.0.100.202602081740/tools/bin/../lib/gcc/arm-none-eabi/14.3.1/thumb/v8-m.main+fp/hard\libgcc.a(_aeabi_uldivmod.o)
 .debug_frame   0x000032a4       0x38 C:/ST/STM32CubeIDE_2.1.1/STM32CubeIDE/plugins/com.st.stm32cube.ide.mcu.externaltools.gnu-tools-for-stm32.14.3.rel1.win32_1.0.100.202602081740/tools/bin/../lib/gcc/arm-none-eabi/14.3.1/thumb/v8-m.main+fp/hard\libgcc.a(_udivmoddi4.o)

.debug_line_str
                0x00000000       0x6d
 .debug_line_str
                0x00000000       0x6d ./Core/Startup/startup_stm32l562qeixq.o
