../Core/Src/main.c:168:5:main	1
../Core/Src/main.c:246:13:NonSecure_Init	1
../Core/Src/main.c:266:6:SystemClock_Config	4
../Core/Src/main.c:317:13:MX_GTZC_S_Init	5
../Core/Src/main.c:408:13:MX_ICACHE_Init	3
../Core/Src/main.c:440:13:MX_USART1_UART_Init	5
../Core/Src/main.c:490:13:MX_DMA_Init	11
../Core/Src/main.c:590:13:MX_GPIO_Init	1
../Core/Src/main.c:639:6:HAL_OSPI_MspInit	3
../Core/Src/main.c:693:13:MX_OCTOSPI1_Init	2
../Core/Src/main.c:719:13:OSPI_WriteEnable	4
../Core/Src/main.c:769:13:OSPI_AutoPollingMemReady	3
../Core/Src/main.c:810:13:OSPI_OctalModeCfg	13
../Core/Src/main.c:926:13:OSPI_SendCommandNoData	2
../Core/Src/main.c:958:13:OSPI_ResetFlash	1
../Core/Src/main.c:985:13:OSPI_Init	1
../Core/Src/main.c:998:13:OSPI_EnableMemoryMapped	5
../Core/Src/main.c:1054:13:OSPI_XIP_SelfTest	6
../Core/Src/main.c:1120:1:__io_putchar	1
../Core/Src/main.c:1137:6:Error_Handler	1
