../Core/Src/main.c:168:5:main	1
../Core/Src/main.c:246:13:NonSecure_Init	1
../Core/Src/main.c:266:6:SystemClock_Config	4
../Core/Src/main.c:317:13:MX_GTZC_S_Init	5
../Core/Src/main.c:408:13:MX_ICACHE_Init	3
../Core/Src/main.c:440:13:MX_USART1_UART_Init	5
../Core/Src/main.c:490:13:MX_DMA_Init	11
../Core/Src/main.c:590:13:MX_GPIO_Init	1
../Core/Src/main.c:622:6:HAL_OSPI_MspInit	3
../Core/Src/main.c:676:13:MX_OCTOSPI1_Init	2
../Core/Src/main.c:702:13:OSPI_WriteEnable	4
../Core/Src/main.c:752:13:OSPI_AutoPollingMemReady	3
../Core/Src/main.c:793:13:OSPI_OctalModeCfg	13
../Core/Src/main.c:909:13:OSPI_SendCommandNoData	2
../Core/Src/main.c:941:13:OSPI_ResetFlash	1
../Core/Src/main.c:968:13:OSPI_Init	1
../Core/Src/main.c:981:13:OSPI_EnableMemoryMapped	5
../Core/Src/main.c:1037:13:OSPI_XIP_SelfTest	6
../Core/Src/main.c:1103:1:__io_putchar	1
../Core/Src/main.c:1120:6:Error_Handler	1
