../Core/Src/main.c:168:5:main	8	static
../Core/Src/main.c:246:13:NonSecure_Init	24	static,ignoring_inline_asm
../Core/Src/main.c:266:6:SystemClock_Config	104	static
../Core/Src/main.c:317:13:MX_GTZC_S_Init	136	static
../Core/Src/main.c:408:13:MX_ICACHE_Init	8	static
../Core/Src/main.c:440:13:MX_USART1_UART_Init	8	static
../Core/Src/main.c:490:13:MX_DMA_Init	16	static
../Core/Src/main.c:590:13:MX_GPIO_Init	24	static
../Core/Src/main.c:622:6:HAL_OSPI_MspInit	200	static
../Core/Src/main.c:676:13:MX_OCTOSPI1_Init	8	static
../Core/Src/main.c:702:13:OSPI_WriteEnable	120	static
../Core/Src/main.c:752:13:OSPI_AutoPollingMemReady	120	static
../Core/Src/main.c:793:13:OSPI_OctalModeCfg	120	static
../Core/Src/main.c:909:13:OSPI_SendCommandNoData	104	static
../Core/Src/main.c:941:13:OSPI_ResetFlash	24	static
../Core/Src/main.c:968:13:OSPI_Init	8	static
../Core/Src/main.c:981:13:OSPI_EnableMemoryMapped	104	static
../Core/Src/main.c:1037:13:OSPI_XIP_SelfTest	144	static
../Core/Src/main.c:1103:1:__io_putchar	16	static
../Core/Src/main.c:1120:6:Error_Handler	4	static,ignoring_inline_asm
