../Core/Src/main.c:168:5:main	8	static
../Core/Src/main.c:246:13:NonSecure_Init	24	static,ignoring_inline_asm
../Core/Src/main.c:266:6:SystemClock_Config	104	static
../Core/Src/main.c:317:13:MX_GTZC_S_Init	136	static
../Core/Src/main.c:408:13:MX_ICACHE_Init	8	static
../Core/Src/main.c:440:13:MX_USART1_UART_Init	8	static
../Core/Src/main.c:490:13:MX_DMA_Init	16	static
../Core/Src/main.c:590:13:MX_GPIO_Init	40	static
../Core/Src/main.c:639:6:HAL_OSPI_MspInit	200	static
../Core/Src/main.c:693:13:MX_OCTOSPI1_Init	8	static
../Core/Src/main.c:719:13:OSPI_WriteEnable	120	static
../Core/Src/main.c:769:13:OSPI_AutoPollingMemReady	120	static
../Core/Src/main.c:810:13:OSPI_OctalModeCfg	120	static
../Core/Src/main.c:926:13:OSPI_SendCommandNoData	104	static
../Core/Src/main.c:958:13:OSPI_ResetFlash	24	static
../Core/Src/main.c:985:13:OSPI_Init	8	static
../Core/Src/main.c:998:13:OSPI_EnableMemoryMapped	104	static
../Core/Src/main.c:1054:13:OSPI_XIP_SelfTest	144	static
../Core/Src/main.c:1120:1:__io_putchar	16	static
../Core/Src/main.c:1137:6:Error_Handler	4	static,ignoring_inline_asm
