../Core/Src/main.c:145:5:main	240	static
../Core/Src/main.c:423:6:SystemClock_Config	104	static
../Core/Src/main.c:477:13:MX_GPIO_Init	16	static
../Core/Src/main.c:531:13:NonSecureSecureTransferCompleteCallback	16	static
../Core/Src/main.c:543:13:NonSecureNonSecureTransferCompleteCallback	16	static
../Core/Src/main.c:556:13:MX_SPI3_Init	8	static
../Core/Src/main.c:583:13:Workload_GPIO_Init	40	static
../Core/Src/main.c:607:13:Tele_BuildFrame	24	static
../Core/Src/main.c:698:13:Uart3_Init	40	static
../Core/Src/main.c:724:13:Uart3_Write	24	static
../Core/Src/main.c:740:13:Uart3_Poll	136	static
../Core/Src/main.c:800:6:Error_Handler	4	static,ignoring_inline_asm
