../Core/Src/main.c:145:5:main	6
../Core/Src/main.c:423:6:SystemClock_Config	4
../Core/Src/main.c:477:13:MX_GPIO_Init	1
../Core/Src/main.c:531:13:NonSecureSecureTransferCompleteCallback	1
../Core/Src/main.c:543:13:NonSecureNonSecureTransferCompleteCallback	1
../Core/Src/main.c:556:13:MX_SPI3_Init	2
../Core/Src/main.c:583:13:Workload_GPIO_Init	1
../Core/Src/main.c:607:13:Tele_BuildFrame	1
../Core/Src/main.c:698:13:Uart3_Init	1
../Core/Src/main.c:724:13:Uart3_Write	4
../Core/Src/main.c:740:13:Uart3_Poll	11
../Core/Src/main.c:800:6:Error_Handler	1
