../Core/Src/main.c:112:5:main	216	static
../Core/Src/main.c:292:6:SystemClock_Config	104	static
../Core/Src/main.c:346:13:MX_GPIO_Init	16	static
../Core/Src/main.c:400:13:NonSecureSecureTransferCompleteCallback	16	static
../Core/Src/main.c:412:13:NonSecureNonSecureTransferCompleteCallback	16	static
../Core/Src/main.c:425:13:MX_SPI3_Init	8	static
../Core/Src/main.c:452:13:Workload_GPIO_Init	40	static
../Core/Src/main.c:476:13:Tele_BuildFrame	24	static
../Core/Src/main.c:496:6:Error_Handler	4	static,ignoring_inline_asm
